To honour the JVM settings for this build a single-use Daemon process will be forked. For more on this, please refer to https://docs.gradle.org/9.5.0/userguide/gradle_daemon.html#sec:disabling_the_daemon in the Gradle documentation.
Daemon will be stopped at the end of the build 
> Task :app:preBuild UP-TO-DATE
> Task :app:preDebugBuild UP-TO-DATE
> Task :app:generateDebugBuildConfig UP-TO-DATE
> Task :app:protobufDummy UP-TO-DATE
> Task :app:extractDebugProto UP-TO-DATE
> Task :app:extractIncludeDebugProto UP-TO-DATE
> Task :app:extractProto UP-TO-DATE
> Task :app:generateDebugProto UP-TO-DATE
> Task :app:generateDebugResources UP-TO-DATE
> Task :app:packageDebugResources UP-TO-DATE
> Task :app:processDebugNavigationResources UP-TO-DATE
> Task :app:parseDebugLocalResources UP-TO-DATE
> Task :app:generateDebugRFile UP-TO-DATE
> Task :app:javaPreCompileDebug UP-TO-DATE
> Task :app:checkDebugAarMetadata UP-TO-DATE
> Task :app:mapDebugSourceSetPaths UP-TO-DATE
> Task :app:compileDebugNavigationResources UP-TO-DATE
> Task :app:mergeDebugResources UP-TO-DATE
> Task :app:createDebugCompatibleScreenManifests UP-TO-DATE
> Task :app:extractDeepLinksDebug UP-TO-DATE
> Task :app:processDebugMainManifest UP-TO-DATE
> Task :app:processDebugManifest UP-TO-DATE
> Task :app:processDebugManifestForPackage UP-TO-DATE
> Task :app:processDebugResources UP-TO-DATE
> Task :app:extractTestProto UP-TO-DATE
> Task :app:preDebugUnitTestBuild UP-TO-DATE
> Task :app:javaPreCompileDebugUnitTest UP-TO-DATE
> Task :app:generateDebugAssets UP-TO-DATE
> Task :app:mergeDebugAssets UP-TO-DATE
> Task :app:packageDebugUnitTestForUnitTest UP-TO-DATE
> Task :app:processDebugUnitTestManifest UP-TO-DATE
> Task :app:generateDebugUnitTestConfig UP-TO-DATE
> Task :app:kspDebugKotlin

> Task :app:compileDebugKotlin
e: org.jetbrains.kotlin.util.FileAnalysisException: While analysing C:/Users/lauri/git/MyHealthStatus/app/src/main/java/com/gregor/lauritz/healthdashboard/ui/dashboard/DashboardViewModel.kt:45:9: java.io.FileNotFoundException: C:\Users\lauri\git\MyHealthStatus\app\build\intermediates\built_in_kotlinc\debug\compileDebugKotlin\classes\com\gregor\lauritz\healthdashboard\data\preferences\CardConfigurationRepository.class (The system cannot find the file specified)
	at org.jetbrains.kotlin.util.AnalysisExceptionsKt.wrapIntoFileAnalysisExceptionIfNeeded(AnalysisExceptions.kt:57)
	at org.jetbrains.kotlin.fir.FirCliExceptionHandler.handleExceptionOnFileAnalysis(Utils.kt:270)
	at org.jetbrains.kotlin.fir.resolve.transformers.FirAbstractPhaseTransformer.transformFile(FirAbstractPhaseTransformer.kt:43)
	at org.jetbrains.kotlin.fir.resolve.transformers.FirTypeResolveTransformer.access$transformFile$s2121775402(FirTypeResolveTransformer.kt:73)
	at org.jetbrains.kotlin.fir.resolve.transformers.FirTypeResolveTransformer.transformFile(FirTypeResolveTransformer.kt:119)
	at org.jetbrains.kotlin.fir.declarations.FirFile.transform(FirFile.kt:47)
	at org.jetbrains.kotlin.fir.resolve.transformers.FirTransformerBasedResolveProcessor.processFile(FirResolveProcessor.kt:53)
	at org.jetbrains.kotlin.fir.resolve.transformers.FirTotalResolveProcessor.process(FirTotalResolveProcessor.kt:39)
	at org.jetbrains.kotlin.fir.pipeline.AnalyseKt.runResolution(analyse.kt:24)
	at org.jetbrains.kotlin.fir.pipeline.FirUtilsKt.resolveAndCheckFir(firUtils.kt:78)
	at org.jetbrains.kotlin.cli.pipeline.jvm.JvmFrontendPipelinePhase.executePhase(JvmFrontendPipelinePhase.kt:173)
	at org.jetbrains.kotlin.cli.pipeline.jvm.JvmFrontendPipelinePhase.executePhase(JvmFrontendPipelinePhase.kt:55)
	at org.jetbrains.kotlin.cli.pipeline.PipelinePhase.phaseBody(PipelinePhase.kt:68)
	at org.jetbrains.kotlin.cli.pipeline.PipelinePhase.phaseBody(PipelinePhase.kt:58)
	at org.jetbrains.kotlin.config.phaser.NamedCompilerPhase.invoke(CompilerPhase.kt:102)
	at org.jetbrains.kotlin.backend.common.phaser.CompositePhase.invoke(PhaseBuilders.kt:22)
	at org.jetbrains.kotlin.config.phaser.CompilerPhaseKt.invokeToplevel(CompilerPhase.kt:53)
	at org.jetbrains.kotlin.cli.pipeline.AbstractCliPipeline.runPhasedPipeline(AbstractCliPipeline.kt:109)
	at org.jetbrains.kotlin.cli.pipeline.AbstractCliPipeline.execute(AbstractCliPipeline.kt:68)
	at org.jetbrains.kotlin.cli.jvm.K2JVMCompiler.doExecutePhased(K2JVMCompiler.kt:51)
	at org.jetbrains.kotlin.cli.jvm.K2JVMCompiler.doExecutePhased(K2JVMCompiler.kt:42)
	at org.jetbrains.kotlin.cli.common.CLICompiler.execImpl(CLICompiler.kt:91)
	at org.jetbrains.kotlin.cli.common.CLICompiler.exec(CLICompiler.kt:363)
	at org.jetbrains.kotlin.incremental.IncrementalJvmCompilerRunnerBase.runCompiler(IncrementalJvmCompilerRunnerBase.kt:210)
	at org.jetbrains.kotlin.incremental.IncrementalJvmCompilerRunnerBase.runCompiler(IncrementalJvmCompilerRunnerBase.kt:52)
	at org.jetbrains.kotlin.incremental.IncrementalCompilerRunner.doCompile(IncrementalCompilerRunner.kt:510)
	at org.jetbrains.kotlin.incremental.IncrementalCompilerRunner.compileImpl(IncrementalCompilerRunner.kt:422)
	at org.jetbrains.kotlin.incremental.IncrementalCompilerRunner.tryCompileIncrementally$lambda$0$compile(IncrementalCompilerRunner.kt:252)
	at org.jetbrains.kotlin.incremental.IncrementalCompilerRunner.tryCompileIncrementally(IncrementalCompilerRunner.kt:270)
	at org.jetbrains.kotlin.incremental.IncrementalCompilerRunner.compile(IncrementalCompilerRunner.kt:122)
	at org.jetbrains.kotlin.daemon.CompileServiceImplBase.execIncrementalCompiler(CompileServiceImpl.kt:764)
	at org.jetbrains.kotlin.daemon.CompileServiceImplBase.access$execIncrementalCompiler(CompileServiceImpl.kt:107)
	at org.jetbrains.kotlin.daemon.CompileServiceImpl.compile(CompileServiceImpl.kt:2026)
	at java.base/jdk.internal.reflect.DirectMethodHandleAccessor.invoke(Unknown Source)
	at java.base/java.lang.reflect.Method.invoke(Unknown Source)
	at java.rmi/sun.rmi.server.UnicastServerRef.dispatch(Unknown Source)
	at java.rmi/sun.rmi.transport.Transport$1.run(Unknown Source)
	at java.rmi/sun.rmi.transport.Transport$1.run(Unknown Source)
	at java.base/java.security.AccessController.doPrivileged(Unknown Source)
	at java.rmi/sun.rmi.transport.Transport.serviceCall(Unknown Source)
	at java.rmi/sun.rmi.transport.tcp.TCPTransport.handleMessages(Unknown Source)
	at java.rmi/sun.rmi.transport.tcp.TCPTransport$ConnectionHandler.run0(Unknown Source)
	at java.rmi/sun.rmi.transport.tcp.TCPTransport$ConnectionHandler.lambda$run$0(Unknown Source)
	at java.base/java.security.AccessController.doPrivileged(Unknown Source)
	at java.rmi/sun.rmi.transport.tcp.TCPTransport$ConnectionHandler.run(Unknown Source)
	at java.base/java.util.concurrent.ThreadPoolExecutor.runWorker(Unknown Source)
	at java.base/java.util.concurrent.ThreadPoolExecutor$Worker.run(Unknown Source)
	at java.base/java.lang.Thread.run(Unknown Source)
Caused by: java.io.FileNotFoundException: C:\Users\lauri\git\MyHealthStatus\app\build\intermediates\built_in_kotlinc\debug\compileDebugKotlin\classes\com\gregor\lauritz\healthdashboard\data\preferences\CardConfigurationRepository.class (The system cannot find the file specified)
	at java.base/java.io.FileInputStream.open0(Native Method)
	at java.base/java.io.FileInputStream.open(Unknown Source)
	at java.base/java.io.FileInputStream.<init>(Unknown Source)
	at org.jetbrains.kotlin.com.intellij.openapi.util.io.FileUtil.loadFileBytes(FileUtil.java:188)
	at org.jetbrains.kotlin.cli.common.localfs.KotlinLocalVirtualFile.contentsToByteArray(KotlinLocalVirtualFile.kt:108)
	at org.jetbrains.kotlin.cli.jvm.compiler.KotlinCliJavaFileManagerImpl.findClass(KotlinCliJavaFileManagerImpl.kt:149)
	at org.jetbrains.kotlin.resolve.jvm.KotlinJavaPsiFacade$CliFinder.findClass(KotlinJavaPsiFacade.java:538)
	at org.jetbrains.kotlin.resolve.jvm.KotlinJavaPsiFacade.findClass(KotlinJavaPsiFacade.java:181)
	at org.jetbrains.kotlin.load.java.JavaClassFinderImpl.findClass(JavaClassFinderImpl.kt:49)
	at org.jetbrains.kotlin.fir.java.FirJavaFacade.findClass(FirJavaFacade.kt:74)
	at org.jetbrains.kotlin.fir.java.deserialization.JvmClassFileBasedSymbolProvider.extractClassMetadata(JvmClassFileBasedSymbolProvider.kt:179)
	at org.jetbrains.kotlin.fir.deserialization.AbstractFirDeserializedSymbolProvider.findAndDeserializeClass(AbstractFirDeserializedSymbolProvider.kt:255)
	at org.jetbrains.kotlin.fir.deserialization.AbstractFirDeserializedSymbolProvider.classCache$lambda$0(AbstractFirDeserializedSymbolProvider.kt:162)
	at org.jetbrains.kotlin.fir.caches.FirThreadUnsafeCacheWithPostCompute.getValue(FirThreadUnsafeCachesFactory.kt:74)
	at org.jetbrains.kotlin.fir.deserialization.AbstractFirDeserializedSymbolProvider.getClass(AbstractFirDeserializedSymbolProvider.kt:342)
	at org.jetbrains.kotlin.fir.deserialization.AbstractFirDeserializedSymbolProvider.getClass$default(AbstractFirDeserializedSymbolProvider.kt:325)
	at org.jetbrains.kotlin.fir.deserialization.AbstractFirDeserializedSymbolProvider.getClassLikeSymbolByClassId(AbstractFirDeserializedSymbolProvider.kt:419)
	at org.jetbrains.kotlin.fir.resolve.providers.impl.FirCachingCompositeSymbolProvider.computeClass(FirCachingCompositeSymbolProvider.kt:147)
	at org.jetbrains.kotlin.fir.resolve.providers.impl.FirCachingCompositeSymbolProvider.access$computeClass(FirCachingCompositeSymbolProvider.kt:27)
	at org.jetbrains.kotlin.fir.resolve.providers.impl.FirCachingCompositeSymbolProvider$special$$inlined$createCache$1.invoke(FirCachesFactory.kt:157)
	at org.jetbrains.kotlin.fir.resolve.providers.impl.FirCachingCompositeSymbolProvider$special$$inlined$createCache$1.invoke(FirCachesFactory.kt:141)
	at org.jetbrains.kotlin.fir.caches.FirThreadUnsafeCache.getValue(FirThreadUnsafeCachesFactory.kt:53)
	at org.jetbrains.kotlin.fir.resolve.providers.impl.FirCachingCompositeSymbolProvider.getClassLikeSymbolByClassId(FirCachingCompositeSymbolProvider.kt:174)
	at org.jetbrains.kotlin.fir.scopes.impl.FirAbstractImportingScope.processClassifiersFromImportsByName(FirAbstractImportingScope.kt:54)
	at org.jetbrains.kotlin.fir.scopes.impl.FirAbstractSimpleImportingScope.processClassifiersByNameWithSubstitution(FirAbstractSimpleImportingScope.kt:32)
	at org.jetbrains.kotlin.fir.resolve.providers.impl.FirTypeResolverImpl.resolveUserTypeToSymbol(FirTypeResolverImpl.kt:116)
	at org.jetbrains.kotlin.fir.resolve.providers.impl.FirTypeResolverImpl.resolveType(FirTypeResolverImpl.kt:392)
	at org.jetbrains.kotlin.fir.resolve.transformers.FirSpecificTypeResolverTransformer.resolveType(FirSpecificTypeResolverTransformer.kt:116)
	at org.jetbrains.kotlin.fir.resolve.transformers.FirSpecificTypeResolverTransformer.transformTypeRef(FirSpecificTypeResolverTransformer.kt:77)
	at org.jetbrains.kotlin.fir.resolve.transformers.FirSpecificTypeResolverTransformer.transformTypeRef(FirSpecificTypeResolverTransformer.kt:35)
	at org.jetbrains.kotlin.fir.visitors.FirDefaultTransformer.transformUnresolvedTypeRef(FirDefaultTransformer.kt:31)
	at org.jetbrains.kotlin.fir.visitors.FirDefaultTransformer.transformUserTypeRef(FirDefaultTransformer.kt:43)
	at org.jetbrains.kotlin.fir.types.FirUserTypeRef.transform(FirUserTypeRef.kt:32)
	at org.jetbrains.kotlin.fir.resolve.transformers.FirTypeResolveTransformer.transformTypeRef(FirTypeResolveTransformer.kt:366)
	at org.jetbrains.kotlin.fir.resolve.transformers.FirTypeResolveTransformer.transformTypeRef(FirTypeResolveTransformer.kt:73)
	at org.jetbrains.kotlin.fir.visitors.FirDefaultTransformer.transformUnresolvedTypeRef(FirDefaultTransformer.kt:31)
	at org.jetbrains.kotlin.fir.visitors.FirDefaultTransformer.transformUserTypeRef(FirDefaultTransformer.kt:43)
	at org.jetbrains.kotlin.fir.types.FirUserTypeRef.transform(FirUserTypeRef.kt:32)
	at org.jetbrains.kotlin.fir.declarations.impl.FirValueParameterImpl.transformReturnTypeRef(FirValueParameterImpl.kt:112)
	at org.jetbrains.kotlin.fir.declarations.impl.FirValueParameterImpl.transformReturnTypeRef(FirValueParameterImpl.kt:32)
	at org.jetbrains.kotlin.fir.resolve.transformers.FirTypeResolveTransformer.transformValueParameter(FirTypeResolveTransformer.kt:377)
	at org.jetbrains.kotlin.fir.declarations.FirValueParameter.transform(FirValueParameter.kt:66)
	at org.jetbrains.kotlin.fir.visitors.FirTransformerUtilKt.transformInplace(FirTransformerUtil.kt:20)
	at org.jetbrains.kotlin.fir.declarations.impl.FirPrimaryConstructor.transformValueParameters(FirPrimaryConstructor.kt:121)
	at org.jetbrains.kotlin.fir.declarations.impl.FirPrimaryConstructor.transformChildren(FirPrimaryConstructor.kt:87)
	at org.jetbrains.kotlin.fir.declarations.impl.FirPrimaryConstructor.transformChildren(FirPrimaryConstructor.kt:32)
	at org.jetbrains.kotlin.fir.resolve.transformers.FirAbstractTreeTransformer.transformElement(FirAbstractTreeTransformer.kt:14)
	at org.jetbrains.kotlin.fir.visitors.FirTransformer.transformDeclaration(FirTransformer.kt:95)
	at org.jetbrains.kotlin.fir.resolve.transformers.FirTypeResolveTransformer.transformConstructor(FirTypeResolveTransformer.kt:188)
	at org.jetbrains.kotlin.fir.resolve.transformers.FirTypeResolveTransformer.transformConstructor(FirTypeResolveTransformer.kt:73)
	at org.jetbrains.kotlin.fir.declarations.FirConstructor.transform(FirConstructor.kt:76)
	at org.jetbrains.kotlin.fir.visitors.FirTransformerUtilKt.transformInplace(FirTransformerUtil.kt:20)
	at org.jetbrains.kotlin.fir.declarations.impl.FirRegularClassImpl.transformDeclarations(FirRegularClassImpl.kt:97)
	at org.jetbrains.kotlin.fir.declarations.impl.FirRegularClassImpl.transformChildren(FirRegularClassImpl.kt:79)
	at org.jetbrains.kotlin.fir.declarations.impl.FirRegularClassImpl.transformChildren(FirRegularClassImpl.kt:31)
	at org.jetbrains.kotlin.fir.resolve.transformers.FirAbstractTreeTransformer.transformElement(FirAbstractTreeTransformer.kt:14)
	at org.jetbrains.kotlin.fir.resolve.transformers.FirTypeResolveTransformer.resolveClassContent(FirTypeResolveTransformer.kt:492)
	at org.jetbrains.kotlin.fir.resolve.transformers.FirTypeResolveTransformer.transformRegularClass(FirTypeResolveTransformer.kt:156)
	at org.jetbrains.kotlin.fir.declarations.FirRegularClass.transform(FirRegularClass.kt:70)
	at org.jetbrains.kotlin.fir.visitors.FirTransformerUtilKt.transformInplace(FirTransformerUtil.kt:20)
	at org.jetbrains.kotlin.fir.declarations.impl.FirFileImpl.transformDeclarations(FirFileImpl.kt:83)
	at org.jetbrains.kotlin.fir.declarations.impl.FirFileImpl.transformChildren(FirFileImpl.kt:68)
	at org.jetbrains.kotlin.fir.declarations.impl.FirFileImpl.transformChildren(FirFileImpl.kt:29)
	at org.jetbrains.kotlin.fir.resolve.transformers.FirAbstractTreeTransformer.transformElement(FirAbstractTreeTransformer.kt:14)
	at org.jetbrains.kotlin.fir.visitors.FirTransformer.transformFile(FirTransformer.kt:695)
	at org.jetbrains.kotlin.fir.resolve.transformers.FirAbstractPhaseTransformer.transformFile(FirAbstractPhaseTransformer.kt:29)
	... 45 more

java.lang.RuntimeException: org.jetbrains.kotlin.util.FileAnalysisException: While analysing C:/Users/lauri/git/MyHealthStatus/app/src/main/java/com/gregor/lauritz/healthdashboard/ui/dashboard/DashboardViewModel.kt:45:9: java.io.FileNotFoundException: C:\Users\lauri\git\MyHealthStatus\app\build\intermediates\built_in_kotlinc\debug\compileDebugKotlin\classes\com\gregor\lauritz\healthdashboard\data\preferences\CardConfigurationRepository.class (The system cannot find the file specified)
	at org.jetbrains.kotlin.util.AnalysisExceptionsKt.wrapIntoFileAnalysisExceptionIfNeeded(AnalysisExceptions.kt:57)
	at org.jetbrains.kotlin.fir.FirCliExceptionHandler.handleExceptionOnFileAnalysis(Utils.kt:270)
	at org.jetbrains.kotlin.fir.resolve.transformers.FirAbstractPhaseTransformer.transformFile(FirAbstractPhaseTransformer.kt:43)
	at org.jetbrains.kotlin.fir.resolve.transformers.FirTypeResolveTransformer.access$transformFile$s2121775402(FirTypeResolveTransformer.kt:73)
	at org.jetbrains.kotlin.fir.resolve.transformers.FirTypeResolveTransformer.transformFile(FirTypeResolveTransformer.kt:119)
	at org.jetbrains.kotlin.fir.declarations.FirFile.transform(FirFile.kt:47)
	at org.jetbrains.kotlin.fir.resolve.transformers.FirTransformerBasedResolveProcessor.processFile(FirResolveProcessor.kt:53)
	at org.jetbrains.kotlin.fir.resolve.transformers.FirTotalResolveProcessor.process(FirTotalResolveProcessor.kt:39)
	at org.jetbrains.kotlin.fir.pipeline.AnalyseKt.runResolution(analyse.kt:24)
	at org.jetbrains.kotlin.fir.pipeline.FirUtilsKt.resolveAndCheckFir(firUtils.kt:78)
	at org.jetbrains.kotlin.cli.pipeline.jvm.JvmFrontendPipelinePhase.executePhase(JvmFrontendPipelinePhase.kt:173)
	at org.jetbrains.kotlin.cli.pipeline.jvm.JvmFrontendPipelinePhase.executePhase(JvmFrontendPipelinePhase.kt:55)
	at org.jetbrains.kotlin.cli.pipeline.PipelinePhase.phaseBody(PipelinePhase.kt:68)
	at org.jetbrains.kotlin.cli.pipeline.PipelinePhase.phaseBody(PipelinePhase.kt:58)
	at org.jetbrains.kotlin.config.phaser.NamedCompilerPhase.invoke(CompilerPhase.kt:102)
	at org.jetbrains.kotlin.backend.common.phaser.CompositePhase.invoke(PhaseBuilders.kt:22)
	at org.jetbrains.kotlin.config.phaser.CompilerPhaseKt.invokeToplevel(CompilerPhase.kt:53)
	at org.jetbrains.kotlin.cli.pipeline.AbstractCliPipeline.runPhasedPipeline(AbstractCliPipeline.kt:109)
	at org.jetbrains.kotlin.cli.pipeline.AbstractCliPipeline.execute(AbstractCliPipeline.kt:68)
	at org.jetbrains.kotlin.cli.jvm.K2JVMCompiler.doExecutePhased(K2JVMCompiler.kt:51)
	at org.jetbrains.kotlin.cli.jvm.K2JVMCompiler.doExecutePhased(K2JVMCompiler.kt:42)
	at org.jetbrains.kotlin.cli.common.CLICompiler.execImpl(CLICompiler.kt:91)
	at org.jetbrains.kotlin.cli.common.CLICompiler.exec(CLICompiler.kt:363)
	at org.jetbrains.kotlin.incremental.IncrementalJvmCompilerRunnerBase.runCompiler(IncrementalJvmCompilerRunnerBase.kt:210)
	at org.jetbrains.kotlin.incremental.IncrementalJvmCompilerRunnerBase.runCompiler(IncrementalJvmCompilerRunnerBase.kt:52)
	at org.jetbrains.kotlin.incremental.IncrementalCompilerRunner.doCompile(IncrementalCompilerRunner.kt:510)
	at org.jetbrains.kotlin.incremental.IncrementalCompilerRunner.compileImpl(IncrementalCompilerRunner.kt:422)
	at org.jetbrains.kotlin.incremental.IncrementalCompilerRunner.tryCompileIncrementally$lambda$0$compile(IncrementalCompilerRunner.kt:252)
	at org.jetbrains.kotlin.incremental.IncrementalCompilerRunner.tryCompileIncrementally(IncrementalCompilerRunner.kt:270)
	at org.jetbrains.kotlin.incremental.IncrementalCompilerRunner.compile(IncrementalCompilerRunner.kt:122)
	at org.jetbrains.kotlin.daemon.CompileServiceImplBase.execIncrementalCompiler(CompileServiceImpl.kt:764)
	at org.jetbrains.kotlin.daemon.CompileServiceImplBase.access$execIncrementalCompiler(CompileServiceImpl.kt:107)
	at org.jetbrains.kotlin.daemon.CompileServiceImpl.compile(CompileServiceImpl.kt:2026)
	at java.base/jdk.internal.reflect.DirectMethodHandleAccessor.invoke(Unknown Source)
	at java.base/java.lang.reflect.Method.invoke(Unknown Source)
	at java.rmi/sun.rmi.server.UnicastServerRef.dispatch(Unknown Source)
	at java.rmi/sun.rmi.transport.Transport$1.run(Unknown Source)
	at java.rmi/sun.rmi.transport.Transport$1.run(Unknown Source)
	at java.base/java.security.AccessController.doPrivileged(Unknown Source)
	at java.rmi/sun.rmi.transport.Transport.serviceCall(Unknown Source)
	at java.rmi/sun.rmi.transport.tcp.TCPTransport.handleMessages(Unknown Source)
	at java.rmi/sun.rmi.transport.tcp.TCPTransport$ConnectionHandler.run0(Unknown Source)
	at java.rmi/sun.rmi.transport.tcp.TCPTransport$ConnectionHandler.lambda$run$0(Unknown Source)
	at java.base/java.security.AccessController.doPrivileged(Unknown Source)
	at java.rmi/sun.rmi.transport.tcp.TCPTransport$ConnectionHandler.run(Unknown Source)
	at java.base/java.util.concurrent.ThreadPoolExecutor.runWorker(Unknown Source)
	at java.base/java.util.concurrent.ThreadPoolExecutor$Worker.run(Unknown Source)
	at java.base/java.lang.Thread.run(Unknown Source)
Caused by: java.io.FileNotFoundException: C:\Users\lauri\git\MyHealthStatus\app\build\intermediates\built_in_kotlinc\debug\compileDebugKotlin\classes\com\gregor\lauritz\healthdashboard\data\preferences\CardConfigurationRepository.class (The system cannot find the file specified)
	at java.base/java.io.FileInputStream.open0(Native Method)
	at java.base/java.io.FileInputStream.open(Unknown Source)
	at java.base/java.io.FileInputStream.<init>(Unknown Source)
	at org.jetbrains.kotlin.com.intellij.openapi.util.io.FileUtil.loadFileBytes(FileUtil.java:188)
	at org.jetbrains.kotlin.cli.common.localfs.KotlinLocalVirtualFile.contentsToByteArray(KotlinLocalVirtualFile.kt:108)
	at org.jetbrains.kotlin.cli.jvm.compiler.KotlinCliJavaFileManagerImpl.findClass(KotlinCliJavaFileManagerImpl.kt:149)
	at org.jetbrains.kotlin.resolve.jvm.KotlinJavaPsiFacade$CliFinder.findClass(KotlinJavaPsiFacade.java:538)
	at org.jetbrains.kotlin.resolve.jvm.KotlinJavaPsiFacade.findClass(KotlinJavaPsiFacade.java:181)
	at org.jetbrains.kotlin.load.java.JavaClassFinderImpl.findClass(JavaClassFinderImpl.kt:49)
	at org.jetbrains.kotlin.fir.java.FirJavaFacade.findClass(FirJavaFacade.kt:74)
	at org.jetbrains.kotlin.fir.java.deserialization.JvmClassFileBasedSymbolProvider.extractClassMetadata(JvmClassFileBasedSymbolProvider.kt:179)
	at org.jetbrains.kotlin.fir.deserialization.AbstractFirDeserializedSymbolProvider.findAndDeserializeClass(AbstractFirDeserializedSymbolProvider.kt:255)
	at org.jetbrains.kotlin.fir.deserialization.AbstractFirDeserializedSymbolProvider.classCache$lambda$0(AbstractFirDeserializedSymbolProvider.kt:162)
	at org.jetbrains.kotlin.fir.caches.FirThreadUnsafeCacheWithPostCompute.getValue(FirThreadUnsafeCachesFactory.kt:74)
	at org.jetbrains.kotlin.fir.deserialization.AbstractFirDeserializedSymbolProvider.getClass(AbstractFirDeserializedSymbolProvider.kt:342)
	at org.jetbrains.kotlin.fir.deserialization.AbstractFirDeserializedSymbolProvider.getClass$default(AbstractFirDeserializedSymbolProvider.kt:325)
	at org.jetbrains.kotlin.fir.deserialization.AbstractFirDeserializedSymbolProvider.getClassLikeSymbolByClassId(AbstractFirDeserializedSymbolProvider.kt:419)
	at org.jetbrains.kotlin.fir.resolve.providers.impl.FirCachingCompositeSymbolProvider.computeClass(FirCachingCompositeSymbolProvider.kt:147)
	at org.jetbrains.kotlin.fir.resolve.providers.impl.FirCachingCompositeSymbolProvider.access$computeClass(FirCachingCompositeSymbolProvider.kt:27)
	at org.jetbrains.kotlin.fir.resolve.providers.impl.FirCachingCompositeSymbolProvider$special$$inlined$createCache$1.invoke(FirCachesFactory.kt:157)
	at org.jetbrains.kotlin.fir.resolve.providers.impl.FirCachingCompositeSymbolProvider$special$$inlined$createCache$1.invoke(FirCachesFactory.kt:141)
	at org.jetbrains.kotlin.fir.caches.FirThreadUnsafeCache.getValue(FirThreadUnsafeCachesFactory.kt:53)
	at org.jetbrains.kotlin.fir.resolve.providers.impl.FirCachingCompositeSymbolProvider.getClassLikeSymbolByClassId(FirCachingCompositeSymbolProvider.kt:174)
	at org.jetbrains.kotlin.fir.scopes.impl.FirAbstractImportingScope.processClassifiersFromImportsByName(FirAbstractImportingScope.kt:54)
	at org.jetbrains.kotlin.fir.scopes.impl.FirAbstractSimpleImportingScope.processClassifiersByNameWithSubstitution(FirAbstractSimpleImportingScope.kt:32)
	at org.jetbrains.kotlin.fir.resolve.providers.impl.FirTypeResolverImpl.resolveUserTypeToSymbol(FirTypeResolverImpl.kt:116)
	at org.jetbrains.kotlin.fir.resolve.providers.impl.FirTypeResolverImpl.resolveType(FirTypeResolverImpl.kt:392)
	at org.jetbrains.kotlin.fir.resolve.transformers.FirSpecificTypeResolverTransformer.resolveType(FirSpecificTypeResolverTransformer.kt:116)
	at org.jetbrains.kotlin.fir.resolve.transformers.FirSpecificTypeResolverTransformer.transformTypeRef(FirSpecificTypeResolverTransformer.kt:77)
	at org.jetbrains.kotlin.fir.resolve.transformers.FirSpecificTypeResolverTransformer.transformTypeRef(FirSpecificTypeResolverTransformer.kt:35)
	at org.jetbrains.kotlin.fir.visitors.FirDefaultTransformer.transformUnresolvedTypeRef(FirDefaultTransformer.kt:31)
	at org.jetbrains.kotlin.fir.visitors.FirDefaultTransformer.transformUserTypeRef(FirDefaultTransformer.kt:43)
	at org.jetbrains.kotlin.fir.types.FirUserTypeRef.transform(FirUserTypeRef.kt:32)
	at org.jetbrains.kotlin.fir.resolve.transformers.FirTypeResolveTransformer.transformTypeRef(FirTypeResolveTransformer.kt:366)
	at org.jetbrains.kotlin.fir.resolve.transformers.FirTypeResolveTransformer.transformTypeRef(FirTypeResolveTransformer.kt:73)
	at org.jetbrains.kotlin.fir.visitors.FirDefaultTransformer.transformUnresolvedTypeRef(FirDefaultTransformer.kt:31)
	at org.jetbrains.kotlin.fir.visitors.FirDefaultTransformer.transformUserTypeRef(FirDefaultTransformer.kt:43)
	at org.jetbrains.kotlin.fir.types.FirUserTypeRef.transform(FirUserTypeRef.kt:32)
	at org.jetbrains.kotlin.fir.declarations.impl.FirValueParameterImpl.transformReturnTypeRef(FirValueParameterImpl.kt:112)
	at org.jetbrains.kotlin.fir.declarations.impl.FirValueParameterImpl.transformReturnTypeRef(FirValueParameterImpl.kt:32)
	at org.jetbrains.kotlin.fir.resolve.transformers.FirTypeResolveTransformer.transformValueParameter(FirTypeResolveTransformer.kt:377)
	at org.jetbrains.kotlin.fir.declarations.FirValueParameter.transform(FirValueParameter.kt:66)
	at org.jetbrains.kotlin.fir.visitors.FirTransformerUtilKt.transformInplace(FirTransformerUtil.kt:20)
	at org.jetbrains.kotlin.fir.declarations.impl.FirPrimaryConstructor.transformValueParameters(FirPrimaryConstructor.kt:121)
	at org.jetbrains.kotlin.fir.declarations.impl.FirPrimaryConstructor.transformChildren(FirPrimaryConstructor.kt:87)
	at org.jetbrains.kotlin.fir.declarations.impl.FirPrimaryConstructor.transformChildren(FirPrimaryConstructor.kt:32)
	at org.jetbrains.kotlin.fir.resolve.transformers.FirAbstractTreeTransformer.transformElement(FirAbstractTreeTransformer.kt:14)
	at org.jetbrains.kotlin.fir.visitors.FirTransformer.transformDeclaration(FirTransformer.kt:95)
	at org.jetbrains.kotlin.fir.resolve.transformers.FirTypeResolveTransformer.transformConstructor(FirTypeResolveTransformer.kt:188)
	at org.jetbrains.kotlin.fir.resolve.transformers.FirTypeResolveTransformer.transformConstructor(FirTypeResolveTransformer.kt:73)
	at org.jetbrains.kotlin.fir.declarations.FirConstructor.transform(FirConstructor.kt:76)
	at org.jetbrains.kotlin.fir.visitors.FirTransformerUtilKt.transformInplace(FirTransformerUtil.kt:20)
	at org.jetbrains.kotlin.fir.declarations.impl.FirRegularClassImpl.transformDeclarations(FirRegularClassImpl.kt:97)
	at org.jetbrains.kotlin.fir.declarations.impl.FirRegularClassImpl.transformChildren(FirRegularClassImpl.kt:79)
	at org.jetbrains.kotlin.fir.declarations.impl.FirRegularClassImpl.transformChildren(FirRegularClassImpl.kt:31)
	at org.jetbrains.kotlin.fir.resolve.transformers.FirAbstractTreeTransformer.transformElement(FirAbstractTreeTransformer.kt:14)
	at org.jetbrains.kotlin.fir.resolve.transformers.FirTypeResolveTransformer.resolveClassContent(FirTypeResolveTransformer.kt:492)
	at org.jetbrains.kotlin.fir.resolve.transformers.FirTypeResolveTransformer.transformRegularClass(FirTypeResolveTransformer.kt:156)
	at org.jetbrains.kotlin.fir.declarations.FirRegularClass.transform(FirRegularClass.kt:70)
	at org.jetbrains.kotlin.fir.visitors.FirTransformerUtilKt.transformInplace(FirTransformerUtil.kt:20)
	at org.jetbrains.kotlin.fir.declarations.impl.FirFileImpl.transformDeclarations(FirFileImpl.kt:83)
	at org.jetbrains.kotlin.fir.declarations.impl.FirFileImpl.transformChildren(FirFileImpl.kt:68)
	at org.jetbrains.kotlin.fir.declarations.impl.FirFileImpl.transformChildren(FirFileImpl.kt:29)
	at org.jetbrains.kotlin.fir.resolve.transformers.FirAbstractTreeTransformer.transformElement(FirAbstractTreeTransformer.kt:14)
	at org.jetbrains.kotlin.fir.visitors.FirTransformer.transformFile(FirTransformer.kt:695)
	at org.jetbrains.kotlin.fir.resolve.transformers.FirAbstractPhaseTransformer.transformFile(FirAbstractPhaseTransformer.kt:29)
	... 45 more

	at org.jetbrains.kotlin.buildtools.internal.KotlinLoggerMessageCollectorAdapter.report(KotlinLoggerMessageCollectorAdapter.kt:19)
	at org.jetbrains.kotlin.cli.common.messages.MessageCollector.report$default(MessageCollector.kt:12)
	at org.jetbrains.kotlin.daemon.client.BasicCompilerServicesWithResultsFacadeServerKt.reportFromDaemon(BasicCompilerServicesWithResultsFacadeServer.kt:58)
	at org.jetbrains.kotlin.daemon.client.BasicCompilerServicesWithResultsFacadeServer.report(BasicCompilerServicesWithResultsFacadeServer.kt:37)
	at org.jetbrains.kotlin.buildtools.internal.jvm.operations.BtaCompilerServicesWithResultsFacade.report(JvmCompilationOperationImpl.kt:532)
	at java.base/jdk.internal.reflect.DirectMethodHandleAccessor.invoke(DirectMethodHandleAccessor.java:103)
	at java.base/java.lang.reflect.Method.invoke(Method.java:580)
	at java.rmi/sun.rmi.server.UnicastServerRef.dispatch(UnicastServerRef.java:360)
	at java.rmi/sun.rmi.transport.Transport$1.run(Transport.java:200)
	at java.rmi/sun.rmi.transport.Transport$1.run(Transport.java:197)
	at java.base/java.security.AccessController.doPrivileged(AccessController.java:714)
	at java.rmi/sun.rmi.transport.Transport.serviceCall(Transport.java:196)
	at java.rmi/sun.rmi.transport.tcp.TCPTransport.handleMessages(TCPTransport.java:598)
	at java.rmi/sun.rmi.transport.tcp.TCPTransport$ConnectionHandler.run0(TCPTransport.java:844)
	at java.rmi/sun.rmi.transport.tcp.TCPTransport$ConnectionHandler.lambda$run$0(TCPTransport.java:721)
	at java.base/java.security.AccessController.doPrivileged(AccessController.java:400)
	at java.rmi/sun.rmi.transport.tcp.TCPTransport$ConnectionHandler.run(TCPTransport.java:720)
	at java.base/java.util.concurrent.ThreadPoolExecutor.runWorker(ThreadPoolExecutor.java:1144)
	at java.base/java.util.concurrent.ThreadPoolExecutor$Worker.run(ThreadPoolExecutor.java:642)
	at java.base/java.lang.Thread.run(Thread.java:1583)
w: Failed to compile with Kotlin daemon
Using fallback strategy: Compile without Kotlin daemon
Try ./gradlew --stop if this issue persists
If it does not look related to your configuration, please file an issue with logs to https://kotl.in/issue
e: file:///C:/Users/lauri/git/MyHealthStatus/app/src/main/java/com/gregor/lauritz/healthdashboard/ui/bloodpressure/BloodPressureDetailViewModel.kt:5:59 Unresolved reference 'SelectedDateRepository'.
e: file:///C:/Users/lauri/git/MyHealthStatus/app/src/main/java/com/gregor/lauritz/healthdashboard/ui/bloodpressure/BloodPressureDetailViewModel.kt:6:50 Unresolved reference 'repository'.
e: file:///C:/Users/lauri/git/MyHealthStatus/app/src/main/java/com/gregor/lauritz/healthdashboard/ui/bloodpressure/BloodPressureDetailViewModel.kt:7:53 Unresolved reference 'DailyDataPoint'.
e: file:///C:/Users/lauri/git/MyHealthStatus/app/src/main/java/com/gregor/lauritz/healthdashboard/ui/bloodpressure/BloodPressureDetailViewModel.kt:9:53 Unresolved reference 'TimeRange'.
e: file:///C:/Users/lauri/git/MyHealthStatus/app/src/main/java/com/gregor/lauritz/healthdashboard/ui/bloodpressure/BloodPressureDetailViewModel.kt:10:53 Unresolved reference 'padToRange'.
e: file:///C:/Users/lauri/git/MyHealthStatus/app/src/main/java/com/gregor/lauritz/healthdashboard/ui/bloodpressure/BloodPressureDetailViewModel.kt:31:24 Unresolved reference 'TimeRange'.
e: file:///C:/Users/lauri/git/MyHealthStatus/app/src/main/java/com/gregor/lauritz/healthdashboard/ui/bloodpressure/BloodPressureDetailViewModel.kt:31:36 Unresolved reference 'TimeRange'.
e: file:///C:/Users/lauri/git/MyHealthStatus/app/src/main/java/com/gregor/lauritz/healthdashboard/ui/bloodpressure/BloodPressureDetailViewModel.kt:32:29 Unresolved reference 'DailyDataPoint'.
e: file:///C:/Users/lauri/git/MyHealthStatus/app/src/main/java/com/gregor/lauritz/healthdashboard/ui/bloodpressure/BloodPressureDetailViewModel.kt:32:47 Cannot infer type for type parameter 'T'. Specify it explicitly.
e: file:///C:/Users/lauri/git/MyHealthStatus/app/src/main/java/com/gregor/lauritz/healthdashboard/ui/bloodpressure/BloodPressureDetailViewModel.kt:33:30 Unresolved reference 'DailyDataPoint'.
e: file:///C:/Users/lauri/git/MyHealthStatus/app/src/main/java/com/gregor/lauritz/healthdashboard/ui/bloodpressure/BloodPressureDetailViewModel.kt:33:48 Cannot infer type for type parameter 'T'. Specify it explicitly.
e: file:///C:/Users/lauri/git/MyHealthStatus/app/src/main/java/com/gregor/lauritz/healthdashboard/ui/bloodpressure/BloodPressureDetailViewModel.kt:41:46 Unresolved reference 'BloodPressureRepository'.
e: file:///C:/Users/lauri/git/MyHealthStatus/app/src/main/java/com/gregor/lauritz/healthdashboard/ui/bloodpressure/BloodPressureDetailViewModel.kt:42:45 Unresolved reference 'SelectedDateRepository'.
e: file:///C:/Users/lauri/git/MyHealthStatus/app/src/main/java/com/gregor/lauritz/healthdashboard/ui/bloodpressure/BloodPressureDetailViewModel.kt:44:41 Cannot infer type for type parameter 'T'. Specify it explicitly.
e: file:///C:/Users/lauri/git/MyHealthStatus/app/src/main/java/com/gregor/lauritz/healthdashboard/ui/bloodpressure/BloodPressureDetailViewModel.kt:44:58 Unresolved reference 'TimeRange'.
e: file:///C:/Users/lauri/git/MyHealthStatus/app/src/main/java/com/gregor/lauritz/healthdashboard/ui/bloodpressure/BloodPressureDetailViewModel.kt:47:13 Cannot infer type for type parameter 'T1'. Specify it explicitly.
e: file:///C:/Users/lauri/git/MyHealthStatus/app/src/main/java/com/gregor/lauritz/healthdashboard/ui/bloodpressure/BloodPressureDetailViewModel.kt:47:13 Cannot infer type for type parameter 'T2'. Specify it explicitly.
e: file:///C:/Users/lauri/git/MyHealthStatus/app/src/main/java/com/gregor/lauritz/healthdashboard/ui/bloodpressure/BloodPressureDetailViewModel.kt:47:13 Cannot infer type for type parameter 'R'. Specify it explicitly.
e: file:///C:/Users/lauri/git/MyHealthStatus/app/src/main/java/com/gregor/lauritz/healthdashboard/ui/bloodpressure/BloodPressureDetailViewModel.kt:49:40 Unresolved reference 'selectedDate'.
e: file:///C:/Users/lauri/git/MyHealthStatus/app/src/main/java/com/gregor/lauritz/healthdashboard/ui/bloodpressure/BloodPressureDetailViewModel.kt:50:17 Cannot infer type for type parameter 'T1'. Specify it explicitly.
e: file:///C:/Users/lauri/git/MyHealthStatus/app/src/main/java/com/gregor/lauritz/healthdashboard/ui/bloodpressure/BloodPressureDetailViewModel.kt:50:24 Cannot infer type for type parameter 'T2'. Specify it explicitly.
e: file:///C:/Users/lauri/git/MyHealthStatus/app/src/main/java/com/gregor/lauritz/healthdashboard/ui/bloodpressure/BloodPressureDetailViewModel.kt:54:38 Unresolved reference 'minusDays'.
e: file:///C:/Users/lauri/git/MyHealthStatus/app/src/main/java/com/gregor/lauritz/healthdashboard/ui/bloodpressure/BloodPressureDetailViewModel.kt:54:55 Unresolved reference 'days'.
e: file:///C:/Users/lauri/git/MyHealthStatus/app/src/main/java/com/gregor/lauritz/healthdashboard/ui/bloodpressure/BloodPressureDetailViewModel.kt:55:49 Unresolved reference 'plusDays'.
e: file:///C:/Users/lauri/git/MyHealthStatus/app/src/main/java/com/gregor/lauritz/healthdashboard/ui/bloodpressure/BloodPressureDetailViewModel.kt:58:49 Unresolved reference 'getByDateRange'.
e: file:///C:/Users/lauri/git/MyHealthStatus/app/src/main/java/com/gregor/lauritz/healthdashboard/ui/bloodpressure/BloodPressureDetailViewModel.kt:62:58 Unresolved reference 'getLatest'.
e: file:///C:/Users/lauri/git/MyHealthStatus/app/src/main/java/com/gregor/lauritz/healthdashboard/ui/bloodpressure/BloodPressureDetailViewModel.kt:65:43 Cannot infer type for value parameter 'record'. Specify it explicitly.
e: file:///C:/Users/lauri/git/MyHealthStatus/app/src/main/java/com/gregor/lauritz/healthdashboard/ui/bloodpressure/BloodPressureDetailViewModel.kt:69:65 Unresolved reference 'timestampMs'.
e: file:///C:/Users/lauri/git/MyHealthStatus/app/src/main/java/com/gregor/lauritz/healthdashboard/ui/bloodpressure/BloodPressureDetailViewModel.kt:75:36 Cannot infer type for implicit value parameter 'it'. Specify it explicitly.
e: file:///C:/Users/lauri/git/MyHealthStatus/app/src/main/java/com/gregor/lauritz/healthdashboard/ui/bloodpressure/BloodPressureDetailViewModel.kt:75:36 Operator call 'component1()' is ambiguous for destructuring of type '??? (Unknown type for value parameter <destruct>)'. Applicable candidates:
fun <T> Array<out T>.component1(): T
fun ByteArray.component1(): Byte
fun ShortArray.component1(): Short
fun IntArray.component1(): Int
fun LongArray.component1(): Long
fun FloatArray.component1(): Float
fun DoubleArray.component1(): Double
fun BooleanArray.component1(): Boolean
fun CharArray.component1(): Char
fun <T> List<T>.component1(): T
fun <K, V> Map.Entry<K, V>.component1(): K
fun UIntArray.component1(): UInt
fun ULongArray.component1(): ULong
fun UByteArray.component1(): UByte
fun UShortArray.component1(): UShort
e: file:///C:/Users/lauri/git/MyHealthStatus/app/src/main/java/com/gregor/lauritz/healthdashboard/ui/bloodpressure/BloodPressureDetailViewModel.kt:75:36 Operator call 'component2()' is ambiguous for destructuring of type '??? (Unknown type for value parameter <destruct>)'. Applicable candidates:
fun <T> Array<out T>.component2(): T
fun ByteArray.component2(): Byte
fun ShortArray.component2(): Short
fun IntArray.component2(): Int
fun LongArray.component2(): Long
fun FloatArray.component2(): Float
fun DoubleArray.component2(): Double
fun BooleanArray.component2(): Boolean
fun CharArray.component2(): Char
fun <T> List<T>.component2(): T
fun <K, V> Map.Entry<K, V>.component2(): V
fun UIntArray.component2(): UInt
fun ULongArray.component2(): ULong
fun UByteArray.component2(): UByte
fun UShortArray.component2(): UShort
e: file:///C:/Users/lauri/git/MyHealthStatus/app/src/main/java/com/gregor/lauritz/healthdashboard/ui/bloodpressure/BloodPressureDetailViewModel.kt:76:68 Unresolved reference 'it'.
e: file:///C:/Users/lauri/git/MyHealthStatus/app/src/main/java/com/gregor/lauritz/healthdashboard/ui/bloodpressure/BloodPressureDetailViewModel.kt:77:33 Unresolved reference 'DailyDataPoint'.
e: file:///C:/Users/lauri/git/MyHealthStatus/app/src/main/java/com/gregor/lauritz/healthdashboard/ui/bloodpressure/BloodPressureDetailViewModel.kt:78:42 Unresolved reference 'it'.
e: file:///C:/Users/lauri/git/MyHealthStatus/app/src/main/java/com/gregor/lauritz/healthdashboard/ui/bloodpressure/BloodPressureDetailViewModel.kt:79:30 Unresolved reference 'padToRange'.
e: file:///C:/Users/lauri/git/MyHealthStatus/app/src/main/java/com/gregor/lauritz/healthdashboard/ui/bloodpressure/BloodPressureDetailViewModel.kt:79:47 Unresolved reference 'days'.
e: file:///C:/Users/lauri/git/MyHealthStatus/app/src/main/java/com/gregor/lauritz/healthdashboard/ui/bloodpressure/BloodPressureDetailViewModel.kt:83:36 Cannot infer type for implicit value parameter 'it'. Specify it explicitly.
e: file:///C:/Users/lauri/git/MyHealthStatus/app/src/main/java/com/gregor/lauritz/healthdashboard/ui/bloodpressure/BloodPressureDetailViewModel.kt:83:36 Operator call 'component1()' is ambiguous for destructuring of type '??? (Unknown type for value parameter <destruct>)'. Applicable candidates:
fun <T> Array<out T>.component1(): T
fun ByteArray.component1(): Byte
fun ShortArray.component1(): Short
fun IntArray.component1(): Int
fun LongArray.component1(): Long
fun FloatArray.component1(): Float
fun DoubleArray.component1(): Double
fun BooleanArray.component1(): Boolean
fun CharArray.component1(): Char
fun <T> List<T>.component1(): T
fun <K, V> Map.Entry<K, V>.component1(): K
fun UIntArray.component1(): UInt
fun ULongArray.component1(): ULong
fun UByteArray.component1(): UByte
fun UShortArray.component1(): UShort
e: file:///C:/Users/lauri/git/MyHealthStatus/app/src/main/java/com/gregor/lauritz/healthdashboard/ui/bloodpressure/BloodPressureDetailViewModel.kt:83:36 Operator call 'component2()' is ambiguous for destructuring of type '??? (Unknown type for value parameter <destruct>)'. Applicable candidates:
fun <T> Array<out T>.component2(): T
fun ByteArray.component2(): Byte
fun ShortArray.component2(): Short
fun IntArray.component2(): Int
fun LongArray.component2(): Long
fun FloatArray.component2(): Float
fun DoubleArray.component2(): Double
fun BooleanArray.component2(): Boolean
fun CharArray.component2(): Char
fun <T> List<T>.component2(): T
fun <K, V> Map.Entry<K, V>.component2(): V
fun UIntArray.component2(): UInt
fun ULongArray.component2(): ULong
fun UByteArray.component2(): UByte
fun UShortArray.component2(): UShort
e: file:///C:/Users/lauri/git/MyHealthStatus/app/src/main/java/com/gregor/lauritz/healthdashboard/ui/bloodpressure/BloodPressureDetailViewModel.kt:84:69 Unresolved reference 'it'.
e: file:///C:/Users/lauri/git/MyHealthStatus/app/src/main/java/com/gregor/lauritz/healthdashboard/ui/bloodpressure/BloodPressureDetailViewModel.kt:85:33 Unresolved reference 'DailyDataPoint'.
e: file:///C:/Users/lauri/git/MyHealthStatus/app/src/main/java/com/gregor/lauritz/healthdashboard/ui/bloodpressure/BloodPressureDetailViewModel.kt:86:42 Unresolved reference 'it'.
e: file:///C:/Users/lauri/git/MyHealthStatus/app/src/main/java/com/gregor/lauritz/healthdashboard/ui/bloodpressure/BloodPressureDetailViewModel.kt:87:30 Unresolved reference 'padToRange'.
e: file:///C:/Users/lauri/git/MyHealthStatus/app/src/main/java/com/gregor/lauritz/healthdashboard/ui/bloodpressure/BloodPressureDetailViewModel.kt:87:47 Unresolved reference 'days'.
e: file:///C:/Users/lauri/git/MyHealthStatus/app/src/main/java/com/gregor/lauritz/healthdashboard/ui/bloodpressure/BloodPressureDetailViewModel.kt:89:21 Inapplicable candidate(s): constructor(latestSystolic: Int? = ..., latestDiastolic: Int? = ..., latestDate: LocalDate? = ..., selectedRange: ??? (Unresolved qualified name: TimeRange) = ..., dailySystolic: List<??? (Unresolved qualified name: DailyDataPoint)> = ..., dailyDiastolic: List<??? (Unresolved qualified name: DailyDataPoint)> = ..., rangeStartMs: Long = ...): BloodPressureDetailUiState
e: file:///C:/Users/lauri/git/MyHealthStatus/app/src/main/java/com/gregor/lauritz/healthdashboard/ui/bloodpressure/BloodPressureDetailViewModel.kt:92:59 Cannot infer type for type parameter 'T'. Specify it explicitly.
e: file:///C:/Users/lauri/git/MyHealthStatus/app/src/main/java/com/gregor/lauritz/healthdashboard/ui/bloodpressure/BloodPressureDetailViewModel.kt:92:59 Cannot infer type for type parameter 'R'. Specify it explicitly.
e: file:///C:/Users/lauri/git/MyHealthStatus/app/src/main/java/com/gregor/lauritz/healthdashboard/ui/bloodpressure/BloodPressureDetailViewModel.kt:92:63 Cannot infer type for type parameter 'T'. Specify it explicitly.
e: file:///C:/Users/lauri/git/MyHealthStatus/app/src/main/java/com/gregor/lauritz/healthdashboard/ui/bloodpressure/BloodPressureDetailViewModel.kt:105:36 Unresolved reference 'TimeRange'.
e: file:///C:/Users/lauri/git/MyHealthStatus/app/src/main/java/com/gregor/lauritz/healthdashboard/ui/bodyfat/BodyFatDetailViewModel.kt:5:60 Unresolved reference 'SettingsRepository'.
e: file:///C:/Users/lauri/git/MyHealthStatus/app/src/main/java/com/gregor/lauritz/healthdashboard/ui/bodyfat/BodyFatDetailViewModel.kt:6:59 Unresolved reference 'SelectedDateRepository'.
e: file:///C:/Users/lauri/git/MyHealthStatus/app/src/main/java/com/gregor/lauritz/healthdashboard/ui/bodyfat/BodyFatDetailViewModel.kt:7:50 Unresolved reference 'model'.
e: file:///C:/Users/lauri/git/MyHealthStatus/app/src/main/java/com/gregor/lauritz/healthdashboard/ui/bodyfat/BodyFatDetailViewModel.kt:8:50 Unresolved reference 'model'.
e: file:///C:/Users/lauri/git/MyHealthStatus/app/src/main/java/com/gregor/lauritz/healthdashboard/ui/bodyfat/BodyFatDetailViewModel.kt:9:50 Unresolved reference 'repository'.
e: file:///C:/Users/lauri/git/MyHealthStatus/app/src/main/java/com/gregor/lauritz/healthdashboard/ui/bodyfat/BodyFatDetailViewModel.kt:10:53 Unresolved reference 'DailyDataPoint'.
e: file:///C:/Users/lauri/git/MyHealthStatus/app/src/main/java/com/gregor/lauritz/healthdashboard/ui/bodyfat/BodyFatDetailViewModel.kt:12:53 Unresolved reference 'TimeRange'.
e: file:///C:/Users/lauri/git/MyHealthStatus/app/src/main/java/com/gregor/lauritz/healthdashboard/ui/bodyfat/BodyFatDetailViewModel.kt:13:53 Unresolved reference 'padToRange'.
e: file:///C:/Users/lauri/git/MyHealthStatus/app/src/main/java/com/gregor/lauritz/healthdashboard/ui/bodyfat/BodyFatDetailViewModel.kt:37:24 Unresolved reference 'MetricStatus'.
e: file:///C:/Users/lauri/git/MyHealthStatus/app/src/main/java/com/gregor/lauritz/healthdashboard/ui/bodyfat/BodyFatDetailViewModel.kt:39:24 Unresolved reference 'TimeRange'.
e: file:///C:/Users/lauri/git/MyHealthStatus/app/src/main/java/com/gregor/lauritz/healthdashboard/ui/bodyfat/BodyFatDetailViewModel.kt:39:36 Unresolved reference 'TimeRange'.
e: file:///C:/Users/lauri/git/MyHealthStatus/app/src/main/java/com/gregor/lauritz/healthdashboard/ui/bodyfat/BodyFatDetailViewModel.kt:40:28 Unresolved reference 'DailyDataPoint'.
e: file:///C:/Users/lauri/git/MyHealthStatus/app/src/main/java/com/gregor/lauritz/healthdashboard/ui/bodyfat/BodyFatDetailViewModel.kt:40:46 Cannot infer type for type parameter 'T'. Specify it explicitly.
e: file:///C:/Users/lauri/git/MyHealthStatus/app/src/main/java/com/gregor/lauritz/healthdashboard/ui/bodyfat/BodyFatDetailViewModel.kt:48:40 Unresolved reference 'BodyFatRepository'.
e: file:///C:/Users/lauri/git/MyHealthStatus/app/src/main/java/com/gregor/lauritz/healthdashboard/ui/bodyfat/BodyFatDetailViewModel.kt:49:35 Unresolved reference 'SettingsRepository'.
e: file:///C:/Users/lauri/git/MyHealthStatus/app/src/main/java/com/gregor/lauritz/healthdashboard/ui/bodyfat/BodyFatDetailViewModel.kt:50:45 Unresolved reference 'SelectedDateRepository'.
e: file:///C:/Users/lauri/git/MyHealthStatus/app/src/main/java/com/gregor/lauritz/healthdashboard/ui/bodyfat/BodyFatDetailViewModel.kt:52:41 Cannot infer type for type parameter 'T'. Specify it explicitly.
e: file:///C:/Users/lauri/git/MyHealthStatus/app/src/main/java/com/gregor/lauritz/healthdashboard/ui/bodyfat/BodyFatDetailViewModel.kt:52:58 Unresolved reference 'TimeRange'.
e: file:///C:/Users/lauri/git/MyHealthStatus/app/src/main/java/com/gregor/lauritz/healthdashboard/ui/bodyfat/BodyFatDetailViewModel.kt:55:13 Cannot infer type for type parameter 'T1'. Specify it explicitly.
e: file:///C:/Users/lauri/git/MyHealthStatus/app/src/main/java/com/gregor/lauritz/healthdashboard/ui/bodyfat/BodyFatDetailViewModel.kt:55:13 Cannot infer type for type parameter 'T2'. Specify it explicitly.
e: file:///C:/Users/lauri/git/MyHealthStatus/app/src/main/java/com/gregor/lauritz/healthdashboard/ui/bodyfat/BodyFatDetailViewModel.kt:55:13 Cannot infer type for type parameter 'T3'. Specify it explicitly.
e: file:///C:/Users/lauri/git/MyHealthStatus/app/src/main/java/com/gregor/lauritz/healthdashboard/ui/bodyfat/BodyFatDetailViewModel.kt:55:13 Cannot infer type for type parameter 'R'. Specify it explicitly.
e: file:///C:/Users/lauri/git/MyHealthStatus/app/src/main/java/com/gregor/lauritz/healthdashboard/ui/bodyfat/BodyFatDetailViewModel.kt:57:40 Unresolved reference 'selectedDate'.
e: file:///C:/Users/lauri/git/MyHealthStatus/app/src/main/java/com/gregor/lauritz/healthdashboard/ui/bodyfat/BodyFatDetailViewModel.kt:58:30 Unresolved reference 'userPreferences'.
e: file:///C:/Users/lauri/git/MyHealthStatus/app/src/main/java/com/gregor/lauritz/healthdashboard/ui/bodyfat/BodyFatDetailViewModel.kt:59:17 Cannot infer type for type parameter 'T1'. Specify it explicitly.
e: file:///C:/Users/lauri/git/MyHealthStatus/app/src/main/java/com/gregor/lauritz/healthdashboard/ui/bodyfat/BodyFatDetailViewModel.kt:59:24 Cannot infer type for type parameter 'T2'. Specify it explicitly.
e: file:///C:/Users/lauri/git/MyHealthStatus/app/src/main/java/com/gregor/lauritz/healthdashboard/ui/bodyfat/BodyFatDetailViewModel.kt:59:38 Cannot infer type for type parameter 'T3'. Specify it explicitly.
e: file:///C:/Users/lauri/git/MyHealthStatus/app/src/main/java/com/gregor/lauritz/healthdashboard/ui/bodyfat/BodyFatDetailViewModel.kt:63:38 Unresolved reference 'minusDays'.
e: file:///C:/Users/lauri/git/MyHealthStatus/app/src/main/java/com/gregor/lauritz/healthdashboard/ui/bodyfat/BodyFatDetailViewModel.kt:63:55 Unresolved reference 'days'.
e: file:///C:/Users/lauri/git/MyHealthStatus/app/src/main/java/com/gregor/lauritz/healthdashboard/ui/bodyfat/BodyFatDetailViewModel.kt:64:49 Unresolved reference 'plusDays'.
e: file:///C:/Users/lauri/git/MyHealthStatus/app/src/main/java/com/gregor/lauritz/healthdashboard/ui/bodyfat/BodyFatDetailViewModel.kt:66:53 Unresolved reference 'getByDateRange'.
e: file:///C:/Users/lauri/git/MyHealthStatus/app/src/main/java/com/gregor/lauritz/healthdashboard/ui/bodyfat/BodyFatDetailViewModel.kt:67:52 Unresolved reference 'getLatest'.
e: file:///C:/Users/lauri/git/MyHealthStatus/app/src/main/java/com/gregor/lauritz/healthdashboard/ui/bodyfat/BodyFatDetailViewModel.kt:70:43 Cannot infer type for value parameter 'record'. Specify it explicitly.
e: file:///C:/Users/lauri/git/MyHealthStatus/app/src/main/java/com/gregor/lauritz/healthdashboard/ui/bodyfat/BodyFatDetailViewModel.kt:74:65 Unresolved reference 'timestampMs'.
e: file:///C:/Users/lauri/git/MyHealthStatus/app/src/main/java/com/gregor/lauritz/healthdashboard/ui/bodyfat/BodyFatDetailViewModel.kt:80:36 Cannot infer type for implicit value parameter 'it'. Specify it explicitly.
e: file:///C:/Users/lauri/git/MyHealthStatus/app/src/main/java/com/gregor/lauritz/healthdashboard/ui/bodyfat/BodyFatDetailViewModel.kt:80:36 Operator call 'component1()' is ambiguous for destructuring of type '??? (Unknown type for value parameter <destruct>)'. Applicable candidates:
fun <T> Array<out T>.component1(): T
fun ByteArray.component1(): Byte
fun ShortArray.component1(): Short
fun IntArray.component1(): Int
fun LongArray.component1(): Long
fun FloatArray.component1(): Float
fun DoubleArray.component1(): Double
fun BooleanArray.component1(): Boolean
fun CharArray.component1(): Char
fun <T> List<T>.component1(): T
fun <K, V> Map.Entry<K, V>.component1(): K
fun UIntArray.component1(): UInt
fun ULongArray.component1(): ULong
fun UByteArray.component1(): UByte
fun UShortArray.component1(): UShort
e: file:///C:/Users/lauri/git/MyHealthStatus/app/src/main/java/com/gregor/lauritz/healthdashboard/ui/bodyfat/BodyFatDetailViewModel.kt:80:36 Operator call 'component2()' is ambiguous for destructuring of type '??? (Unknown type for value parameter <destruct>)'. Applicable candidates:
fun <T> Array<out T>.component2(): T
fun ByteArray.component2(): Byte
fun ShortArray.component2(): Short
fun IntArray.component2(): Int
fun LongArray.component2(): Long
fun FloatArray.component2(): Float
fun DoubleArray.component2(): Double
fun BooleanArray.component2(): Boolean
fun CharArray.component2(): Char
fun <T> List<T>.component2(): T
fun <K, V> Map.Entry<K, V>.component2(): V
fun UIntArray.component2(): UInt
fun ULongArray.component2(): ULong
fun UByteArray.component2(): UByte
fun UShortArray.component2(): UShort
e: file:///C:/Users/lauri/git/MyHealthStatus/app/src/main/java/com/gregor/lauritz/healthdashboard/ui/bodyfat/BodyFatDetailViewModel.kt:81:67 Unresolved reference 'it'.
e: file:///C:/Users/lauri/git/MyHealthStatus/app/src/main/java/com/gregor/lauritz/healthdashboard/ui/bodyfat/BodyFatDetailViewModel.kt:82:33 Unresolved reference 'DailyDataPoint'.
e: file:///C:/Users/lauri/git/MyHealthStatus/app/src/main/java/com/gregor/lauritz/healthdashboard/ui/bodyfat/BodyFatDetailViewModel.kt:83:42 Unresolved reference 'it'.
e: file:///C:/Users/lauri/git/MyHealthStatus/app/src/main/java/com/gregor/lauritz/healthdashboard/ui/bodyfat/BodyFatDetailViewModel.kt:84:30 Unresolved reference 'padToRange'.
e: file:///C:/Users/lauri/git/MyHealthStatus/app/src/main/java/com/gregor/lauritz/healthdashboard/ui/bodyfat/BodyFatDetailViewModel.kt:84:47 Unresolved reference 'days'.
e: file:///C:/Users/lauri/git/MyHealthStatus/app/src/main/java/com/gregor/lauritz/healthdashboard/ui/bodyfat/BodyFatDetailViewModel.kt:88:39 Unresolved reference 'age'.
e: file:///C:/Users/lauri/git/MyHealthStatus/app/src/main/java/com/gregor/lauritz/healthdashboard/ui/bodyfat/BodyFatDetailViewModel.kt:89:39 Unresolved reference 'gender'.
e: file:///C:/Users/lauri/git/MyHealthStatus/app/src/main/java/com/gregor/lauritz/healthdashboard/ui/bodyfat/BodyFatDetailViewModel.kt:91:58 Cannot infer type for type parameter 'T'. Specify it explicitly.
e: file:///C:/Users/lauri/git/MyHealthStatus/app/src/main/java/com/gregor/lauritz/healthdashboard/ui/bodyfat/BodyFatDetailViewModel.kt:91:58 Cannot infer type for type parameter 'R'. Specify it explicitly.
e: file:///C:/Users/lauri/git/MyHealthStatus/app/src/main/java/com/gregor/lauritz/healthdashboard/ui/bodyfat/BodyFatDetailViewModel.kt:91:62 Cannot infer type for type parameter 'T'. Specify it explicitly.
e: file:///C:/Users/lauri/git/MyHealthStatus/app/src/main/java/com/gregor/lauritz/healthdashboard/ui/bodyfat/BodyFatDetailViewModel.kt:91:64 Unresolved reference 'bodyFatStatus'.
e: file:///C:/Users/lauri/git/MyHealthStatus/app/src/main/java/com/gregor/lauritz/healthdashboard/ui/bodyfat/BodyFatDetailViewModel.kt:96:37 Unresolved reference 'it'.
e: file:///C:/Users/lauri/git/MyHealthStatus/app/src/main/java/com/gregor/lauritz/healthdashboard/ui/bodyfat/BodyFatDetailViewModel.kt:102:21 Inapplicable candidate(s): constructor(latestBodyFat: Float? = ..., latestDate: LocalDate? = ..., age: Int = ..., gender: String = ..., optimalRangeMin: Float = ..., optimalRangeMax: Float = ..., bodyFatStatus: ??? (Unresolved qualified name: MetricStatus) = ..., averageBodyFat: Float? = ..., selectedRange: ??? (Unresolved qualified name: TimeRange) = ..., dailyBodyFat: List<??? (Unresolved qualified name: DailyDataPoint)> = ..., rangeStartMs: Long = ...): BodyFatDetailUiState
e: file:///C:/Users/lauri/git/MyHealthStatus/app/src/main/java/com/gregor/lauritz/healthdashboard/ui/bodyfat/BodyFatDetailViewModel.kt:104:59 Cannot infer type for type parameter 'T'. Specify it explicitly.
e: file:///C:/Users/lauri/git/MyHealthStatus/app/src/main/java/com/gregor/lauritz/healthdashboard/ui/bodyfat/BodyFatDetailViewModel.kt:104:59 Cannot infer type for type parameter 'R'. Specify it explicitly.
e: file:///C:/Users/lauri/git/MyHealthStatus/app/src/main/java/com/gregor/lauritz/healthdashboard/ui/bodyfat/BodyFatDetailViewModel.kt:104:63 Cannot infer type for type parameter 'T'. Specify it explicitly.
e: file:///C:/Users/lauri/git/MyHealthStatus/app/src/main/java/com/gregor/lauritz/healthdashboard/ui/bodyfat/BodyFatDetailViewModel.kt:105:41 Unresolved reference 'age'.
e: file:///C:/Users/lauri/git/MyHealthStatus/app/src/main/java/com/gregor/lauritz/healthdashboard/ui/bodyfat/BodyFatDetailViewModel.kt:106:44 Unresolved reference 'gender'.
e: file:///C:/Users/lauri/git/MyHealthStatus/app/src/main/java/com/gregor/lauritz/healthdashboard/ui/bodyfat/BodyFatDetailViewModel.kt:122:36 Unresolved reference 'TimeRange'.
e: file:///C:/Users/lauri/git/MyHealthStatus/app/src/main/java/com/gregor/lauritz/healthdashboard/ui/dashboard/DashboardViewModel.kt:7:60 Unresolved reference 'CardConfigurationRepository'.
e: file:///C:/Users/lauri/git/MyHealthStatus/app/src/main/java/com/gregor/lauritz/healthdashboard/ui/dashboard/DashboardViewModel.kt:8:60 Unresolved reference 'SettingsRepository'.
e: file:///C:/Users/lauri/git/MyHealthStatus/app/src/main/java/com/gregor/lauritz/healthdashboard/ui/dashboard/DashboardViewModel.kt:9:59 Unresolved reference 'SelectedDateRepository'.
e: file:///C:/Users/lauri/git/MyHealthStatus/app/src/main/java/com/gregor/lauritz/healthdashboard/ui/dashboard/DashboardViewModel.kt:10:56 Unresolved reference 'DailyMetricCache'.
e: file:///C:/Users/lauri/git/MyHealthStatus/app/src/main/java/com/gregor/lauritz/healthdashboard/ui/dashboard/DashboardViewModel.kt:11:60 Unresolved reference 'CardConfiguration'.
e: file:///C:/Users/lauri/git/MyHealthStatus/app/src/main/java/com/gregor/lauritz/healthdashboard/ui/dashboard/DashboardViewModel.kt:12:60 Unresolved reference 'CardId'.
e: file:///C:/Users/lauri/git/MyHealthStatus/app/src/main/java/com/gregor/lauritz/healthdashboard/ui/dashboard/DashboardViewModel.kt:13:60 Unresolved reference 'CardManagementDelegate'.
e: file:///C:/Users/lauri/git/MyHealthStatus/app/src/main/java/com/gregor/lauritz/healthdashboard/ui/dashboard/DashboardViewModel.kt:14:60 Unresolved reference 'DailySummaryRepository'.
e: file:///C:/Users/lauri/git/MyHealthStatus/app/src/main/java/com/gregor/lauritz/healthdashboard/ui/dashboard/DashboardViewModel.kt:15:60 Unresolved reference 'GetDashboardDataUseCase'.
e: file:///C:/Users/lauri/git/MyHealthStatus/app/src/main/java/com/gregor/lauritz/healthdashboard/ui/dashboard/DashboardViewModel.kt:16:50 Unresolved reference 'model'.
e: file:///C:/Users/lauri/git/MyHealthStatus/app/src/main/java/com/gregor/lauritz/healthdashboard/ui/dashboard/DashboardViewModel.kt:17:50 Unresolved reference 'model'.
e: file:///C:/Users/lauri/git/MyHealthStatus/app/src/main/java/com/gregor/lauritz/healthdashboard/ui/dashboard/DashboardViewModel.kt:18:50 Unresolved reference 'model'.
e: file:///C:/Users/lauri/git/MyHealthStatus/app/src/main/java/com/gregor/lauritz/healthdashboard/ui/dashboard/DashboardViewModel.kt:19:58 Unresolved reference 'CircadianConsistencyRepository'.
e: file:///C:/Users/lauri/git/MyHealthStatus/app/src/main/java/com/gregor/lauritz/healthdashboard/ui/dashboard/DashboardViewModel.kt:20:58 Unresolved reference 'CircadianConsistencyResult'.
e: file:///C:/Users/lauri/git/MyHealthStatus/app/src/main/java/com/gregor/lauritz/healthdashboard/ui/dashboard/DashboardViewModel.kt:21:55 Unresolved reference 'ForegroundSyncController'.
e: file:///C:/Users/lauri/git/MyHealthStatus/app/src/main/java/com/gregor/lauritz/healthdashboard/ui/dashboard/DashboardViewModel.kt:40:45 Unresolved reference 'DailySummaryRepository'.
e: file:///C:/Users/lauri/git/MyHealthStatus/app/src/main/java/com/gregor/lauritz/healthdashboard/ui/dashboard/DashboardViewModel.kt:41:46 Unresolved reference 'GetDashboardDataUseCase'.
e: file:///C:/Users/lauri/git/MyHealthStatus/app/src/main/java/com/gregor/lauritz/healthdashboard/ui/dashboard/DashboardViewModel.kt:42:47 Unresolved reference 'ForegroundSyncController'.
e: file:///C:/Users/lauri/git/MyHealthStatus/app/src/main/java/com/gregor/lauritz/healthdashboard/ui/dashboard/DashboardViewModel.kt:43:45 Unresolved reference 'SelectedDateRepository'.
e: file:///C:/Users/lauri/git/MyHealthStatus/app/src/main/java/com/gregor/lauritz/healthdashboard/ui/dashboard/DashboardViewModel.kt:44:35 Unresolved reference 'SettingsRepository'.
e: file:///C:/Users/lauri/git/MyHealthStatus/app/src/main/java/com/gregor/lauritz/healthdashboard/ui/dashboard/DashboardViewModel.kt:45:43 Unresolved reference 'CardConfigurationRepository'.
e: file:///C:/Users/lauri/git/MyHealthStatus/app/src/main/java/com/gregor/lauritz/healthdashboard/ui/dashboard/DashboardViewModel.kt:46:36 Unresolved reference 'CircadianConsistencyRepository'.
e: file:///C:/Users/lauri/git/MyHealthStatus/app/src/main/java/com/gregor/lauritz/healthdashboard/ui/dashboard/DashboardViewModel.kt:47:39 Unresolved reference 'DailyMetricCache'.
e: file:///C:/Users/lauri/git/MyHealthStatus/app/src/main/java/com/gregor/lauritz/healthdashboard/ui/dashboard/DashboardViewModel.kt:49:46 Unresolved reference 'CardManagementDelegate'.
e: file:///C:/Users/lauri/git/MyHealthStatus/app/src/main/java/com/gregor/lauritz/healthdashboard/ui/dashboard/DashboardViewModel.kt:54:13 Cannot infer type for type parameter 'T1'. Specify it explicitly.
e: file:///C:/Users/lauri/git/MyHealthStatus/app/src/main/java/com/gregor/lauritz/healthdashboard/ui/dashboard/DashboardViewModel.kt:54:13 Cannot infer type for type parameter 'T2'. Specify it explicitly.
e: file:///C:/Users/lauri/git/MyHealthStatus/app/src/main/java/com/gregor/lauritz/healthdashboard/ui/dashboard/DashboardViewModel.kt:54:13 Cannot infer type for type parameter 'T3'. Specify it explicitly.
e: file:///C:/Users/lauri/git/MyHealthStatus/app/src/main/java/com/gregor/lauritz/healthdashboard/ui/dashboard/DashboardViewModel.kt:54:13 Cannot infer type for type parameter 'R'. Specify it explicitly.
e: file:///C:/Users/lauri/git/MyHealthStatus/app/src/main/java/com/gregor/lauritz/healthdashboard/ui/dashboard/DashboardViewModel.kt:55:17 Unresolved reference 'createDashboardBasicInputsFlow'.
e: file:///C:/Users/lauri/git/MyHealthStatus/app/src/main/java/com/gregor/lauritz/healthdashboard/ui/dashboard/DashboardViewModel.kt:56:44 Unresolved reference 'selectedDate'.
e: file:///C:/Users/lauri/git/MyHealthStatus/app/src/main/java/com/gregor/lauritz/healthdashboard/ui/dashboard/DashboardViewModel.kt:61:17 Unresolved reference 'createDashboardCardStateFlow'.
e: file:///C:/Users/lauri/git/MyHealthStatus/app/src/main/java/com/gregor/lauritz/healthdashboard/ui/dashboard/DashboardViewModel.kt:62:44 Unresolved reference 'selectedDate'.
e: file:///C:/Users/lauri/git/MyHealthStatus/app/src/main/java/com/gregor/lauritz/healthdashboard/ui/dashboard/DashboardViewModel.kt:67:17 Unresolved reference 'createDashboardRealtimeStateFlow'.
e: file:///C:/Users/lauri/git/MyHealthStatus/app/src/main/java/com/gregor/lauritz/healthdashboard/ui/dashboard/DashboardViewModel.kt:68:17 Cannot infer type for type parameter 'T1'. Specify it explicitly.
e: file:///C:/Users/lauri/git/MyHealthStatus/app/src/main/java/com/gregor/lauritz/healthdashboard/ui/dashboard/DashboardViewModel.kt:68:30 Cannot infer type for type parameter 'T2'. Specify it explicitly.
e: file:///C:/Users/lauri/git/MyHealthStatus/app/src/main/java/com/gregor/lauritz/healthdashboard/ui/dashboard/DashboardViewModel.kt:68:41 Cannot infer type for type parameter 'T3'. Specify it explicitly.
e: file:///C:/Users/lauri/git/MyHealthStatus/app/src/main/java/com/gregor/lauritz/healthdashboard/ui/dashboard/DashboardViewModel.kt:70:21 Unresolved reference 'DashboardCombinedInputs'.
e: file:///C:/Users/lauri/git/MyHealthStatus/app/src/main/java/com/gregor/lauritz/healthdashboard/ui/dashboard/DashboardViewModel.kt:75:58 Unresolved reference 'selectedDate'.
e: file:///C:/Users/lauri/git/MyHealthStatus/app/src/main/java/com/gregor/lauritz/healthdashboard/ui/dashboard/DashboardViewModel.kt:76:15 Cannot infer type for type parameter 'T'. Specify it explicitly.
e: file:///C:/Users/lauri/git/MyHealthStatus/app/src/main/java/com/gregor/lauritz/healthdashboard/ui/dashboard/DashboardViewModel.kt:83:23 Unresolved reference 'DashboardCombinedInputs'.
e: file:///C:/Users/lauri/git/MyHealthStatus/app/src/main/java/com/gregor/lauritz/healthdashboard/ui/dashboard/DashboardViewModel.kt:86:40 Unresolved reference 'basicInputs'.
e: file:///C:/Users/lauri/git/MyHealthStatus/app/src/main/java/com/gregor/lauritz/healthdashboard/ui/dashboard/DashboardViewModel.kt:87:38 Unresolved reference 'cardState'.
e: file:///C:/Users/lauri/git/MyHealthStatus/app/src/main/java/com/gregor/lauritz/healthdashboard/ui/dashboard/DashboardViewModel.kt:88:42 Unresolved reference 'realtimeState'.
e: file:///C:/Users/lauri/git/MyHealthStatus/app/src/main/java/com/gregor/lauritz/healthdashboard/ui/dashboard/DashboardViewModel.kt:91:45 Cannot infer type for type parameter 'T'. Specify it explicitly.
e: file:///C:/Users/lauri/git/MyHealthStatus/app/src/main/java/com/gregor/lauritz/healthdashboard/ui/dashboard/DashboardViewModel.kt:91:45 Cannot infer type for type parameter 'R'. Specify it explicitly.
e: file:///C:/Users/lauri/git/MyHealthStatus/app/src/main/java/com/gregor/lauritz/healthdashboard/ui/dashboard/DashboardViewModel.kt:91:49 Cannot infer type for type parameter 'T'. Specify it explicitly.
e: file:///C:/Users/lauri/git/MyHealthStatus/app/src/main/java/com/gregor/lauritz/healthdashboard/ui/dashboard/DashboardViewModel.kt:92:21 Unresolved reference 'SleepSessionSummary'.
e: file:///C:/Users/lauri/git/MyHealthStatus/app/src/main/java/com/gregor/lauritz/healthdashboard/ui/dashboard/DashboardViewModel.kt:93:41 Unresolved reference 'efficiency'.
e: file:///C:/Users/lauri/git/MyHealthStatus/app/src/main/java/com/gregor/lauritz/healthdashboard/ui/dashboard/DashboardViewModel.kt:94:40 Unresolved reference 'startTime'.
e: file:///C:/Users/lauri/git/MyHealthStatus/app/src/main/java/com/gregor/lauritz/healthdashboard/ui/dashboard/DashboardViewModel.kt:95:38 Unresolved reference 'endTime'.
e: file:///C:/Users/lauri/git/MyHealthStatus/app/src/main/java/com/gregor/lauritz/healthdashboard/ui/dashboard/DashboardViewModel.kt:100:41 Cannot infer type for type parameter 'T'. Specify it explicitly.
e: file:///C:/Users/lauri/git/MyHealthStatus/app/src/main/java/com/gregor/lauritz/healthdashboard/ui/dashboard/DashboardViewModel.kt:100:41 Cannot infer type for type parameter 'R'. Specify it explicitly.
e: file:///C:/Users/lauri/git/MyHealthStatus/app/src/main/java/com/gregor/lauritz/healthdashboard/ui/dashboard/DashboardViewModel.kt:101:21 No parameter with name 'summary' found.
e: file:///C:/Users/lauri/git/MyHealthStatus/app/src/main/java/com/gregor/lauritz/healthdashboard/ui/dashboard/DashboardViewModel.kt:102:21 No parameter with name 'prefs' found.
e: file:///C:/Users/lauri/git/MyHealthStatus/app/src/main/java/com/gregor/lauritz/healthdashboard/ui/dashboard/DashboardViewModel.kt:103:21 No parameter with name 'date' found.
e: file:///C:/Users/lauri/git/MyHealthStatus/app/src/main/java/com/gregor/lauritz/healthdashboard/ui/dashboard/DashboardViewModel.kt:104:21 No parameter with name 'lastSleepSession' found.
e: file:///C:/Users/lauri/git/MyHealthStatus/app/src/main/java/com/gregor/lauritz/healthdashboard/ui/dashboard/DashboardViewModel.kt:105:21 No parameter with name 'paiSummaries' found.
e: file:///C:/Users/lauri/git/MyHealthStatus/app/src/main/java/com/gregor/lauritz/healthdashboard/ui/dashboard/DashboardViewModel.kt:105:21 No value passed for parameter 'value'.
e: file:///C:/Users/lauri/git/MyHealthStatus/app/src/main/java/com/gregor/lauritz/healthdashboard/ui/dashboard/DashboardViewModel.kt:111:37 Unresolved reference 'cardDataMap'.
e: file:///C:/Users/lauri/git/MyHealthStatus/app/src/main/java/com/gregor/lauritz/healthdashboard/ui/dashboard/DashboardViewModel.kt:113:33 Argument type mismatch: actual type is 'MatchGroup?', but 'CardData?' was expected.
e: file:///C:/Users/lauri/git/MyHealthStatus/app/src/main/java/com/gregor/lauritz/healthdashboard/ui/dashboard/DashboardViewModel.kt:113:39 Unresolved reference 'cardDataMap'.
e: file:///C:/Users/lauri/git/MyHealthStatus/app/src/main/java/com/gregor/lauritz/healthdashboard/ui/dashboard/DashboardViewModel.kt:113:51 Unresolved reference 'CardId'.
e: file:///C:/Users/lauri/git/MyHealthStatus/app/src/main/java/com/gregor/lauritz/healthdashboard/ui/dashboard/DashboardViewModel.kt:114:43 Unresolved reference 'paiDailyBreakdown'.
e: file:///C:/Users/lauri/git/MyHealthStatus/app/src/main/java/com/gregor/lauritz/healthdashboard/ui/dashboard/DashboardViewModel.kt:126:82 Unresolved reference 'formatSleepDuration'.
e: file:///C:/Users/lauri/git/MyHealthStatus/app/src/main/java/com/gregor/lauritz/healthdashboard/ui/dashboard/DashboardViewModel.kt:130:40 Unresolved reference 'selectPreviousDay'.
e: file:///C:/Users/lauri/git/MyHealthStatus/app/src/main/java/com/gregor/lauritz/healthdashboard/ui/dashboard/DashboardViewModel.kt:136:40 Unresolved reference 'selectNextDay'.
e: file:///C:/Users/lauri/git/MyHealthStatus/app/src/main/java/com/gregor/lauritz/healthdashboard/ui/dashboard/DashboardViewModel.kt:153:21 Unresolved reference 'CardId'.
e: file:///C:/Users/lauri/git/MyHealthStatus/app/src/main/java/com/gregor/lauritz/healthdashboard/ui/dashboard/DashboardViewModel.kt:163:43 Unresolved reference 'CardConfiguration'.
e: file:///C:/Users/lauri/git/MyHealthStatus/app/src/main/java/com/gregor/lauritz/healthdashboard/ui/dashboard/DashboardViewModel.kt:174:28 Unresolved reference 'DashboardEvent'.
e: file:///C:/Users/lauri/git/MyHealthStatus/app/src/main/java/com/gregor/lauritz/healthdashboard/ui/dashboard/DashboardViewModel.kt:176:20 Unresolved reference 'DashboardEvent'.
e: file:///C:/Users/lauri/git/MyHealthStatus/app/src/main/java/com/gregor/lauritz/healthdashboard/ui/dashboard/DashboardViewModel.kt:178:48 Unresolved reference 'updateSelectedDate'.
e: file:///C:/Users/lauri/git/MyHealthStatus/app/src/main/java/com/gregor/lauritz/healthdashboard/ui/dashboard/DashboardViewModel.kt:178:73 Unresolved reference 'date'.
e: file:///C:/Users/lauri/git/MyHealthStatus/app/src/main/java/com/gregor/lauritz/healthdashboard/ui/dashboard/DashboardViewModel.kt:180:17 Unresolved reference 'DashboardEvent'.
e: file:///C:/Users/lauri/git/MyHealthStatus/app/src/main/java/com/gregor/lauritz/healthdashboard/ui/dashboard/DashboardViewModel.kt:181:17 Unresolved reference 'DashboardEvent'.
e: file:///C:/Users/lauri/git/MyHealthStatus/app/src/main/java/com/gregor/lauritz/healthdashboard/ui/dashboard/DashboardViewModel.kt:182:17 Unresolved reference 'DashboardEvent'.
e: file:///C:/Users/lauri/git/MyHealthStatus/app/src/main/java/com/gregor/lauritz/healthdashboard/ui/dashboard/DashboardViewModel.kt:183:17 Unresolved reference 'DashboardEvent'.
e: file:///C:/Users/lauri/git/MyHealthStatus/app/src/main/java/com/gregor/lauritz/healthdashboard/ui/dashboard/DashboardViewModel.kt:190:46 Unresolved reference 'triggerImmediateSync'.
e: file:///C:/Users/lauri/git/MyHealthStatus/app/src/main/java/com/gregor/lauritz/healthdashboard/ui/dashboard/DashboardViewModel.kt:191:38 Unresolved reference 'invalidate'.
e: file:///C:/Users/lauri/git/MyHealthStatus/app/src/main/java/com/gregor/lauritz/healthdashboard/ui/dashboard/DashboardViewModel.kt:209:18 Unresolved reference 'DailySummary'.
e: file:///C:/Users/lauri/git/MyHealthStatus/app/src/main/java/com/gregor/lauritz/healthdashboard/ui/dashboard/DashboardViewModel.kt:211:26 Unresolved reference 'CardId'.
e: file:///C:/Users/lauri/git/MyHealthStatus/app/src/main/java/com/gregor/lauritz/healthdashboard/ui/dashboard/DashboardViewModel.kt:211:46 Cannot infer type for type parameter 'K'. Specify it explicitly.
e: file:///C:/Users/lauri/git/MyHealthStatus/app/src/main/java/com/gregor/lauritz/healthdashboard/ui/dashboard/DashboardViewModel.kt:211:46 Cannot infer type for type parameter 'V'. Specify it explicitly.
e: file:///C:/Users/lauri/git/MyHealthStatus/app/src/main/java/com/gregor/lauritz/healthdashboard/ui/dashboard/DashboardViewModel.kt:212:31 Unresolved reference 'CircadianConsistencyResult'.
e: file:///C:/Users/lauri/git/MyHealthStatus/app/src/main/java/com/gregor/lauritz/healthdashboard/ui/dashboard/DashboardViewModel.kt:217:27 Unresolved reference 'SleepSessionSummary'.
e: file:///C:/Users/lauri/git/MyHealthStatus/app/src/main/java/com/gregor/lauritz/healthdashboard/ui/dashboard/DashboardViewModel.kt:218:34 Unresolved reference 'CardConfiguration'.
e: file:///C:/Users/lauri/git/MyHealthStatus/app/src/main/java/com/gregor/lauritz/healthdashboard/ui/dashboard/DashboardViewModel.kt:218:55 Cannot infer type for type parameter 'T'. Specify it explicitly.
e: file:///C:/Users/lauri/git/MyHealthStatus/app/src/main/java/com/gregor/lauritz/healthdashboard/ui/dashboard/DashboardViewModel.kt:231:17 Unresolved reference 'MetricStatus'.
e: file:///C:/Users/lauri/git/MyHealthStatus/app/src/main/java/com/gregor/lauritz/healthdashboard/ui/sleep/SleepViewModel.kt:6:60 Unresolved reference 'SettingsRepository'.
e: file:///C:/Users/lauri/git/MyHealthStatus/app/src/main/java/com/gregor/lauritz/healthdashboard/ui/sleep/SleepViewModel.kt:7:59 Unresolved reference 'SelectedDateRepository'.
e: file:///C:/Users/lauri/git/MyHealthStatus/app/src/main/java/com/gregor/lauritz/healthdashboard/ui/sleep/SleepViewModel.kt:8:50 Unresolved reference 'model'.
e: file:///C:/Users/lauri/git/MyHealthStatus/app/src/main/java/com/gregor/lauritz/healthdashboard/ui/sleep/SleepViewModel.kt:9:50 Unresolved reference 'repository'.
e: file:///C:/Users/lauri/git/MyHealthStatus/app/src/main/java/com/gregor/lauritz/healthdashboard/ui/sleep/SleepViewModel.kt:10:50 Unresolved reference 'repository'.
e: file:///C:/Users/lauri/git/MyHealthStatus/app/src/main/java/com/gregor/lauritz/healthdashboard/ui/sleep/SleepViewModel.kt:11:50 Unresolved reference 'repository'.
e: file:///C:/Users/lauri/git/MyHealthStatus/app/src/main/java/com/gregor/lauritz/healthdashboard/ui/sleep/SleepViewModel.kt:12:50 Unresolved reference 'repository'.
e: file:///C:/Users/lauri/git/MyHealthStatus/app/src/main/java/com/gregor/lauritz/healthdashboard/ui/sleep/SleepViewModel.kt:13:58 Unresolved reference 'CircadianConsistencyRepository'.
e: file:///C:/Users/lauri/git/MyHealthStatus/app/src/main/java/com/gregor/lauritz/healthdashboard/ui/sleep/SleepViewModel.kt:14:58 Unresolved reference 'CircadianConsistencyResult'.
e: file:///C:/Users/lauri/git/MyHealthStatus/app/src/main/java/com/gregor/lauritz/healthdashboard/ui/sleep/SleepViewModel.kt:15:55 Unresolved reference 'ForegroundSyncController'.
e: file:///C:/Users/lauri/git/MyHealthStatus/app/src/main/java/com/gregor/lauritz/healthdashboard/ui/sleep/SleepViewModel.kt:16:50 Unresolved reference 'util'.
e: file:///C:/Users/lauri/git/MyHealthStatus/app/src/main/java/com/gregor/lauritz/healthdashboard/ui/sleep/SleepViewModel.kt:17:53 Unresolved reference 'DailyDataPoint'.
e: file:///C:/Users/lauri/git/MyHealthStatus/app/src/main/java/com/gregor/lauritz/healthdashboard/ui/sleep/SleepViewModel.kt:18:53 Unresolved reference 'TimeRange'.
e: file:///C:/Users/lauri/git/MyHealthStatus/app/src/main/java/com/gregor/lauritz/healthdashboard/ui/sleep/SleepViewModel.kt:19:53 Unresolved reference 'padToRange'.
e: file:///C:/Users/lauri/git/MyHealthStatus/app/src/main/java/com/gregor/lauritz/healthdashboard/ui/sleep/SleepViewModel.kt:49:24 Unresolved reference 'DailySummary'.
e: file:///C:/Users/lauri/git/MyHealthStatus/app/src/main/java/com/gregor/lauritz/healthdashboard/ui/sleep/SleepViewModel.kt:50:24 Unresolved reference 'SleepSessionData'.
e: file:///C:/Users/lauri/git/MyHealthStatus/app/src/main/java/com/gregor/lauritz/healthdashboard/ui/sleep/SleepViewModel.kt:51:24 Unresolved reference 'DailyDataPoint'.
e: file:///C:/Users/lauri/git/MyHealthStatus/app/src/main/java/com/gregor/lauritz/healthdashboard/ui/sleep/SleepViewModel.kt:51:42 Cannot infer type for type parameter 'T'. Specify it explicitly.
e: file:///C:/Users/lauri/git/MyHealthStatus/app/src/main/java/com/gregor/lauritz/healthdashboard/ui/sleep/SleepViewModel.kt:52:24 Unresolved reference 'DailyDataPoint'.
e: file:///C:/Users/lauri/git/MyHealthStatus/app/src/main/java/com/gregor/lauritz/healthdashboard/ui/sleep/SleepViewModel.kt:52:42 Cannot infer type for type parameter 'T'. Specify it explicitly.
e: file:///C:/Users/lauri/git/MyHealthStatus/app/src/main/java/com/gregor/lauritz/healthdashboard/ui/sleep/SleepViewModel.kt:55:24 Unresolved reference 'TimeRange'.
e: file:///C:/Users/lauri/git/MyHealthStatus/app/src/main/java/com/gregor/lauritz/healthdashboard/ui/sleep/SleepViewModel.kt:55:36 Unresolved reference 'TimeRange'.
e: file:///C:/Users/lauri/git/MyHealthStatus/app/src/main/java/com/gregor/lauritz/healthdashboard/ui/sleep/SleepViewModel.kt:63:24 Unresolved reference 'DailySummary'.
e: file:///C:/Users/lauri/git/MyHealthStatus/app/src/main/java/com/gregor/lauritz/healthdashboard/ui/sleep/SleepViewModel.kt:64:22 Unresolved reference 'SleepSessionData'.
e: file:///C:/Users/lauri/git/MyHealthStatus/app/src/main/java/com/gregor/lauritz/healthdashboard/ui/sleep/SleepViewModel.kt:65:25 Unresolved reference 'DailySummary'.
e: file:///C:/Users/lauri/git/MyHealthStatus/app/src/main/java/com/gregor/lauritz/healthdashboard/ui/sleep/SleepViewModel.kt:66:68 Unresolved reference 'UserPreferences'.
e: file:///C:/Users/lauri/git/MyHealthStatus/app/src/main/java/com/gregor/lauritz/healthdashboard/ui/sleep/SleepViewModel.kt:73:45 Unresolved reference 'DailySummaryRepository'.
e: file:///C:/Users/lauri/git/MyHealthStatus/app/src/main/java/com/gregor/lauritz/healthdashboard/ui/sleep/SleepViewModel.kt:74:45 Unresolved reference 'SleepSessionRepository'.
e: file:///C:/Users/lauri/git/MyHealthStatus/app/src/main/java/com/gregor/lauritz/healthdashboard/ui/sleep/SleepViewModel.kt:75:42 Unresolved reference 'HeartRateRepository'.
e: file:///C:/Users/lauri/git/MyHealthStatus/app/src/main/java/com/gregor/lauritz/healthdashboard/ui/sleep/SleepViewModel.kt:76:35 Unresolved reference 'SettingsRepository'.
e: file:///C:/Users/lauri/git/MyHealthStatus/app/src/main/java/com/gregor/lauritz/healthdashboard/ui/sleep/SleepViewModel.kt:77:45 Unresolved reference 'SelectedDateRepository'.
e: file:///C:/Users/lauri/git/MyHealthStatus/app/src/main/java/com/gregor/lauritz/healthdashboard/ui/sleep/SleepViewModel.kt:78:36 Unresolved reference 'CircadianConsistencyRepository'.
e: file:///C:/Users/lauri/git/MyHealthStatus/app/src/main/java/com/gregor/lauritz/healthdashboard/ui/sleep/SleepViewModel.kt:79:47 Unresolved reference 'ForegroundSyncController'.
e: file:///C:/Users/lauri/git/MyHealthStatus/app/src/main/java/com/gregor/lauritz/healthdashboard/ui/sleep/SleepViewModel.kt:83:13 Cannot infer type for type parameter 'T'. Specify it explicitly.
e: file:///C:/Users/lauri/git/MyHealthStatus/app/src/main/java/com/gregor/lauritz/healthdashboard/ui/sleep/SleepViewModel.kt:83:13 Inapplicable candidate(s): fun <T> MutableStateFlow(value: T): MutableStateFlow<T>
e: file:///C:/Users/lauri/git/MyHealthStatus/app/src/main/java/com/gregor/lauritz/healthdashboard/ui/sleep/SleepViewModel.kt:84:34 Inapplicable candidate(s): fun <T> get(key: String): T?
e: file:///C:/Users/lauri/git/MyHealthStatus/app/src/main/java/com/gregor/lauritz/healthdashboard/ui/sleep/SleepViewModel.kt:84:38 Unresolved reference 'TimeRange'.
e: file:///C:/Users/lauri/git/MyHealthStatus/app/src/main/java/com/gregor/lauritz/healthdashboard/ui/sleep/SleepViewModel.kt:84:69 Unresolved reference 'TimeRange'.
e: file:///C:/Users/lauri/git/MyHealthStatus/app/src/main/java/com/gregor/lauritz/healthdashboard/ui/sleep/SleepViewModel.kt:86:38 Unresolved reference 'TimeRange'.
e: file:///C:/Users/lauri/git/MyHealthStatus/app/src/main/java/com/gregor/lauritz/healthdashboard/ui/sleep/SleepViewModel.kt:86:66 Cannot infer type for type parameter 'T'. Specify it explicitly.
e: file:///C:/Users/lauri/git/MyHealthStatus/app/src/main/java/com/gregor/lauritz/healthdashboard/ui/sleep/SleepViewModel.kt:94:36 Unresolved reference 'selectedDate'.
e: file:///C:/Users/lauri/git/MyHealthStatus/app/src/main/java/com/gregor/lauritz/healthdashboard/ui/sleep/SleepViewModel.kt:95:18 Cannot infer type for type parameter 'T'. Specify it explicitly.
e: file:///C:/Users/lauri/git/MyHealthStatus/app/src/main/java/com/gregor/lauritz/healthdashboard/ui/sleep/SleepViewModel.kt:95:18 Cannot infer type for type parameter 'R'. Specify it explicitly.
e: file:///C:/Users/lauri/git/MyHealthStatus/app/src/main/java/com/gregor/lauritz/healthdashboard/ui/sleep/SleepViewModel.kt:95:34 Cannot infer type for type parameter 'T'. Specify it explicitly.
e: file:///C:/Users/lauri/git/MyHealthStatus/app/src/main/java/com/gregor/lauritz/healthdashboard/ui/sleep/SleepViewModel.kt:96:21 Cannot infer type for type parameter 'T1'. Specify it explicitly.
e: file:///C:/Users/lauri/git/MyHealthStatus/app/src/main/java/com/gregor/lauritz/healthdashboard/ui/sleep/SleepViewModel.kt:96:21 Cannot infer type for type parameter 'T2'. Specify it explicitly.
e: file:///C:/Users/lauri/git/MyHealthStatus/app/src/main/java/com/gregor/lauritz/healthdashboard/ui/sleep/SleepViewModel.kt:96:21 Cannot infer type for type parameter 'R'. Specify it explicitly.
e: file:///C:/Users/lauri/git/MyHealthStatus/app/src/main/java/com/gregor/lauritz/healthdashboard/ui/sleep/SleepViewModel.kt:98:30 Unresolved reference 'observeSleepHrvSince'.
e: file:///C:/Users/lauri/git/MyHealthStatus/app/src/main/java/com/gregor/lauritz/healthdashboard/ui/sleep/SleepViewModel.kt:98:51 Unresolved reference 'TimeRange'.
e: file:///C:/Users/lauri/git/MyHealthStatus/app/src/main/java/com/gregor/lauritz/healthdashboard/ui/sleep/SleepViewModel.kt:99:30 Cannot infer type for type parameter 'T'. Specify it explicitly.
e: file:///C:/Users/lauri/git/MyHealthStatus/app/src/main/java/com/gregor/lauritz/healthdashboard/ui/sleep/SleepViewModel.kt:99:30 Cannot infer type for type parameter 'R'. Specify it explicitly.
e: file:///C:/Users/lauri/git/MyHealthStatus/app/src/main/java/com/gregor/lauritz/healthdashboard/ui/sleep/SleepViewModel.kt:99:36 Cannot infer type for type parameter 'T'. Specify it explicitly.
e: file:///C:/Users/lauri/git/MyHealthStatus/app/src/main/java/com/gregor/lauritz/healthdashboard/ui/sleep/SleepViewModel.kt:105:46 Cannot infer type for type parameter 'T'. Specify it explicitly.
e: file:///C:/Users/lauri/git/MyHealthStatus/app/src/main/java/com/gregor/lauritz/healthdashboard/ui/sleep/SleepViewModel.kt:105:46 Cannot infer type for type parameter 'R'. Specify it explicitly.
e: file:///C:/Users/lauri/git/MyHealthStatus/app/src/main/java/com/gregor/lauritz/healthdashboard/ui/sleep/SleepViewModel.kt:105:50 Cannot infer type for type parameter 'T'. Specify it explicitly.
e: file:///C:/Users/lauri/git/MyHealthStatus/app/src/main/java/com/gregor/lauritz/healthdashboard/ui/sleep/SleepViewModel.kt:105:55 Unresolved reference 'rmssdMs'.
e: file:///C:/Users/lauri/git/MyHealthStatus/app/src/main/java/com/gregor/lauritz/healthdashboard/ui/sleep/SleepViewModel.kt:106:46 Unresolved reference 'sorted'.
e: file:///C:/Users/lauri/git/MyHealthStatus/app/src/main/java/com/gregor/lauritz/healthdashboard/ui/sleep/SleepViewModel.kt:109:58 Unresolved reference 'plus' for operator '+'.
e: file:///C:/Users/lauri/git/MyHealthStatus/app/src/main/java/com/gregor/lauritz/healthdashboard/ui/sleep/SleepViewModel.kt:116:30 Unresolved reference 'observeSleepHrSince'.
e: file:///C:/Users/lauri/git/MyHealthStatus/app/src/main/java/com/gregor/lauritz/healthdashboard/ui/sleep/SleepViewModel.kt:116:50 Unresolved reference 'TimeRange'.
e: file:///C:/Users/lauri/git/MyHealthStatus/app/src/main/java/com/gregor/lauritz/healthdashboard/ui/sleep/SleepViewModel.kt:117:30 Cannot infer type for type parameter 'T'. Specify it explicitly.
e: file:///C:/Users/lauri/git/MyHealthStatus/app/src/main/java/com/gregor/lauritz/healthdashboard/ui/sleep/SleepViewModel.kt:117:30 Cannot infer type for type parameter 'R'. Specify it explicitly.
e: file:///C:/Users/lauri/git/MyHealthStatus/app/src/main/java/com/gregor/lauritz/healthdashboard/ui/sleep/SleepViewModel.kt:117:36 Cannot infer type for type parameter 'T'. Specify it explicitly.
e: file:///C:/Users/lauri/git/MyHealthStatus/app/src/main/java/com/gregor/lauritz/healthdashboard/ui/sleep/SleepViewModel.kt:123:56 Unresolved reference 'it'.
e: file:///C:/Users/lauri/git/MyHealthStatus/app/src/main/java/com/gregor/lauritz/healthdashboard/ui/sleep/SleepViewModel.kt:124:46 Unresolved reference 'values'.
e: file:///C:/Users/lauri/git/MyHealthStatus/app/src/main/java/com/gregor/lauritz/healthdashboard/ui/sleep/SleepViewModel.kt:125:46 Cannot infer type for type parameter 'T'. Specify it explicitly.
e: file:///C:/Users/lauri/git/MyHealthStatus/app/src/main/java/com/gregor/lauritz/healthdashboard/ui/sleep/SleepViewModel.kt:125:46 Cannot infer type for type parameter 'R'. Specify it explicitly.
e: file:///C:/Users/lauri/git/MyHealthStatus/app/src/main/java/com/gregor/lauritz/healthdashboard/ui/sleep/SleepViewModel.kt:125:52 Cannot infer type for type parameter 'T'. Specify it explicitly.
e: file:///C:/Users/lauri/git/MyHealthStatus/app/src/main/java/com/gregor/lauritz/healthdashboard/ui/sleep/SleepViewModel.kt:127:54 Cannot infer type for type parameter 'T'. Specify it explicitly.
e: file:///C:/Users/lauri/git/MyHealthStatus/app/src/main/java/com/gregor/lauritz/healthdashboard/ui/sleep/SleepViewModel.kt:127:54 Cannot infer type for type parameter 'R'. Specify it explicitly.
e: file:///C:/Users/lauri/git/MyHealthStatus/app/src/main/java/com/gregor/lauritz/healthdashboard/ui/sleep/SleepViewModel.kt:127:58 Cannot infer type for type parameter 'T'. Specify it explicitly.
e: file:///C:/Users/lauri/git/MyHealthStatus/app/src/main/java/com/gregor/lauritz/healthdashboard/ui/sleep/SleepViewModel.kt:127:63 Unresolved reference 'beatsPerMinute'.
e: file:///C:/Users/lauri/git/MyHealthStatus/app/src/main/java/com/gregor/lauritz/healthdashboard/ui/sleep/SleepViewModel.kt:128:54 Unresolved reference 'average'.
e: file:///C:/Users/lauri/git/MyHealthStatus/app/src/main/java/com/gregor/lauritz/healthdashboard/ui/sleep/SleepViewModel.kt:131:62 Unresolved reference 'sorted'.
e: file:///C:/Users/lauri/git/MyHealthStatus/app/src/main/java/com/gregor/lauritz/healthdashboard/ui/sleep/SleepViewModel.kt:135:62 Unresolved reference 'plus' for operator '+'.
e: file:///C:/Users/lauri/git/MyHealthStatus/app/src/main/java/com/gregor/lauritz/healthdashboard/ui/sleep/SleepViewModel.kt:139:44 Unresolved reference 'toInt'.
e: file:///C:/Users/lauri/git/MyHealthStatus/app/src/main/java/com/gregor/lauritz/healthdashboard/ui/sleep/SleepViewModel.kt:142:25 Cannot infer type for type parameter 'T1'. Specify it explicitly.
e: file:///C:/Users/lauri/git/MyHealthStatus/app/src/main/java/com/gregor/lauritz/healthdashboard/ui/sleep/SleepViewModel.kt:142:30 Cannot infer type for type parameter 'T2'. Specify it explicitly.
e: file:///C:/Users/lauri/git/MyHealthStatus/app/src/main/java/com/gregor/lauritz/healthdashboard/ui/sleep/SleepViewModel.kt:153:36 Unresolved reference 'selectedDate'.
e: file:///C:/Users/lauri/git/MyHealthStatus/app/src/main/java/com/gregor/lauritz/healthdashboard/ui/sleep/SleepViewModel.kt:154:18 Cannot infer type for type parameter 'T'. Specify it explicitly.
e: file:///C:/Users/lauri/git/MyHealthStatus/app/src/main/java/com/gregor/lauritz/healthdashboard/ui/sleep/SleepViewModel.kt:154:18 Cannot infer type for type parameter 'R'. Specify it explicitly.
e: file:///C:/Users/lauri/git/MyHealthStatus/app/src/main/java/com/gregor/lauritz/healthdashboard/ui/sleep/SleepViewModel.kt:154:34 Cannot infer type for type parameter 'T'. Specify it explicitly.
e: file:///C:/Users/lauri/git/MyHealthStatus/app/src/main/java/com/gregor/lauritz/healthdashboard/ui/sleep/SleepViewModel.kt:155:35 Unresolved reference 'resultFor'.
e: file:///C:/Users/lauri/git/MyHealthStatus/app/src/main/java/com/gregor/lauritz/healthdashboard/ui/sleep/SleepViewModel.kt:156:19 Cannot infer type for type parameter 'T'. Specify it explicitly.
e: file:///C:/Users/lauri/git/MyHealthStatus/app/src/main/java/com/gregor/lauritz/healthdashboard/ui/sleep/SleepViewModel.kt:159:36 Unresolved reference 'CircadianConsistencyResult'.
e: file:///C:/Users/lauri/git/MyHealthStatus/app/src/main/java/com/gregor/lauritz/healthdashboard/ui/sleep/SleepViewModel.kt:164:13 Cannot infer type for type parameter 'T1'. Specify it explicitly.
e: file:///C:/Users/lauri/git/MyHealthStatus/app/src/main/java/com/gregor/lauritz/healthdashboard/ui/sleep/SleepViewModel.kt:164:13 Cannot infer type for type parameter 'T2'. Specify it explicitly.
e: file:///C:/Users/lauri/git/MyHealthStatus/app/src/main/java/com/gregor/lauritz/healthdashboard/ui/sleep/SleepViewModel.kt:164:13 Cannot infer type for type parameter 'R'. Specify it explicitly.
e: file:///C:/Users/lauri/git/MyHealthStatus/app/src/main/java/com/gregor/lauritz/healthdashboard/ui/sleep/SleepViewModel.kt:166:40 Unresolved reference 'selectedDate'.
e: file:///C:/Users/lauri/git/MyHealthStatus/app/src/main/java/com/gregor/lauritz/healthdashboard/ui/sleep/SleepViewModel.kt:167:17 Cannot infer type for type parameter 'T1'. Specify it explicitly.
e: file:///C:/Users/lauri/git/MyHealthStatus/app/src/main/java/com/gregor/lauritz/healthdashboard/ui/sleep/SleepViewModel.kt:167:24 Cannot infer type for type parameter 'T2'. Specify it explicitly.
e: file:///C:/Users/lauri/git/MyHealthStatus/app/src/main/java/com/gregor/lauritz/healthdashboard/ui/sleep/SleepViewModel.kt:167:38 Cannot infer type for type parameter 'A'. Specify it explicitly.
e: file:///C:/Users/lauri/git/MyHealthStatus/app/src/main/java/com/gregor/lauritz/healthdashboard/ui/sleep/SleepViewModel.kt:167:38 Cannot infer type for type parameter 'B'. Specify it explicitly.
e: file:///C:/Users/lauri/git/MyHealthStatus/app/src/main/java/com/gregor/lauritz/healthdashboard/ui/sleep/SleepViewModel.kt:168:18 Cannot infer type for type parameter 'T'. Specify it explicitly.
e: file:///C:/Users/lauri/git/MyHealthStatus/app/src/main/java/com/gregor/lauritz/healthdashboard/ui/sleep/SleepViewModel.kt:168:18 Cannot infer type for type parameter 'R'. Specify it explicitly.
e: file:///C:/Users/lauri/git/MyHealthStatus/app/src/main/java/com/gregor/lauritz/healthdashboard/ui/sleep/SleepViewModel.kt:168:34 Cannot infer type for type parameter 'T'. Specify it explicitly.
e: file:///C:/Users/lauri/git/MyHealthStatus/app/src/main/java/com/gregor/lauritz/healthdashboard/ui/sleep/SleepViewModel.kt:168:34 Operator call 'component1()' is ambiguous for destructuring of type 'uninferred ??? (Unknown type for type parameter T)'. Applicable candidates:
fun <T> Array<out T>.component1(): T
fun ByteArray.component1(): Byte
fun ShortArray.component1(): Short
fun IntArray.component1(): Int
fun LongArray.component1(): Long
fun FloatArray.component1(): Float
fun DoubleArray.component1(): Double
fun BooleanArray.component1(): Boolean
fun CharArray.component1(): Char
fun <T> List<T>.component1(): T
fun <K, V> Map.Entry<K, V>.component1(): K
fun UIntArray.component1(): UInt
fun ULongArray.component1(): ULong
fun UByteArray.component1(): UByte
fun UShortArray.component1(): UShort
e: file:///C:/Users/lauri/git/MyHealthStatus/app/src/main/java/com/gregor/lauritz/healthdashboard/ui/sleep/SleepViewModel.kt:168:34 Operator call 'component2()' is ambiguous for destructuring of type 'uninferred ??? (Unknown type for type parameter T)'. Applicable candidates:
fun <T> Array<out T>.component2(): T
fun ByteArray.component2(): Byte
fun ShortArray.component2(): Short
fun IntArray.component2(): Int
fun LongArray.component2(): Long
fun FloatArray.component2(): Float
fun DoubleArray.component2(): Double
fun BooleanArray.component2(): Boolean
fun CharArray.component2(): Char
fun <T> List<T>.component2(): T
fun <K, V> Map.Entry<K, V>.component2(): V
fun UIntArray.component2(): UInt
fun ULongArray.component2(): ULong
fun UByteArray.component2(): UByte
fun UShortArray.component2(): UShort
e: file:///C:/Users/lauri/git/MyHealthStatus/app/src/main/java/com/gregor/lauritz/healthdashboard/ui/sleep/SleepViewModel.kt:169:40 Unresolved reference 'fromMs'.
e: file:///C:/Users/lauri/git/MyHealthStatus/app/src/main/java/com/gregor/lauritz/healthdashboard/ui/sleep/SleepViewModel.kt:174:30 Unresolved reference 'atStartOfDay'.
e: file:///C:/Users/lauri/git/MyHealthStatus/app/src/main/java/com/gregor/lauritz/healthdashboard/ui/sleep/SleepViewModel.kt:179:30 Unresolved reference 'plusDays'.
e: file:///C:/Users/lauri/git/MyHealthStatus/app/src/main/java/com/gregor/lauritz/healthdashboard/ui/sleep/SleepViewModel.kt:193:34 Unresolved reference 'observeSince'.
e: file:///C:/Users/lauri/git/MyHealthStatus/app/src/main/java/com/gregor/lauritz/healthdashboard/ui/sleep/SleepViewModel.kt:194:34 Cannot infer type for type parameter 'T'. Specify it explicitly.
e: file:///C:/Users/lauri/git/MyHealthStatus/app/src/main/java/com/gregor/lauritz/healthdashboard/ui/sleep/SleepViewModel.kt:194:34 Cannot infer type for type parameter 'R'. Specify it explicitly.
e: file:///C:/Users/lauri/git/MyHealthStatus/app/src/main/java/com/gregor/lauritz/healthdashboard/ui/sleep/SleepViewModel.kt:194:38 Cannot infer type for type parameter 'T'. Specify it explicitly.
e: file:///C:/Users/lauri/git/MyHealthStatus/app/src/main/java/com/gregor/lauritz/healthdashboard/ui/sleep/SleepViewModel.kt:196:29 Cannot infer type for type parameter 'T'. Specify it explicitly.
e: file:///C:/Users/lauri/git/MyHealthStatus/app/src/main/java/com/gregor/lauritz/healthdashboard/ui/sleep/SleepViewModel.kt:199:42 Unresolved reference 'getByDate'.
e: file:///C:/Users/lauri/git/MyHealthStatus/app/src/main/java/com/gregor/lauritz/healthdashboard/ui/sleep/SleepViewModel.kt:207:25 Cannot infer type for type parameter 'T1'. Specify it explicitly.
e: file:///C:/Users/lauri/git/MyHealthStatus/app/src/main/java/com/gregor/lauritz/healthdashboard/ui/sleep/SleepViewModel.kt:207:25 Cannot infer type for type parameter 'T2'. Specify it explicitly.
e: file:///C:/Users/lauri/git/MyHealthStatus/app/src/main/java/com/gregor/lauritz/healthdashboard/ui/sleep/SleepViewModel.kt:207:25 Cannot infer type for type parameter 'T3'. Specify it explicitly.
e: file:///C:/Users/lauri/git/MyHealthStatus/app/src/main/java/com/gregor/lauritz/healthdashboard/ui/sleep/SleepViewModel.kt:207:25 Cannot infer type for type parameter 'T4'. Specify it explicitly.
e: file:///C:/Users/lauri/git/MyHealthStatus/app/src/main/java/com/gregor/lauritz/healthdashboard/ui/sleep/SleepViewModel.kt:207:25 Cannot infer type for type parameter 'R'. Specify it explicitly.
e: file:///C:/Users/lauri/git/MyHealthStatus/app/src/main/java/com/gregor/lauritz/healthdashboard/ui/sleep/SleepViewModel.kt:209:52 Unresolved reference 'observeFirstSessionEndingInRange'.
e: file:///C:/Users/lauri/git/MyHealthStatus/app/src/main/java/com/gregor/lauritz/healthdashboard/ui/sleep/SleepViewModel.kt:213:52 Unresolved reference 'observeSince'.
e: file:///C:/Users/lauri/git/MyHealthStatus/app/src/main/java/com/gregor/lauritz/healthdashboard/ui/sleep/SleepViewModel.kt:214:42 Unresolved reference 'userPreferences'.
e: file:///C:/Users/lauri/git/MyHealthStatus/app/src/main/java/com/gregor/lauritz/healthdashboard/ui/sleep/SleepViewModel.kt:215:29 Cannot infer type for type parameter 'T1'. Specify it explicitly.
e: file:///C:/Users/lauri/git/MyHealthStatus/app/src/main/java/com/gregor/lauritz/healthdashboard/ui/sleep/SleepViewModel.kt:215:44 Cannot infer type for type parameter 'T2'. Specify it explicitly.
e: file:///C:/Users/lauri/git/MyHealthStatus/app/src/main/java/com/gregor/lauritz/healthdashboard/ui/sleep/SleepViewModel.kt:215:59 Cannot infer type for type parameter 'T3'. Specify it explicitly.
e: file:///C:/Users/lauri/git/MyHealthStatus/app/src/main/java/com/gregor/lauritz/healthdashboard/ui/sleep/SleepViewModel.kt:215:70 Cannot infer type for type parameter 'T4'. Specify it explicitly.
e: file:///C:/Users/lauri/git/MyHealthStatus/app/src/main/java/com/gregor/lauritz/healthdashboard/ui/sleep/SleepViewModel.kt:219:21 Cannot infer type for type parameter 'T1'. Specify it explicitly.
e: file:///C:/Users/lauri/git/MyHealthStatus/app/src/main/java/com/gregor/lauritz/healthdashboard/ui/sleep/SleepViewModel.kt:219:21 Cannot infer type for type parameter 'T3'. Specify it explicitly.
e: file:///C:/Users/lauri/git/MyHealthStatus/app/src/main/java/com/gregor/lauritz/healthdashboard/ui/sleep/SleepViewModel.kt:219:21 Cannot infer type for type parameter 'R'. Specify it explicitly.
e: file:///C:/Users/lauri/git/MyHealthStatus/app/src/main/java/com/gregor/lauritz/healthdashboard/ui/sleep/SleepViewModel.kt:222:50 Unresolved reference 'isSyncing'.
e: file:///C:/Users/lauri/git/MyHealthStatus/app/src/main/java/com/gregor/lauritz/healthdashboard/ui/sleep/SleepViewModel.kt:223:25 Cannot infer type for type parameter 'T1'. Specify it explicitly.
e: file:///C:/Users/lauri/git/MyHealthStatus/app/src/main/java/com/gregor/lauritz/healthdashboard/ui/sleep/SleepViewModel.kt:223:42 Cannot infer type for type parameter 'T3'. Specify it explicitly.
e: file:///C:/Users/lauri/git/MyHealthStatus/app/src/main/java/com/gregor/lauritz/healthdashboard/ui/sleep/SleepViewModel.kt:224:80 Operator call 'component1()' is ambiguous for destructuring of type 'uninferred ??? (Unknown type for type parameter T1)'. Applicable candidates:
fun <T> Array<out T>.component1(): T
fun ByteArray.component1(): Byte
fun ShortArray.component1(): Short
fun IntArray.component1(): Int
fun LongArray.component1(): Long
fun FloatArray.component1(): Float
fun DoubleArray.component1(): Double
fun BooleanArray.component1(): Boolean
fun CharArray.component1(): Char
fun <T> List<T>.component1(): T
fun <K, V> Map.Entry<K, V>.component1(): K
fun UIntArray.component1(): UInt
fun ULongArray.component1(): ULong
fun UByteArray.component1(): UByte
fun UShortArray.component1(): UShort
e: file:///C:/Users/lauri/git/MyHealthStatus/app/src/main/java/com/gregor/lauritz/healthdashboard/ui/sleep/SleepViewModel.kt:224:80 Operator call 'component2()' is ambiguous for destructuring of type 'uninferred ??? (Unknown type for type parameter T1)'. Applicable candidates:
fun <T> Array<out T>.component2(): T
fun ByteArray.component2(): Byte
fun ShortArray.component2(): Short
fun IntArray.component2(): Int
fun LongArray.component2(): Long
fun FloatArray.component2(): Float
fun DoubleArray.component2(): Double
fun BooleanArray.component2(): Boolean
fun CharArray.component2(): Char
fun <T> List<T>.component2(): T
fun <K, V> Map.Entry<K, V>.component2(): V
fun UIntArray.component2(): UInt
fun ULongArray.component2(): ULong
fun UByteArray.component2(): UByte
fun UShortArray.component2(): UShort
e: file:///C:/Users/lauri/git/MyHealthStatus/app/src/main/java/com/gregor/lauritz/healthdashboard/ui/sleep/SleepViewModel.kt:224:80 Operator call 'component3()' is ambiguous for destructuring of type 'uninferred ??? (Unknown type for type parameter T1)'. Applicable candidates:
fun <T> Array<out T>.component3(): T
fun ByteArray.component3(): Byte
fun ShortArray.component3(): Short
fun IntArray.component3(): Int
fun LongArray.component3(): Long
fun FloatArray.component3(): Float
fun DoubleArray.component3(): Double
fun BooleanArray.component3(): Boolean
fun CharArray.component3(): Char
fun <T> List<T>.component3(): T
fun UIntArray.component3(): UInt
fun ULongArray.component3(): ULong
fun UByteArray.component3(): UByte
fun UShortArray.component3(): UShort
e: file:///C:/Users/lauri/git/MyHealthStatus/app/src/main/java/com/gregor/lauritz/healthdashboard/ui/sleep/SleepViewModel.kt:224:80 Operator call 'component4()' is ambiguous for destructuring of type 'uninferred ??? (Unknown type for type parameter T1)'. Applicable candidates:
fun <T> Array<out T>.component4(): T
fun ByteArray.component4(): Byte
fun ShortArray.component4(): Short
fun IntArray.component4(): Int
fun LongArray.component4(): Long
fun FloatArray.component4(): Float
fun DoubleArray.component4(): Double
fun BooleanArray.component4(): Boolean
fun CharArray.component4(): Char
fun <T> List<T>.component4(): T
fun UIntArray.component4(): UInt
fun ULongArray.component4(): ULong
fun UByteArray.component4(): UByte
fun UShortArray.component4(): UShort
e: file:///C:/Users/lauri/git/MyHealthStatus/app/src/main/java/com/gregor/lauritz/healthdashboard/ui/sleep/SleepViewModel.kt:231:47 Cannot infer type for value parameter 's'. Specify it explicitly.
e: file:///C:/Users/lauri/git/MyHealthStatus/app/src/main/java/com/gregor/lauritz/healthdashboard/ui/sleep/SleepViewModel.kt:232:39 Unresolved reference 'nocturnalHrv'.
e: file:///C:/Users/lauri/git/MyHealthStatus/app/src/main/java/com/gregor/lauritz/healthdashboard/ui/sleep/SleepViewModel.kt:232:53 Cannot infer type for type parameter 'T'. Specify it explicitly.
e: file:///C:/Users/lauri/git/MyHealthStatus/app/src/main/java/com/gregor/lauritz/healthdashboard/ui/sleep/SleepViewModel.kt:232:53 Cannot infer type for type parameter 'R'. Specify it explicitly.
e: file:///C:/Users/lauri/git/MyHealthStatus/app/src/main/java/com/gregor/lauritz/healthdashboard/ui/sleep/SleepViewModel.kt:232:59 Cannot infer type for type parameter 'T'. Specify it explicitly.
e: file:///C:/Users/lauri/git/MyHealthStatus/app/src/main/java/com/gregor/lauritz/healthdashboard/ui/sleep/SleepViewModel.kt:233:51 Unresolved reference 'date'.
e: file:///C:/Users/lauri/git/MyHealthStatus/app/src/main/java/com/gregor/lauritz/healthdashboard/ui/sleep/SleepViewModel.kt:234:41 Unresolved reference 'DailyDataPoint'.
e: file:///C:/Users/lauri/git/MyHealthStatus/app/src/main/java/com/gregor/lauritz/healthdashboard/ui/sleep/SleepViewModel.kt:239:46 Unresolved reference 'it'.
e: file:///C:/Users/lauri/git/MyHealthStatus/app/src/main/java/com/gregor/lauritz/healthdashboard/ui/sleep/SleepViewModel.kt:240:34 Unresolved reference 'padToRange'.
e: file:///C:/Users/lauri/git/MyHealthStatus/app/src/main/java/com/gregor/lauritz/healthdashboard/ui/sleep/SleepViewModel.kt:240:51 Unresolved reference 'days'.
e: file:///C:/Users/lauri/git/MyHealthStatus/app/src/main/java/com/gregor/lauritz/healthdashboard/ui/sleep/SleepViewModel.kt:243:47 Cannot infer type for value parameter 's'. Specify it explicitly.
e: file:///C:/Users/lauri/git/MyHealthStatus/app/src/main/java/com/gregor/lauritz/healthdashboard/ui/sleep/SleepViewModel.kt:244:39 Unresolved reference 'nocturnalRhr'.
e: file:///C:/Users/lauri/git/MyHealthStatus/app/src/main/java/com/gregor/lauritz/healthdashboard/ui/sleep/SleepViewModel.kt:244:53 Cannot infer type for type parameter 'T'. Specify it explicitly.
e: file:///C:/Users/lauri/git/MyHealthStatus/app/src/main/java/com/gregor/lauritz/healthdashboard/ui/sleep/SleepViewModel.kt:244:53 Cannot infer type for type parameter 'R'. Specify it explicitly.
e: file:///C:/Users/lauri/git/MyHealthStatus/app/src/main/java/com/gregor/lauritz/healthdashboard/ui/sleep/SleepViewModel.kt:244:59 Cannot infer type for type parameter 'T'. Specify it explicitly.
e: file:///C:/Users/lauri/git/MyHealthStatus/app/src/main/java/com/gregor/lauritz/healthdashboard/ui/sleep/SleepViewModel.kt:245:51 Unresolved reference 'date'.
e: file:///C:/Users/lauri/git/MyHealthStatus/app/src/main/java/com/gregor/lauritz/healthdashboard/ui/sleep/SleepViewModel.kt:246:41 Unresolved reference 'DailyDataPoint'.
e: file:///C:/Users/lauri/git/MyHealthStatus/app/src/main/java/com/gregor/lauritz/healthdashboard/ui/sleep/SleepViewModel.kt:251:46 Unresolved reference 'it'.
e: file:///C:/Users/lauri/git/MyHealthStatus/app/src/main/java/com/gregor/lauritz/healthdashboard/ui/sleep/SleepViewModel.kt:252:34 Unresolved reference 'padToRange'.
e: file:///C:/Users/lauri/git/MyHealthStatus/app/src/main/java/com/gregor/lauritz/healthdashboard/ui/sleep/SleepViewModel.kt:252:51 Unresolved reference 'days'.
e: file:///C:/Users/lauri/git/MyHealthStatus/app/src/main/java/com/gregor/lauritz/healthdashboard/ui/sleep/SleepViewModel.kt:261:55 Unresolved reference 'goalSleepHours'.
e: file:///C:/Users/lauri/git/MyHealthStatus/app/src/main/java/com/gregor/lauritz/healthdashboard/ui/sleep/SleepViewModel.kt:267:23 Cannot infer type for type parameter 'T'. Specify it explicitly.
e: file:///C:/Users/lauri/git/MyHealthStatus/app/src/main/java/com/gregor/lauritz/healthdashboard/ui/sleep/SleepViewModel.kt:274:50 Unresolved reference 'DailyDataPoint'.
e: file:///C:/Users/lauri/git/MyHealthStatus/app/src/main/java/com/gregor/lauritz/healthdashboard/ui/sleep/SleepViewModel.kt:275:33 Cannot infer type for type parameter 'T'. Specify it explicitly.
e: file:///C:/Users/lauri/git/MyHealthStatus/app/src/main/java/com/gregor/lauritz/healthdashboard/ui/sleep/SleepViewModel.kt:275:33 Cannot infer type for type parameter 'R'. Specify it explicitly.
e: file:///C:/Users/lauri/git/MyHealthStatus/app/src/main/java/com/gregor/lauritz/healthdashboard/ui/sleep/SleepViewModel.kt:275:33 Unresolved reference. None of the following candidates is applicable because of a receiver type mismatch:
fun <T, R : Any> Iterable<T>.mapNotNull(transform: (T) -> R?): List<R>
e: file:///C:/Users/lauri/git/MyHealthStatus/app/src/main/java/com/gregor/lauritz/healthdashboard/ui/sleep/SleepViewModel.kt:275:44 Cannot infer type for type parameter 'T'. Specify it explicitly.
e: file:///C:/Users/lauri/git/MyHealthStatus/app/src/main/java/com/gregor/lauritz/healthdashboard/ui/sleep/SleepViewModel.kt:275:49 Unresolved reference 'value'.
e: file:///C:/Users/lauri/git/MyHealthStatus/app/src/main/java/com/gregor/lauritz/healthdashboard/ui/sleep/SleepViewModel.kt:277:33 Cannot infer type for type parameter 'T'. Specify it explicitly.
e: file:///C:/Users/lauri/git/MyHealthStatus/app/src/main/java/com/gregor/lauritz/healthdashboard/ui/sleep/SleepViewModel.kt:282:36 Unresolved reference 'TimeRange'.
e: file:///C:/Users/lauri/git/MyHealthStatus/app/src/main/java/com/gregor/lauritz/healthdashboard/ui/sleep/SleepViewModel.kt:284:13 Cannot infer type for type parameter 'T'. Specify it explicitly.
e: file:///C:/Users/lauri/git/MyHealthStatus/app/src/main/java/com/gregor/lauritz/healthdashboard/ui/sleep/SleepViewModel.kt:289:40 Unresolved reference 'selectPreviousDay'.
e: file:///C:/Users/lauri/git/MyHealthStatus/app/src/main/java/com/gregor/lauritz/healthdashboard/ui/sleep/SleepViewModel.kt:295:40 Unresolved reference 'selectNextDay'.
e: file:///C:/Users/lauri/git/MyHealthStatus/app/src/main/java/com/gregor/lauritz/healthdashboard/ui/steps/StepDetailViewModel.kt:5:60 Unresolved reference 'SettingsRepository'.
e: file:///C:/Users/lauri/git/MyHealthStatus/app/src/main/java/com/gregor/lauritz/healthdashboard/ui/steps/StepDetailViewModel.kt:6:59 Unresolved reference 'SelectedDateRepository'.
e: file:///C:/Users/lauri/git/MyHealthStatus/app/src/main/java/com/gregor/lauritz/healthdashboard/ui/steps/StepDetailViewModel.kt:7:50 Unresolved reference 'model'.
e: file:///C:/Users/lauri/git/MyHealthStatus/app/src/main/java/com/gregor/lauritz/healthdashboard/ui/steps/StepDetailViewModel.kt:8:50 Unresolved reference 'repository'.
e: file:///C:/Users/lauri/git/MyHealthStatus/app/src/main/java/com/gregor/lauritz/healthdashboard/ui/steps/StepDetailViewModel.kt:9:50 Unresolved reference 'util'.
e: file:///C:/Users/lauri/git/MyHealthStatus/app/src/main/java/com/gregor/lauritz/healthdashboard/ui/steps/StepDetailViewModel.kt:10:50 Unresolved reference 'util'.
e: file:///C:/Users/lauri/git/MyHealthStatus/app/src/main/java/com/gregor/lauritz/healthdashboard/ui/steps/StepDetailViewModel.kt:11:53 Unresolved reference 'DailyDataPoint'.
e: file:///C:/Users/lauri/git/MyHealthStatus/app/src/main/java/com/gregor/lauritz/healthdashboard/ui/steps/StepDetailViewModel.kt:12:53 Unresolved reference 'TimeRange'.
e: file:///C:/Users/lauri/git/MyHealthStatus/app/src/main/java/com/gregor/lauritz/healthdashboard/ui/steps/StepDetailViewModel.kt:13:53 Unresolved reference 'padToRange'.
e: file:///C:/Users/lauri/git/MyHealthStatus/app/src/main/java/com/gregor/lauritz/healthdashboard/ui/steps/StepDetailViewModel.kt:32:24 Unresolved reference 'DailySummary'.
e: file:///C:/Users/lauri/git/MyHealthStatus/app/src/main/java/com/gregor/lauritz/healthdashboard/ui/steps/StepDetailViewModel.kt:33:26 Unresolved reference 'DailyDataPoint'.
e: file:///C:/Users/lauri/git/MyHealthStatus/app/src/main/java/com/gregor/lauritz/healthdashboard/ui/steps/StepDetailViewModel.kt:33:44 Cannot infer type for type parameter 'T'. Specify it explicitly.
e: file:///C:/Users/lauri/git/MyHealthStatus/app/src/main/java/com/gregor/lauritz/healthdashboard/ui/steps/StepDetailViewModel.kt:35:24 Unresolved reference 'TimeRange'.
e: file:///C:/Users/lauri/git/MyHealthStatus/app/src/main/java/com/gregor/lauritz/healthdashboard/ui/steps/StepDetailViewModel.kt:35:36 Unresolved reference 'TimeRange'.
e: file:///C:/Users/lauri/git/MyHealthStatus/app/src/main/java/com/gregor/lauritz/healthdashboard/ui/steps/StepDetailViewModel.kt:43:45 Unresolved reference 'DailySummaryRepository'.
e: file:///C:/Users/lauri/git/MyHealthStatus/app/src/main/java/com/gregor/lauritz/healthdashboard/ui/steps/StepDetailViewModel.kt:44:45 Unresolved reference 'SelectedDateRepository'.
e: file:///C:/Users/lauri/git/MyHealthStatus/app/src/main/java/com/gregor/lauritz/healthdashboard/ui/steps/StepDetailViewModel.kt:45:35 Unresolved reference 'SettingsRepository'.
e: file:///C:/Users/lauri/git/MyHealthStatus/app/src/main/java/com/gregor/lauritz/healthdashboard/ui/steps/StepDetailViewModel.kt:47:38 Cannot infer type for type parameter 'T'. Specify it explicitly.
e: file:///C:/Users/lauri/git/MyHealthStatus/app/src/main/java/com/gregor/lauritz/healthdashboard/ui/steps/StepDetailViewModel.kt:47:55 Unresolved reference 'TimeRange'.
e: file:///C:/Users/lauri/git/MyHealthStatus/app/src/main/java/com/gregor/lauritz/healthdashboard/ui/steps/StepDetailViewModel.kt:48:38 Unresolved reference 'TimeRange'.
e: file:///C:/Users/lauri/git/MyHealthStatus/app/src/main/java/com/gregor/lauritz/healthdashboard/ui/steps/StepDetailViewModel.kt:48:66 Cannot infer type for type parameter 'T'. Specify it explicitly.
e: file:///C:/Users/lauri/git/MyHealthStatus/app/src/main/java/com/gregor/lauritz/healthdashboard/ui/steps/StepDetailViewModel.kt:52:13 Cannot infer type for type parameter 'T1'. Specify it explicitly.
e: file:///C:/Users/lauri/git/MyHealthStatus/app/src/main/java/com/gregor/lauritz/healthdashboard/ui/steps/StepDetailViewModel.kt:52:13 Cannot infer type for type parameter 'T2'. Specify it explicitly.
e: file:///C:/Users/lauri/git/MyHealthStatus/app/src/main/java/com/gregor/lauritz/healthdashboard/ui/steps/StepDetailViewModel.kt:52:13 Cannot infer type for type parameter 'R'. Specify it explicitly.
e: file:///C:/Users/lauri/git/MyHealthStatus/app/src/main/java/com/gregor/lauritz/healthdashboard/ui/steps/StepDetailViewModel.kt:54:40 Unresolved reference 'selectedDate'.
e: file:///C:/Users/lauri/git/MyHealthStatus/app/src/main/java/com/gregor/lauritz/healthdashboard/ui/steps/StepDetailViewModel.kt:55:17 Cannot infer type for type parameter 'T1'. Specify it explicitly.
e: file:///C:/Users/lauri/git/MyHealthStatus/app/src/main/java/com/gregor/lauritz/healthdashboard/ui/steps/StepDetailViewModel.kt:55:24 Cannot infer type for type parameter 'T2'. Specify it explicitly.
e: file:///C:/Users/lauri/git/MyHealthStatus/app/src/main/java/com/gregor/lauritz/healthdashboard/ui/steps/StepDetailViewModel.kt:55:38 Cannot infer type for type parameter 'A'. Specify it explicitly.
e: file:///C:/Users/lauri/git/MyHealthStatus/app/src/main/java/com/gregor/lauritz/healthdashboard/ui/steps/StepDetailViewModel.kt:55:38 Cannot infer type for type parameter 'B'. Specify it explicitly.
e: file:///C:/Users/lauri/git/MyHealthStatus/app/src/main/java/com/gregor/lauritz/healthdashboard/ui/steps/StepDetailViewModel.kt:56:18 Cannot infer type for type parameter 'T'. Specify it explicitly.
e: file:///C:/Users/lauri/git/MyHealthStatus/app/src/main/java/com/gregor/lauritz/healthdashboard/ui/steps/StepDetailViewModel.kt:56:18 Cannot infer type for type parameter 'R'. Specify it explicitly.
e: file:///C:/Users/lauri/git/MyHealthStatus/app/src/main/java/com/gregor/lauritz/healthdashboard/ui/steps/StepDetailViewModel.kt:56:34 Cannot infer type for type parameter 'T'. Specify it explicitly.
e: file:///C:/Users/lauri/git/MyHealthStatus/app/src/main/java/com/gregor/lauritz/healthdashboard/ui/steps/StepDetailViewModel.kt:56:34 Operator call 'component1()' is ambiguous for destructuring of type 'uninferred ??? (Unknown type for type parameter T)'. Applicable candidates:
fun <T> Array<out T>.component1(): T
fun ByteArray.component1(): Byte
fun ShortArray.component1(): Short
fun IntArray.component1(): Int
fun LongArray.component1(): Long
fun FloatArray.component1(): Float
fun DoubleArray.component1(): Double
fun BooleanArray.component1(): Boolean
fun CharArray.component1(): Char
fun <T> List<T>.component1(): T
fun <K, V> Map.Entry<K, V>.component1(): K
fun UIntArray.component1(): UInt
fun ULongArray.component1(): ULong
fun UByteArray.component1(): UByte
fun UShortArray.component1(): UShort
e: file:///C:/Users/lauri/git/MyHealthStatus/app/src/main/java/com/gregor/lauritz/healthdashboard/ui/steps/StepDetailViewModel.kt:56:34 Operator call 'component2()' is ambiguous for destructuring of type 'uninferred ??? (Unknown type for type parameter T)'. Applicable candidates:
fun <T> Array<out T>.component2(): T
fun ByteArray.component2(): Byte
fun ShortArray.component2(): Short
fun IntArray.component2(): Int
fun LongArray.component2(): Long
fun FloatArray.component2(): Float
fun DoubleArray.component2(): Double
fun BooleanArray.component2(): Boolean
fun CharArray.component2(): Char
fun <T> List<T>.component2(): T
fun <K, V> Map.Entry<K, V>.component2(): V
fun UIntArray.component2(): UInt
fun ULongArray.component2(): ULong
fun UByteArray.component2(): UByte
fun UShortArray.component2(): UShort
e: file:///C:/Users/lauri/git/MyHealthStatus/app/src/main/java/com/gregor/lauritz/healthdashboard/ui/steps/StepDetailViewModel.kt:57:40 Unresolved reference 'fromMs'.
e: file:///C:/Users/lauri/git/MyHealthStatus/app/src/main/java/com/gregor/lauritz/healthdashboard/ui/steps/StepDetailViewModel.kt:59:55 Unresolved reference 'toMidnightEpochMilli'.
e: file:///C:/Users/lauri/git/MyHealthStatus/app/src/main/java/com/gregor/lauritz/healthdashboard/ui/steps/StepDetailViewModel.kt:61:21 Cannot infer type for type parameter 'T1'. Specify it explicitly.
e: file:///C:/Users/lauri/git/MyHealthStatus/app/src/main/java/com/gregor/lauritz/healthdashboard/ui/steps/StepDetailViewModel.kt:61:21 Cannot infer type for type parameter 'T2'. Specify it explicitly.
e: file:///C:/Users/lauri/git/MyHealthStatus/app/src/main/java/com/gregor/lauritz/healthdashboard/ui/steps/StepDetailViewModel.kt:61:21 Cannot infer type for type parameter 'T3'. Specify it explicitly.
e: file:///C:/Users/lauri/git/MyHealthStatus/app/src/main/java/com/gregor/lauritz/healthdashboard/ui/steps/StepDetailViewModel.kt:61:21 Cannot infer type for type parameter 'R'. Specify it explicitly.
e: file:///C:/Users/lauri/git/MyHealthStatus/app/src/main/java/com/gregor/lauritz/healthdashboard/ui/steps/StepDetailViewModel.kt:62:48 Unresolved reference 'observeByDate'.
e: file:///C:/Users/lauri/git/MyHealthStatus/app/src/main/java/com/gregor/lauritz/healthdashboard/ui/steps/StepDetailViewModel.kt:63:48 Unresolved reference 'observeSince'.
e: file:///C:/Users/lauri/git/MyHealthStatus/app/src/main/java/com/gregor/lauritz/healthdashboard/ui/steps/StepDetailViewModel.kt:64:38 Unresolved reference 'userPreferences'.
e: file:///C:/Users/lauri/git/MyHealthStatus/app/src/main/java/com/gregor/lauritz/healthdashboard/ui/steps/StepDetailViewModel.kt:65:25 Cannot infer type for type parameter 'T1'. Specify it explicitly.
e: file:///C:/Users/lauri/git/MyHealthStatus/app/src/main/java/com/gregor/lauritz/healthdashboard/ui/steps/StepDetailViewModel.kt:65:33 Cannot infer type for type parameter 'T2'. Specify it explicitly.
e: file:///C:/Users/lauri/git/MyHealthStatus/app/src/main/java/com/gregor/lauritz/healthdashboard/ui/steps/StepDetailViewModel.kt:65:42 Cannot infer type for type parameter 'T3'. Specify it explicitly.
e: file:///C:/Users/lauri/git/MyHealthStatus/app/src/main/java/com/gregor/lauritz/healthdashboard/ui/steps/StepDetailViewModel.kt:68:43 Unresolved reference 'it'.
e: file:///C:/Users/lauri/git/MyHealthStatus/app/src/main/java/com/gregor/lauritz/healthdashboard/ui/steps/StepDetailViewModel.kt:69:34 Cannot infer type for type parameter 'T'. Specify it explicitly.
e: file:///C:/Users/lauri/git/MyHealthStatus/app/src/main/java/com/gregor/lauritz/healthdashboard/ui/steps/StepDetailViewModel.kt:69:34 Cannot infer type for type parameter 'R'. Specify it explicitly.
e: file:///C:/Users/lauri/git/MyHealthStatus/app/src/main/java/com/gregor/lauritz/healthdashboard/ui/steps/StepDetailViewModel.kt:69:40 Cannot infer type for type parameter 'T'. Specify it explicitly.
e: file:///C:/Users/lauri/git/MyHealthStatus/app/src/main/java/com/gregor/lauritz/healthdashboard/ui/steps/StepDetailViewModel.kt:70:53 Unresolved reference 'date'.
e: file:///C:/Users/lauri/git/MyHealthStatus/app/src/main/java/com/gregor/lauritz/healthdashboard/ui/steps/StepDetailViewModel.kt:81:37 Unresolved reference 'DailyDataPoint'.
e: file:///C:/Users/lauri/git/MyHealthStatus/app/src/main/java/com/gregor/lauritz/healthdashboard/ui/steps/StepDetailViewModel.kt:81:71 Unresolved reference 'stepCount'.
e: file:///C:/Users/lauri/git/MyHealthStatus/app/src/main/java/com/gregor/lauritz/healthdashboard/ui/steps/StepDetailViewModel.kt:82:35 Unresolved reference 'sortedBy'.
e: file:///C:/Users/lauri/git/MyHealthStatus/app/src/main/java/com/gregor/lauritz/healthdashboard/ui/steps/StepDetailViewModel.kt:82:46 Unresolved reference 'it'.
e: file:///C:/Users/lauri/git/MyHealthStatus/app/src/main/java/com/gregor/lauritz/healthdashboard/ui/steps/StepDetailViewModel.kt:83:51 Unresolved reference 'days'.
e: file:///C:/Users/lauri/git/MyHealthStatus/app/src/main/java/com/gregor/lauritz/healthdashboard/ui/steps/StepDetailViewModel.kt:88:46 Unresolved reference 'stepGoal'.
e: file:///C:/Users/lauri/git/MyHealthStatus/app/src/main/java/com/gregor/lauritz/healthdashboard/ui/steps/StepDetailViewModel.kt:99:36 Unresolved reference 'TimeRange'.
e: file:///C:/Users/lauri/git/MyHealthStatus/app/src/main/java/com/gregor/lauritz/healthdashboard/ui/workouts/WorkoutDetailViewModel.kt:5:60 Unresolved reference 'SettingsRepository'.
e: file:///C:/Users/lauri/git/MyHealthStatus/app/src/main/java/com/gregor/lauritz/healthdashboard/ui/workouts/WorkoutDetailViewModel.kt:6:50 Unresolved reference 'repository'.
e: file:///C:/Users/lauri/git/MyHealthStatus/app/src/main/java/com/gregor/lauritz/healthdashboard/ui/workouts/WorkoutDetailViewModel.kt:7:50 Unresolved reference 'repository'.
e: file:///C:/Users/lauri/git/MyHealthStatus/app/src/main/java/com/gregor/lauritz/healthdashboard/ui/workouts/WorkoutDetailViewModel.kt:8:50 Unresolved reference 'repository'.
e: file:///C:/Users/lauri/git/MyHealthStatus/app/src/main/java/com/gregor/lauritz/healthdashboard/ui/workouts/WorkoutDetailViewModel.kt:9:50 Unresolved reference 'repository'.
e: file:///C:/Users/lauri/git/MyHealthStatus/app/src/main/java/com/gregor/lauritz/healthdashboard/ui/workouts/WorkoutDetailViewModel.kt:10:50 Unresolved reference 'repository'.
e: file:///C:/Users/lauri/git/MyHealthStatus/app/src/main/java/com/gregor/lauritz/healthdashboard/ui/workouts/WorkoutDetailViewModel.kt:11:55 Unresolved reference 'mappers'.
e: file:///C:/Users/lauri/git/MyHealthStatus/app/src/main/java/com/gregor/lauritz/healthdashboard/ui/workouts/WorkoutDetailViewModel.kt:12:55 Unresolved reference 'mappers'.
e: file:///C:/Users/lauri/git/MyHealthStatus/app/src/main/java/com/gregor/lauritz/healthdashboard/ui/workouts/WorkoutDetailViewModel.kt:13:55 Unresolved reference 'mappers'.
e: file:///C:/Users/lauri/git/MyHealthStatus/app/src/main/java/com/gregor/lauritz/healthdashboard/ui/workouts/WorkoutDetailViewModel.kt:35:18 Unresolved reference 'WorkoutData'.
e: file:///C:/Users/lauri/git/MyHealthStatus/app/src/main/java/com/gregor/lauritz/healthdashboard/ui/workouts/WorkoutDetailViewModel.kt:52:40 Unresolved reference 'WorkoutRepository'.
e: file:///C:/Users/lauri/git/MyHealthStatus/app/src/main/java/com/gregor/lauritz/healthdashboard/ui/workouts/WorkoutDetailViewModel.kt:53:29 Unresolved reference 'HealthConnectRepository'.
e: file:///C:/Users/lauri/git/MyHealthStatus/app/src/main/java/com/gregor/lauritz/healthdashboard/ui/workouts/WorkoutDetailViewModel.kt:54:42 Unresolved reference 'HeartRateRepository'.
e: file:///C:/Users/lauri/git/MyHealthStatus/app/src/main/java/com/gregor/lauritz/healthdashboard/ui/workouts/WorkoutDetailViewModel.kt:55:45 Unresolved reference 'DailySummaryRepository'.
e: file:///C:/Users/lauri/git/MyHealthStatus/app/src/main/java/com/gregor/lauritz/healthdashboard/ui/workouts/WorkoutDetailViewModel.kt:56:35 Unresolved reference 'SettingsRepository'.
e: file:///C:/Users/lauri/git/MyHealthStatus/app/src/main/java/com/gregor/lauritz/healthdashboard/ui/workouts/WorkoutDetailViewModel.kt:58:63 Unresolved reference 'ComputeWorkoutTrimpUseCase'.
e: file:///C:/Users/lauri/git/MyHealthStatus/app/src/main/java/com/gregor/lauritz/healthdashboard/ui/workouts/WorkoutDetailViewModel.kt:66:49 Unresolved reference 'getById'.
e: file:///C:/Users/lauri/git/MyHealthStatus/app/src/main/java/com/gregor/lauritz/healthdashboard/ui/workouts/WorkoutDetailViewModel.kt:72:58 Unresolved reference 'startTime'.
e: file:///C:/Users/lauri/git/MyHealthStatus/app/src/main/java/com/gregor/lauritz/healthdashboard/ui/workouts/WorkoutDetailViewModel.kt:73:56 Unresolved reference 'endTime'.
e: file:///C:/Users/lauri/git/MyHealthStatus/app/src/main/java/com/gregor/lauritz/healthdashboard/ui/workouts/WorkoutDetailViewModel.kt:78:26 Unresolved reference 'readHeartRateSamples'.
e: file:///C:/Users/lauri/git/MyHealthStatus/app/src/main/java/com/gregor/lauritz/healthdashboard/ui/workouts/WorkoutDetailViewModel.kt:80:36 Cannot infer type for value parameter 'record'. Specify it explicitly.
e: file:///C:/Users/lauri/git/MyHealthStatus/app/src/main/java/com/gregor/lauritz/healthdashboard/ui/workouts/WorkoutDetailViewModel.kt:81:36 Unresolved reference 'samples'.
e: file:///C:/Users/lauri/git/MyHealthStatus/app/src/main/java/com/gregor/lauritz/healthdashboard/ui/workouts/WorkoutDetailViewModel.kt:81:65 Unresolved reference 'it'.
e: file:///C:/Users/lauri/git/MyHealthStatus/app/src/main/java/com/gregor/lauritz/healthdashboard/ui/workouts/WorkoutDetailViewModel.kt:81:74 Unresolved reference 'it'.
e: file:///C:/Users/lauri/git/MyHealthStatus/app/src/main/java/com/gregor/lauritz/healthdashboard/ui/workouts/WorkoutDetailViewModel.kt:85:26 Unresolved reference 'getByTimeRange'.
e: file:///C:/Users/lauri/git/MyHealthStatus/app/src/main/java/com/gregor/lauritz/healthdashboard/ui/workouts/WorkoutDetailViewModel.kt:86:68 Unresolved reference 'it'.
e: file:///C:/Users/lauri/git/MyHealthStatus/app/src/main/java/com/gregor/lauritz/healthdashboard/ui/workouts/WorkoutDetailViewModel.kt:86:85 Unresolved reference 'it'.
e: file:///C:/Users/lauri/git/MyHealthStatus/app/src/main/java/com/gregor/lauritz/healthdashboard/ui/workouts/WorkoutDetailViewModel.kt:89:39 Unresolved reference 'it'.
e: file:///C:/Users/lauri/git/MyHealthStatus/app/src/main/java/com/gregor/lauritz/healthdashboard/ui/workouts/WorkoutDetailViewModel.kt:90:37 Unresolved reference 'it'.
e: file:///C:/Users/lauri/git/MyHealthStatus/app/src/main/java/com/gregor/lauritz/healthdashboard/ui/workouts/WorkoutDetailViewModel.kt:93:21 Unresolved reference 'ChartDataMapper'.
e: file:///C:/Users/lauri/git/MyHealthStatus/app/src/main/java/com/gregor/lauritz/healthdashboard/ui/workouts/WorkoutDetailViewModel.kt:93:21 Operator call 'component1()' is ambiguous for destructuring of type '??? (Unresolved name: mapToChartData)'. Applicable candidates:
fun <T> Array<out T>.component1(): T
fun ByteArray.component1(): Byte
fun ShortArray.component1(): Short
fun IntArray.component1(): Int
fun LongArray.component1(): Long
fun FloatArray.component1(): Float
fun DoubleArray.component1(): Double
fun BooleanArray.component1(): Boolean
fun CharArray.component1(): Char
fun <T> List<T>.component1(): T
fun <K, V> Map.Entry<K, V>.component1(): K
fun UIntArray.component1(): UInt
fun ULongArray.component1(): ULong
fun UByteArray.component1(): UByte
fun UShortArray.component1(): UShort
e: file:///C:/Users/lauri/git/MyHealthStatus/app/src/main/java/com/gregor/lauritz/healthdashboard/ui/workouts/WorkoutDetailViewModel.kt:93:21 Operator call 'component2()' is ambiguous for destructuring of type '??? (Unresolved name: mapToChartData)'. Applicable candidates:
fun <T> Array<out T>.component2(): T
fun ByteArray.component2(): Byte
fun ShortArray.component2(): Short
fun IntArray.component2(): Int
fun LongArray.component2(): Long
fun FloatArray.component2(): Float
fun DoubleArray.component2(): Double
fun BooleanArray.component2(): Boolean
fun CharArray.component2(): Char
fun <T> List<T>.component2(): T
fun <K, V> Map.Entry<K, V>.component2(): V
fun UIntArray.component2(): UInt
fun ULongArray.component2(): ULong
fun UByteArray.component2(): UByte
fun UShortArray.component2(): UShort
e: file:///C:/Users/lauri/git/MyHealthStatus/app/src/main/java/com/gregor/lauritz/healthdashboard/ui/workouts/WorkoutDetailViewModel.kt:93:72 Unresolved reference 'startTime'.
e: file:///C:/Users/lauri/git/MyHealthStatus/app/src/main/java/com/gregor/lauritz/healthdashboard/ui/workouts/WorkoutDetailViewModel.kt:93:91 Unresolved reference 'endTime'.
e: file:///C:/Users/lauri/git/MyHealthStatus/app/src/main/java/com/gregor/lauritz/healthdashboard/ui/workouts/WorkoutDetailViewModel.kt:95:70 Unresolved reference 'endTime'.
e: file:///C:/Users/lauri/git/MyHealthStatus/app/src/main/java/com/gregor/lauritz/healthdashboard/ui/workouts/WorkoutDetailViewModel.kt:96:53 Unresolved reference 'it'.
e: file:///C:/Users/lauri/git/MyHealthStatus/app/src/main/java/com/gregor/lauritz/healthdashboard/ui/workouts/WorkoutDetailViewModel.kt:96:90 Unresolved reference 'bpm'.
e: file:///C:/Users/lauri/git/MyHealthStatus/app/src/main/java/com/gregor/lauritz/healthdashboard/ui/workouts/WorkoutDetailViewModel.kt:100:54 Unresolved reference 'getByDate'.
e: file:///C:/Users/lauri/git/MyHealthStatus/app/src/main/java/com/gregor/lauritz/healthdashboard/ui/workouts/WorkoutDetailViewModel.kt:108:56 Unresolved reference 'getSince'.
e: file:///C:/Users/lauri/git/MyHealthStatus/app/src/main/java/com/gregor/lauritz/healthdashboard/ui/workouts/WorkoutDetailViewModel.kt:109:36 Unresolved reference 'DailyPaiBreakdownMapper'.
e: file:///C:/Users/lauri/git/MyHealthStatus/app/src/main/java/com/gregor/lauritz/healthdashboard/ui/workouts/WorkoutDetailViewModel.kt:111:39 Unresolved reference 'RecoveryMetricsMapper'.
e: file:///C:/Users/lauri/git/MyHealthStatus/app/src/main/java/com/gregor/lauritz/healthdashboard/ui/workouts/WorkoutDetailViewModel.kt:111:100 Unresolved reference 'endTime'.
e: file:///C:/Users/lauri/git/MyHealthStatus/app/src/main/java/com/gregor/lauritz/healthdashboard/ui/workouts/WorkoutDetailViewModel.kt:113:42 Unresolved reference 'userPreferences'.
e: file:///C:/Users/lauri/git/MyHealthStatus/app/src/main/java/com/gregor/lauritz/healthdashboard/ui/workouts/WorkoutDetailViewModel.kt:113:58 Cannot infer type for type parameter 'T'. Specify it explicitly.
e: file:///C:/Users/lauri/git/MyHealthStatus/app/src/main/java/com/gregor/lauritz/healthdashboard/ui/workouts/WorkoutDetailViewModel.kt:114:58 Unresolved reference 'it'.
e: file:///C:/Users/lauri/git/MyHealthStatus/app/src/main/java/com/gregor/lauritz/healthdashboard/ui/workouts/WorkoutDetailViewModel.kt:117:48 Unresolved reference 'execute'.
e: file:///C:/Users/lauri/git/MyHealthStatus/app/src/main/java/com/gregor/lauritz/healthdashboard/ui/workouts/WorkoutDetailViewModel.kt:118:52 Unresolved reference 'startTime'.
e: file:///C:/Users/lauri/git/MyHealthStatus/app/src/main/java/com/gregor/lauritz/healthdashboard/ui/workouts/WorkoutDetailViewModel.kt:119:50 Unresolved reference 'endTime'.
e: file:///C:/Users/lauri/git/MyHealthStatus/app/src/main/java/com/gregor/lauritz/healthdashboard/ui/workouts/WorkoutDetailViewModel.kt:120:48 Unresolved reference 'avgHr'.
e: file:///C:/Users/lauri/git/MyHealthStatus/app/src/main/java/com/gregor/lauritz/healthdashboard/ui/workouts/WorkoutDetailViewModel.kt:123:83 Unresolved reference 'ComputeWorkoutTrimpUseCase'.
e: file:///C:/Users/lauri/git/MyHealthStatus/app/src/main/java/com/gregor/lauritz/healthdashboard/ui/workouts/WorkoutDetailViewModel.kt:125:41 Unresolved reference 'it'.
e: file:///C:/Users/lauri/git/MyHealthStatus/app/src/main/java/com/gregor/lauritz/healthdashboard/ui/workouts/WorkoutDetailViewModel.kt:126:41 Unresolved reference 'it'.
e: file:///C:/Users/lauri/git/MyHealthStatus/app/src/main/java/com/gregor/lauritz/healthdashboard/ui/workouts/WorkoutsViewModel.kt:6:60 Unresolved reference 'SettingsRepository'.
e: file:///C:/Users/lauri/git/MyHealthStatus/app/src/main/java/com/gregor/lauritz/healthdashboard/ui/workouts/WorkoutsViewModel.kt:7:59 Unresolved reference 'SelectedDateRepository'.
e: file:///C:/Users/lauri/git/MyHealthStatus/app/src/main/java/com/gregor/lauritz/healthdashboard/ui/workouts/WorkoutsViewModel.kt:8:50 Unresolved reference 'model'.
e: file:///C:/Users/lauri/git/MyHealthStatus/app/src/main/java/com/gregor/lauritz/healthdashboard/ui/workouts/WorkoutsViewModel.kt:9:50 Unresolved reference 'repository'.
e: file:///C:/Users/lauri/git/MyHealthStatus/app/src/main/java/com/gregor/lauritz/healthdashboard/ui/workouts/WorkoutsViewModel.kt:10:50 Unresolved reference 'repository'.
e: file:///C:/Users/lauri/git/MyHealthStatus/app/src/main/java/com/gregor/lauritz/healthdashboard/ui/workouts/WorkoutsViewModel.kt:11:50 Unresolved reference 'repository'.
e: file:///C:/Users/lauri/git/MyHealthStatus/app/src/main/java/com/gregor/lauritz/healthdashboard/ui/workouts/WorkoutsViewModel.kt:12:50 Unresolved reference 'repository'.
e: file:///C:/Users/lauri/git/MyHealthStatus/app/src/main/java/com/gregor/lauritz/healthdashboard/ui/workouts/WorkoutsViewModel.kt:13:58 Unresolved reference 'ComputeWorkoutTrimpUseCase'.
e: file:///C:/Users/lauri/git/MyHealthStatus/app/src/main/java/com/gregor/lauritz/healthdashboard/ui/workouts/WorkoutsViewModel.kt:14:58 Unresolved reference 'ScoringCalculator'.
e: file:///C:/Users/lauri/git/MyHealthStatus/app/src/main/java/com/gregor/lauritz/healthdashboard/ui/workouts/WorkoutsViewModel.kt:15:58 Unresolved reference 'ScoringConstants'.
e: file:///C:/Users/lauri/git/MyHealthStatus/app/src/main/java/com/gregor/lauritz/healthdashboard/ui/workouts/WorkoutsViewModel.kt:16:55 Unresolved reference 'ForegroundSyncController'.
e: file:///C:/Users/lauri/git/MyHealthStatus/app/src/main/java/com/gregor/lauritz/healthdashboard/ui/workouts/WorkoutsViewModel.kt:17:50 Unresolved reference 'util'.
e: file:///C:/Users/lauri/git/MyHealthStatus/app/src/main/java/com/gregor/lauritz/healthdashboard/ui/workouts/WorkoutsViewModel.kt:18:53 Unresolved reference 'DailyDataPoint'.
e: file:///C:/Users/lauri/git/MyHealthStatus/app/src/main/java/com/gregor/lauritz/healthdashboard/ui/workouts/WorkoutsViewModel.kt:19:53 Unresolved reference 'TimeRange'.
e: file:///C:/Users/lauri/git/MyHealthStatus/app/src/main/java/com/gregor/lauritz/healthdashboard/ui/workouts/WorkoutsViewModel.kt:45:18 Unresolved reference 'WorkoutData'.
e: file:///C:/Users/lauri/git/MyHealthStatus/app/src/main/java/com/gregor/lauritz/healthdashboard/ui/workouts/WorkoutsViewModel.kt:51:24 Unresolved reference 'DailySummary'.
e: file:///C:/Users/lauri/git/MyHealthStatus/app/src/main/java/com/gregor/lauritz/healthdashboard/ui/workouts/WorkoutsViewModel.kt:52:26 Unresolved reference 'DailyDataPoint'.
e: file:///C:/Users/lauri/git/MyHealthStatus/app/src/main/java/com/gregor/lauritz/healthdashboard/ui/workouts/WorkoutsViewModel.kt:52:44 Cannot infer type for type parameter 'T'. Specify it explicitly.
e: file:///C:/Users/lauri/git/MyHealthStatus/app/src/main/java/com/gregor/lauritz/healthdashboard/ui/workouts/WorkoutsViewModel.kt:53:32 Unresolved reference 'DailyDataPoint'.
e: file:///C:/Users/lauri/git/MyHealthStatus/app/src/main/java/com/gregor/lauritz/healthdashboard/ui/workouts/WorkoutsViewModel.kt:53:50 Cannot infer type for type parameter 'T'. Specify it explicitly.
e: file:///C:/Users/lauri/git/MyHealthStatus/app/src/main/java/com/gregor/lauritz/healthdashboard/ui/workouts/WorkoutsViewModel.kt:55:24 Unresolved reference 'TimeRange'.
e: file:///C:/Users/lauri/git/MyHealthStatus/app/src/main/java/com/gregor/lauritz/healthdashboard/ui/workouts/WorkoutsViewModel.kt:55:36 Unresolved reference 'TimeRange'.
e: file:///C:/Users/lauri/git/MyHealthStatus/app/src/main/java/com/gregor/lauritz/healthdashboard/ui/workouts/WorkoutsViewModel.kt:64:24 Unresolved reference 'DailySummary'.
e: file:///C:/Users/lauri/git/MyHealthStatus/app/src/main/java/com/gregor/lauritz/healthdashboard/ui/workouts/WorkoutsViewModel.kt:65:27 Unresolved reference 'WorkoutData'.
e: file:///C:/Users/lauri/git/MyHealthStatus/app/src/main/java/com/gregor/lauritz/healthdashboard/ui/workouts/WorkoutsViewModel.kt:66:30 Unresolved reference 'DailySummary'.
e: file:///C:/Users/lauri/git/MyHealthStatus/app/src/main/java/com/gregor/lauritz/healthdashboard/ui/workouts/WorkoutsViewModel.kt:67:28 Unresolved reference 'DailySummary'.
e: file:///C:/Users/lauri/git/MyHealthStatus/app/src/main/java/com/gregor/lauritz/healthdashboard/ui/workouts/WorkoutsViewModel.kt:68:68 Unresolved reference 'UserPreferences'.
e: file:///C:/Users/lauri/git/MyHealthStatus/app/src/main/java/com/gregor/lauritz/healthdashboard/ui/workouts/WorkoutsViewModel.kt:75:45 Unresolved reference 'DailySummaryRepository'.
e: file:///C:/Users/lauri/git/MyHealthStatus/app/src/main/java/com/gregor/lauritz/healthdashboard/ui/workouts/WorkoutsViewModel.kt:76:40 Unresolved reference 'WorkoutRepository'.
e: file:///C:/Users/lauri/git/MyHealthStatus/app/src/main/java/com/gregor/lauritz/healthdashboard/ui/workouts/WorkoutsViewModel.kt:77:42 Unresolved reference 'HeartRateRepository'.
e: file:///C:/Users/lauri/git/MyHealthStatus/app/src/main/java/com/gregor/lauritz/healthdashboard/ui/workouts/WorkoutsViewModel.kt:78:45 Unresolved reference 'SelectedDateRepository'.
e: file:///C:/Users/lauri/git/MyHealthStatus/app/src/main/java/com/gregor/lauritz/healthdashboard/ui/workouts/WorkoutsViewModel.kt:79:40 Unresolved reference 'ScoringCalculator'.
e: file:///C:/Users/lauri/git/MyHealthStatus/app/src/main/java/com/gregor/lauritz/healthdashboard/ui/workouts/WorkoutsViewModel.kt:80:35 Unresolved reference 'SettingsRepository'.
e: file:///C:/Users/lauri/git/MyHealthStatus/app/src/main/java/com/gregor/lauritz/healthdashboard/ui/workouts/WorkoutsViewModel.kt:82:63 Unresolved reference 'ComputeWorkoutTrimpUseCase'.
e: file:///C:/Users/lauri/git/MyHealthStatus/app/src/main/java/com/gregor/lauritz/healthdashboard/ui/workouts/WorkoutsViewModel.kt:83:47 Unresolved reference 'ForegroundSyncController'.
e: file:///C:/Users/lauri/git/MyHealthStatus/app/src/main/java/com/gregor/lauritz/healthdashboard/ui/workouts/WorkoutsViewModel.kt:87:13 Cannot infer type for type parameter 'T'. Specify it explicitly.
e: file:///C:/Users/lauri/git/MyHealthStatus/app/src/main/java/com/gregor/lauritz/healthdashboard/ui/workouts/WorkoutsViewModel.kt:87:13 Inapplicable candidate(s): fun <T> MutableStateFlow(value: T): MutableStateFlow<T>
e: file:///C:/Users/lauri/git/MyHealthStatus/app/src/main/java/com/gregor/lauritz/healthdashboard/ui/workouts/WorkoutsViewModel.kt:88:34 Inapplicable candidate(s): fun <T> get(key: String): T?
e: file:///C:/Users/lauri/git/MyHealthStatus/app/src/main/java/com/gregor/lauritz/healthdashboard/ui/workouts/WorkoutsViewModel.kt:88:38 Unresolved reference 'TimeRange'.
e: file:///C:/Users/lauri/git/MyHealthStatus/app/src/main/java/com/gregor/lauritz/healthdashboard/ui/workouts/WorkoutsViewModel.kt:88:69 Unresolved reference 'TimeRange'.
e: file:///C:/Users/lauri/git/MyHealthStatus/app/src/main/java/com/gregor/lauritz/healthdashboard/ui/workouts/WorkoutsViewModel.kt:91:44 Cannot infer type for type parameter 'T'. Specify it explicitly.
e: file:///C:/Users/lauri/git/MyHealthStatus/app/src/main/java/com/gregor/lauritz/healthdashboard/ui/workouts/WorkoutsViewModel.kt:95:13 Cannot infer type for type parameter 'T1'. Specify it explicitly.
e: file:///C:/Users/lauri/git/MyHealthStatus/app/src/main/java/com/gregor/lauritz/healthdashboard/ui/workouts/WorkoutsViewModel.kt:95:13 Cannot infer type for type parameter 'T2'. Specify it explicitly.
e: file:///C:/Users/lauri/git/MyHealthStatus/app/src/main/java/com/gregor/lauritz/healthdashboard/ui/workouts/WorkoutsViewModel.kt:95:13 Cannot infer type for type parameter 'T3'. Specify it explicitly.
e: file:///C:/Users/lauri/git/MyHealthStatus/app/src/main/java/com/gregor/lauritz/healthdashboard/ui/workouts/WorkoutsViewModel.kt:95:13 Cannot infer type for type parameter 'R'. Specify it explicitly.
e: file:///C:/Users/lauri/git/MyHealthStatus/app/src/main/java/com/gregor/lauritz/healthdashboard/ui/workouts/WorkoutsViewModel.kt:97:40 Unresolved reference 'selectedDate'.
e: file:///C:/Users/lauri/git/MyHealthStatus/app/src/main/java/com/gregor/lauritz/healthdashboard/ui/workouts/WorkoutsViewModel.kt:98:42 Unresolved reference 'isSyncing'.
e: file:///C:/Users/lauri/git/MyHealthStatus/app/src/main/java/com/gregor/lauritz/healthdashboard/ui/workouts/WorkoutsViewModel.kt:99:17 Cannot infer type for type parameter 'T1'. Specify it explicitly.
e: file:///C:/Users/lauri/git/MyHealthStatus/app/src/main/java/com/gregor/lauritz/healthdashboard/ui/workouts/WorkoutsViewModel.kt:99:24 Cannot infer type for type parameter 'T2'. Specify it explicitly.
e: file:///C:/Users/lauri/git/MyHealthStatus/app/src/main/java/com/gregor/lauritz/healthdashboard/ui/workouts/WorkoutsViewModel.kt:99:30 Cannot infer type for type parameter 'T3'. Specify it explicitly.
e: file:///C:/Users/lauri/git/MyHealthStatus/app/src/main/java/com/gregor/lauritz/healthdashboard/ui/workouts/WorkoutsViewModel.kt:99:43 Cannot infer type for type parameter 'A'. Specify it explicitly.
e: file:///C:/Users/lauri/git/MyHealthStatus/app/src/main/java/com/gregor/lauritz/healthdashboard/ui/workouts/WorkoutsViewModel.kt:99:43 Cannot infer type for type parameter 'B'. Specify it explicitly.
e: file:///C:/Users/lauri/git/MyHealthStatus/app/src/main/java/com/gregor/lauritz/healthdashboard/ui/workouts/WorkoutsViewModel.kt:99:43 Cannot infer type for type parameter 'C'. Specify it explicitly.
e: file:///C:/Users/lauri/git/MyHealthStatus/app/src/main/java/com/gregor/lauritz/healthdashboard/ui/workouts/WorkoutsViewModel.kt:100:18 Cannot infer type for type parameter 'T'. Specify it explicitly.
e: file:///C:/Users/lauri/git/MyHealthStatus/app/src/main/java/com/gregor/lauritz/healthdashboard/ui/workouts/WorkoutsViewModel.kt:100:18 Cannot infer type for type parameter 'R'. Specify it explicitly.
e: file:///C:/Users/lauri/git/MyHealthStatus/app/src/main/java/com/gregor/lauritz/healthdashboard/ui/workouts/WorkoutsViewModel.kt:100:34 Cannot infer type for type parameter 'T'. Specify it explicitly.
e: file:///C:/Users/lauri/git/MyHealthStatus/app/src/main/java/com/gregor/lauritz/healthdashboard/ui/workouts/WorkoutsViewModel.kt:100:34 Operator call 'component1()' is ambiguous for destructuring of type 'uninferred ??? (Unknown type for type parameter T)'. Applicable candidates:
fun <T> Array<out T>.component1(): T
fun ByteArray.component1(): Byte
fun ShortArray.component1(): Short
fun IntArray.component1(): Int
fun LongArray.component1(): Long
fun FloatArray.component1(): Float
fun DoubleArray.component1(): Double
fun BooleanArray.component1(): Boolean
fun CharArray.component1(): Char
fun <T> List<T>.component1(): T
fun <K, V> Map.Entry<K, V>.component1(): K
fun UIntArray.component1(): UInt
fun ULongArray.component1(): ULong
fun UByteArray.component1(): UByte
fun UShortArray.component1(): UShort
e: file:///C:/Users/lauri/git/MyHealthStatus/app/src/main/java/com/gregor/lauritz/healthdashboard/ui/workouts/WorkoutsViewModel.kt:100:34 Operator call 'component2()' is ambiguous for destructuring of type 'uninferred ??? (Unknown type for type parameter T)'. Applicable candidates:
fun <T> Array<out T>.component2(): T
fun ByteArray.component2(): Byte
fun ShortArray.component2(): Short
fun IntArray.component2(): Int
fun LongArray.component2(): Long
fun FloatArray.component2(): Float
fun DoubleArray.component2(): Double
fun BooleanArray.component2(): Boolean
fun CharArray.component2(): Char
fun <T> List<T>.component2(): T
fun <K, V> Map.Entry<K, V>.component2(): V
fun UIntArray.component2(): UInt
fun ULongArray.component2(): ULong
fun UByteArray.component2(): UByte
fun UShortArray.component2(): UShort
e: file:///C:/Users/lauri/git/MyHealthStatus/app/src/main/java/com/gregor/lauritz/healthdashboard/ui/workouts/WorkoutsViewModel.kt:100:34 Operator call 'component3()' is ambiguous for destructuring of type 'uninferred ??? (Unknown type for type parameter T)'. Applicable candidates:
fun <T> Array<out T>.component3(): T
fun ByteArray.component3(): Byte
fun ShortArray.component3(): Short
fun IntArray.component3(): Int
fun LongArray.component3(): Long
fun FloatArray.component3(): Float
fun DoubleArray.component3(): Double
fun BooleanArray.component3(): Boolean
fun CharArray.component3(): Char
fun <T> List<T>.component3(): T
fun UIntArray.component3(): UInt
fun ULongArray.component3(): ULong
fun UByteArray.component3(): UByte
fun UShortArray.component3(): UShort
e: file:///C:/Users/lauri/git/MyHealthStatus/app/src/main/java/com/gregor/lauritz/healthdashboard/ui/workouts/WorkoutsViewModel.kt:101:63 Unresolved reference 'getEarliestWorkoutTimestamp'.
e: file:///C:/Users/lauri/git/MyHealthStatus/app/src/main/java/com/gregor/lauritz/healthdashboard/ui/workouts/WorkoutsViewModel.kt:110:47 Unresolved reference 'fromMs'.
e: file:///C:/Users/lauri/git/MyHealthStatus/app/src/main/java/com/gregor/lauritz/healthdashboard/ui/workouts/WorkoutsViewModel.kt:113:82 Unresolved reference 'ScoringConstants'.
e: file:///C:/Users/lauri/git/MyHealthStatus/app/src/main/java/com/gregor/lauritz/healthdashboard/ui/workouts/WorkoutsViewModel.kt:117:30 Unresolved reference 'atStartOfDay'.
e: file:///C:/Users/lauri/git/MyHealthStatus/app/src/main/java/com/gregor/lauritz/healthdashboard/ui/workouts/WorkoutsViewModel.kt:123:52 Unresolved reference 'observeLatest'.
e: file:///C:/Users/lauri/git/MyHealthStatus/app/src/main/java/com/gregor/lauritz/healthdashboard/ui/workouts/WorkoutsViewModel.kt:125:29 Cannot infer type for type parameter 'T'. Specify it explicitly.
e: file:///C:/Users/lauri/git/MyHealthStatus/app/src/main/java/com/gregor/lauritz/healthdashboard/ui/workouts/WorkoutsViewModel.kt:126:61 Unresolved reference 'getByDate'.
e: file:///C:/Users/lauri/git/MyHealthStatus/app/src/main/java/com/gregor/lauritz/healthdashboard/ui/workouts/WorkoutsViewModel.kt:127:31 Cannot infer type for type parameter 'T'. Specify it explicitly.
e: file:///C:/Users/lauri/git/MyHealthStatus/app/src/main/java/com/gregor/lauritz/healthdashboard/ui/workouts/WorkoutsViewModel.kt:132:30 Unresolved reference 'minusDays'.
e: file:///C:/Users/lauri/git/MyHealthStatus/app/src/main/java/com/gregor/lauritz/healthdashboard/ui/workouts/WorkoutsViewModel.kt:138:25 Cannot infer type for type parameter 'T1'. Specify it explicitly.
e: file:///C:/Users/lauri/git/MyHealthStatus/app/src/main/java/com/gregor/lauritz/healthdashboard/ui/workouts/WorkoutsViewModel.kt:138:25 Cannot infer type for type parameter 'T2'. Specify it explicitly.
e: file:///C:/Users/lauri/git/MyHealthStatus/app/src/main/java/com/gregor/lauritz/healthdashboard/ui/workouts/WorkoutsViewModel.kt:138:25 Cannot infer type for type parameter 'T3'. Specify it explicitly.
e: file:///C:/Users/lauri/git/MyHealthStatus/app/src/main/java/com/gregor/lauritz/healthdashboard/ui/workouts/WorkoutsViewModel.kt:138:25 Cannot infer type for type parameter 'T4'. Specify it explicitly.
e: file:///C:/Users/lauri/git/MyHealthStatus/app/src/main/java/com/gregor/lauritz/healthdashboard/ui/workouts/WorkoutsViewModel.kt:138:25 Cannot infer type for type parameter 'T5'. Specify it explicitly.
e: file:///C:/Users/lauri/git/MyHealthStatus/app/src/main/java/com/gregor/lauritz/healthdashboard/ui/workouts/WorkoutsViewModel.kt:138:25 Cannot infer type for type parameter 'R'. Specify it explicitly.
e: file:///C:/Users/lauri/git/MyHealthStatus/app/src/main/java/com/gregor/lauritz/healthdashboard/ui/workouts/WorkoutsViewModel.kt:140:47 Unresolved reference 'observeSince'.
e: file:///C:/Users/lauri/git/MyHealthStatus/app/src/main/java/com/gregor/lauritz/healthdashboard/ui/workouts/WorkoutsViewModel.kt:141:52 Unresolved reference 'observeSince'.
e: file:///C:/Users/lauri/git/MyHealthStatus/app/src/main/java/com/gregor/lauritz/healthdashboard/ui/workouts/WorkoutsViewModel.kt:142:52 Unresolved reference 'observeSince'.
e: file:///C:/Users/lauri/git/MyHealthStatus/app/src/main/java/com/gregor/lauritz/healthdashboard/ui/workouts/WorkoutsViewModel.kt:143:42 Unresolved reference 'userPreferences'.
e: file:///C:/Users/lauri/git/MyHealthStatus/app/src/main/java/com/gregor/lauritz/healthdashboard/ui/workouts/WorkoutsViewModel.kt:144:29 Cannot infer type for type parameter 'T1'. Specify it explicitly.
e: file:///C:/Users/lauri/git/MyHealthStatus/app/src/main/java/com/gregor/lauritz/healthdashboard/ui/workouts/WorkoutsViewModel.kt:144:37 Cannot infer type for type parameter 'T2'. Specify it explicitly.
e: file:///C:/Users/lauri/git/MyHealthStatus/app/src/main/java/com/gregor/lauritz/healthdashboard/ui/workouts/WorkoutsViewModel.kt:144:50 Cannot infer type for type parameter 'T3'. Specify it explicitly.
e: file:///C:/Users/lauri/git/MyHealthStatus/app/src/main/java/com/gregor/lauritz/healthdashboard/ui/workouts/WorkoutsViewModel.kt:144:66 Cannot infer type for type parameter 'T4'. Specify it explicitly.
e: file:///C:/Users/lauri/git/MyHealthStatus/app/src/main/java/com/gregor/lauritz/healthdashboard/ui/workouts/WorkoutsViewModel.kt:144:80 Cannot infer type for type parameter 'T5'. Specify it explicitly.
e: file:///C:/Users/lauri/git/MyHealthStatus/app/src/main/java/com/gregor/lauritz/healthdashboard/ui/workouts/WorkoutsViewModel.kt:148:30 Cannot infer type for type parameter 'T'. Specify it explicitly.
e: file:///C:/Users/lauri/git/MyHealthStatus/app/src/main/java/com/gregor/lauritz/healthdashboard/ui/workouts/WorkoutsViewModel.kt:148:30 Cannot infer type for type parameter 'R'. Specify it explicitly.
e: file:///C:/Users/lauri/git/MyHealthStatus/app/src/main/java/com/gregor/lauritz/healthdashboard/ui/workouts/WorkoutsViewModel.kt:148:46 Cannot infer type for type parameter 'T'. Specify it explicitly.
e: file:///C:/Users/lauri/git/MyHealthStatus/app/src/main/java/com/gregor/lauritz/healthdashboard/ui/workouts/WorkoutsViewModel.kt:149:25 Cannot infer type for type parameter 'T'. Specify it explicitly.
e: file:///C:/Users/lauri/git/MyHealthStatus/app/src/main/java/com/gregor/lauritz/healthdashboard/ui/workouts/WorkoutsViewModel.kt:150:94 Operator call 'component1()' is ambiguous for destructuring of type 'uninferred ??? (Unknown type for type parameter T)'. Applicable candidates:
fun <T> Array<out T>.component1(): T
fun ByteArray.component1(): Byte
fun ShortArray.component1(): Short
fun IntArray.component1(): Int
fun LongArray.component1(): Long
fun FloatArray.component1(): Float
fun DoubleArray.component1(): Double
fun BooleanArray.component1(): Boolean
fun CharArray.component1(): Char
fun <T> List<T>.component1(): T
fun <K, V> Map.Entry<K, V>.component1(): K
fun UIntArray.component1(): UInt
fun ULongArray.component1(): ULong
fun UByteArray.component1(): UByte
fun UShortArray.component1(): UShort
e: file:///C:/Users/lauri/git/MyHealthStatus/app/src/main/java/com/gregor/lauritz/healthdashboard/ui/workouts/WorkoutsViewModel.kt:150:94 Operator call 'component2()' is ambiguous for destructuring of type 'uninferred ??? (Unknown type for type parameter T)'. Applicable candidates:
fun <T> Array<out T>.component2(): T
fun ByteArray.component2(): Byte
fun ShortArray.component2(): Short
fun IntArray.component2(): Int
fun LongArray.component2(): Long
fun FloatArray.component2(): Float
fun DoubleArray.component2(): Double
fun BooleanArray.component2(): Boolean
fun CharArray.component2(): Char
fun <T> List<T>.component2(): T
fun <K, V> Map.Entry<K, V>.component2(): V
fun UIntArray.component2(): UInt
fun ULongArray.component2(): ULong
fun UByteArray.component2(): UByte
fun UShortArray.component2(): UShort
e: file:///C:/Users/lauri/git/MyHealthStatus/app/src/main/java/com/gregor/lauritz/healthdashboard/ui/workouts/WorkoutsViewModel.kt:150:94 Operator call 'component3()' is ambiguous for destructuring of type 'uninferred ??? (Unknown type for type parameter T)'. Applicable candidates:
fun <T> Array<out T>.component3(): T
fun ByteArray.component3(): Byte
fun ShortArray.component3(): Short
fun IntArray.component3(): Int
fun LongArray.component3(): Long
fun FloatArray.component3(): Float
fun DoubleArray.component3(): Double
fun BooleanArray.component3(): Boolean
fun CharArray.component3(): Char
fun <T> List<T>.component3(): T
fun UIntArray.component3(): UInt
fun ULongArray.component3(): ULong
fun UByteArray.component3(): UByte
fun UShortArray.component3(): UShort
e: file:///C:/Users/lauri/git/MyHealthStatus/app/src/main/java/com/gregor/lauritz/healthdashboard/ui/workouts/WorkoutsViewModel.kt:150:94 Operator call 'component4()' is ambiguous for destructuring of type 'uninferred ??? (Unknown type for type parameter T)'. Applicable candidates:
fun <T> Array<out T>.component4(): T
fun ByteArray.component4(): Byte
fun ShortArray.component4(): Short
fun IntArray.component4(): Int
fun LongArray.component4(): Long
fun FloatArray.component4(): Float
fun DoubleArray.component4(): Double
fun BooleanArray.component4(): Boolean
fun CharArray.component4(): Char
fun <T> List<T>.component4(): T
fun UIntArray.component4(): UInt
fun ULongArray.component4(): ULong
fun UByteArray.component4(): UByte
fun UShortArray.component4(): UShort
e: file:///C:/Users/lauri/git/MyHealthStatus/app/src/main/java/com/gregor/lauritz/healthdashboard/ui/workouts/WorkoutsViewModel.kt:150:94 Operator call 'component5()' is ambiguous for destructuring of type 'uninferred ??? (Unknown type for type parameter T)'. Applicable candidates:
fun <T> Array<out T>.component5(): T
fun ByteArray.component5(): Byte
fun ShortArray.component5(): Short
fun IntArray.component5(): Int
fun LongArray.component5(): Long
fun FloatArray.component5(): Float
fun DoubleArray.component5(): Double
fun BooleanArray.component5(): Boolean
fun CharArray.component5(): Char
fun <T> List<T>.component5(): T
fun UIntArray.component5(): UInt
fun ULongArray.component5(): ULong
fun UByteArray.component5(): UByte
fun UShortArray.component5(): UShort
e: file:///C:/Users/lauri/git/MyHealthStatus/app/src/main/java/com/gregor/lauritz/healthdashboard/ui/workouts/WorkoutsViewModel.kt:154:37 Unresolved reference 'it'.
e: file:///C:/Users/lauri/git/MyHealthStatus/app/src/main/java/com/gregor/lauritz/healthdashboard/ui/workouts/WorkoutsViewModel.kt:159:50 Cannot infer type for value parameter 'summary'. Specify it explicitly.
e: file:///C:/Users/lauri/git/MyHealthStatus/app/src/main/java/com/gregor/lauritz/healthdashboard/ui/workouts/WorkoutsViewModel.kt:161:53 Unresolved reference 'date'.
e: file:///C:/Users/lauri/git/MyHealthStatus/app/src/main/java/com/gregor/lauritz/healthdashboard/ui/workouts/WorkoutsViewModel.kt:165:47 Cannot infer type for type parameter 'A'. Specify it explicitly.
e: file:///C:/Users/lauri/git/MyHealthStatus/app/src/main/java/com/gregor/lauritz/healthdashboard/ui/workouts/WorkoutsViewModel.kt:165:47 Cannot infer type for type parameter 'B'. Specify it explicitly.
e: file:///C:/Users/lauri/git/MyHealthStatus/app/src/main/java/com/gregor/lauritz/healthdashboard/ui/workouts/WorkoutsViewModel.kt:165:59 Unresolved reference 'totalTrimp'.
e: file:///C:/Users/lauri/git/MyHealthStatus/app/src/main/java/com/gregor/lauritz/healthdashboard/ui/workouts/WorkoutsViewModel.kt:170:50 Cannot infer type for value parameter 'summary'. Specify it explicitly.
e: file:///C:/Users/lauri/git/MyHealthStatus/app/src/main/java/com/gregor/lauritz/healthdashboard/ui/workouts/WorkoutsViewModel.kt:171:49 Unresolved reference 'date'.
e: file:///C:/Users/lauri/git/MyHealthStatus/app/src/main/java/com/gregor/lauritz/healthdashboard/ui/workouts/WorkoutsViewModel.kt:171:54 Cannot infer type for type parameter 'A'. Specify it explicitly.
e: file:///C:/Users/lauri/git/MyHealthStatus/app/src/main/java/com/gregor/lauritz/healthdashboard/ui/workouts/WorkoutsViewModel.kt:171:54 Cannot infer type for type parameter 'B'. Specify it explicitly.
e: file:///C:/Users/lauri/git/MyHealthStatus/app/src/main/java/com/gregor/lauritz/healthdashboard/ui/workouts/WorkoutsViewModel.kt:171:66 Unresolved reference 'totalTrimp'.
e: file:///C:/Users/lauri/git/MyHealthStatus/app/src/main/java/com/gregor/lauritz/healthdashboard/ui/workouts/WorkoutsViewModel.kt:175:43 Cannot infer type for type parameter 'E'. Specify it explicitly.
e: file:///C:/Users/lauri/git/MyHealthStatus/app/src/main/java/com/gregor/lauritz/healthdashboard/ui/workouts/WorkoutsViewModel.kt:175:49 Argument type mismatch: actual type is 'MutableList<uninferred E (of fun <E> buildList)>.() -> Unit', but 'MutableList<uninferred E (of fun <E> buildList)>.() -> Unit' was expected.
e: file:///C:/Users/lauri/git/MyHealthStatus/app/src/main/java/com/gregor/lauritz/healthdashboard/ui/workouts/WorkoutsViewModel.kt:179:45 Argument type mismatch: actual type is 'Long', but 'E (of fun <E> buildList)' was expected.
e: file:///C:/Users/lauri/git/MyHealthStatus/app/src/main/java/com/gregor/lauritz/healthdashboard/ui/workouts/WorkoutsViewModel.kt:184:60 Unresolved reference 'DailyDataPoint'.
e: file:///C:/Users/lauri/git/MyHealthStatus/app/src/main/java/com/gregor/lauritz/healthdashboard/ui/workouts/WorkoutsViewModel.kt:185:66 Unresolved reference 'DailyDataPoint'.
e: file:///C:/Users/lauri/git/MyHealthStatus/app/src/main/java/com/gregor/lauritz/healthdashboard/ui/workouts/WorkoutsViewModel.kt:187:49 Cannot infer type for type parameter 'T'. Specify it explicitly.
e: file:///C:/Users/lauri/git/MyHealthStatus/app/src/main/java/com/gregor/lauritz/healthdashboard/ui/workouts/WorkoutsViewModel.kt:187:49 Unresolved reference. None of the following candidates is applicable because of a receiver type mismatch:
fun <T> Iterable<T>.forEachIndexed(action: (Int, T) -> Unit): Unit
e: file:///C:/Users/lauri/git/MyHealthStatus/app/src/main/java/com/gregor/lauritz/healthdashboard/ui/workouts/WorkoutsViewModel.kt:187:69 Cannot infer type for type parameter 'T'. Specify it explicitly.
e: file:///C:/Users/lauri/git/MyHealthStatus/app/src/main/java/com/gregor/lauritz/healthdashboard/ui/workouts/WorkoutsViewModel.kt:188:56 Argument type mismatch: actual type is 'uninferred E (of fun <E> buildList)', but 'Long' was expected.
e: file:///C:/Users/lauri/git/MyHealthStatus/app/src/main/java/com/gregor/lauritz/healthdashboard/ui/workouts/WorkoutsViewModel.kt:189:44 Inapplicable candidate(s): fun add(element: ??? (Unknown type for type parameter T)): Boolean
e: file:///C:/Users/lauri/git/MyHealthStatus/app/src/main/java/com/gregor/lauritz/healthdashboard/ui/workouts/WorkoutsViewModel.kt:190:37 Unresolved reference 'DailyDataPoint'.
e: file:///C:/Users/lauri/git/MyHealthStatus/app/src/main/java/com/gregor/lauritz/healthdashboard/ui/workouts/WorkoutsViewModel.kt:196:49 Argument type mismatch: actual type is 'Float', but 'K (of fun <K> WHEN_CALL)' was expected.
e: file:///C:/Users/lauri/git/MyHealthStatus/app/src/main/java/com/gregor/lauritz/healthdashboard/ui/workouts/WorkoutsViewModel.kt:198:49 Null cannot be a value of a non-null type 'uninferred K (of fun <K> WHEN_CALL)'.
e: file:///C:/Users/lauri/git/MyHealthStatus/app/src/main/java/com/gregor/lauritz/healthdashboard/ui/workouts/WorkoutsViewModel.kt:203:75 Argument type mismatch: actual type is 'uninferred E (of fun <E> buildList)', but 'Long' was expected.
e: file:///C:/Users/lauri/git/MyHealthStatus/app/src/main/java/com/gregor/lauritz/healthdashboard/ui/workouts/WorkoutsViewModel.kt:203:95 Argument type mismatch: actual type is 'ZoneId!', but 'ZoneId!' was expected.
e: file:///C:/Users/lauri/git/MyHealthStatus/app/src/main/java/com/gregor/lauritz/healthdashboard/ui/workouts/WorkoutsViewModel.kt:207:41 Argument type mismatch: actual type is 'Int', but 'K (of fun <K> WHEN_CALL)' was expected.
e: file:///C:/Users/lauri/git/MyHealthStatus/app/src/main/java/com/gregor/lauritz/healthdashboard/ui/workouts/WorkoutsViewModel.kt:209:41 Argument type mismatch: actual type is 'Int', but 'K (of fun <K> WHEN_CALL)' was expected.
e: file:///C:/Users/lauri/git/MyHealthStatus/app/src/main/java/com/gregor/lauritz/healthdashboard/ui/workouts/WorkoutsViewModel.kt:213:56 Cannot infer type for type parameter 'T'. Specify it explicitly.
e: file:///C:/Users/lauri/git/MyHealthStatus/app/src/main/java/com/gregor/lauritz/healthdashboard/ui/workouts/WorkoutsViewModel.kt:213:56 Unresolved reference. None of the following candidates is applicable because of a receiver type mismatch:
fun <T> Comparable<T>.compareTo(other: T): Int
e: file:///C:/Users/lauri/git/MyHealthStatus/app/src/main/java/com/gregor/lauritz/healthdashboard/ui/workouts/WorkoutsViewModel.kt:215:63 Unresolved reference 'computeCtlEmaWithDecay'.
e: file:///C:/Users/lauri/git/MyHealthStatus/app/src/main/java/com/gregor/lauritz/healthdashboard/ui/workouts/WorkoutsViewModel.kt:220:63 Unresolved reference 'computeAtlEmaWithDecay'.
e: file:///C:/Users/lauri/git/MyHealthStatus/app/src/main/java/com/gregor/lauritz/healthdashboard/ui/workouts/WorkoutsViewModel.kt:224:59 Unresolved reference 'computeStrainRatio'.
e: file:///C:/Users/lauri/git/MyHealthStatus/app/src/main/java/com/gregor/lauritz/healthdashboard/ui/workouts/WorkoutsViewModel.kt:226:41 Null cannot be a value of a non-null type 'uninferred K (of fun <K> WHEN_CALL)'.
e: file:///C:/Users/lauri/git/MyHealthStatus/app/src/main/java/com/gregor/lauritz/healthdashboard/ui/workouts/WorkoutsViewModel.kt:228:50 Inapplicable candidate(s): fun add(element: ??? (Unknown type for type parameter T)): Boolean
e: file:///C:/Users/lauri/git/MyHealthStatus/app/src/main/java/com/gregor/lauritz/healthdashboard/ui/workouts/WorkoutsViewModel.kt:228:54 Unresolved reference 'DailyDataPoint'.
e: file:///C:/Users/lauri/git/MyHealthStatus/app/src/main/java/com/gregor/lauritz/healthdashboard/ui/workouts/WorkoutsViewModel.kt:231:78 Unresolved reference 'it'.
e: file:///C:/Users/lauri/git/MyHealthStatus/app/src/main/java/com/gregor/lauritz/healthdashboard/ui/workouts/WorkoutsViewModel.kt:233:76 Unresolved reference 'it'.
e: file:///C:/Users/lauri/git/MyHealthStatus/app/src/main/java/com/gregor/lauritz/healthdashboard/ui/workouts/WorkoutsViewModel.kt:239:42 Unresolved reference 'ComputeWorkoutTrimpUseCase'.
e: file:///C:/Users/lauri/git/MyHealthStatus/app/src/main/java/com/gregor/lauritz/healthdashboard/ui/workouts/WorkoutsViewModel.kt:241:45 Method 'iterator()' is ambiguous for this expression. Applicable candidates:
fun <T> Enumeration<T>.iterator(): Iterator<T>
fun <T> Iterator<T>.iterator(): Iterator<T>
fun <K, V> Map<out K, V>.iterator(): Iterator<Map.Entry<K, V>>
fun <K, V> MutableMap<K, V>.iterator(): MutableIterator<MutableMap.MutableEntry<K, V>>
fun CharSequence.iterator(): CharIterator
fun BufferedInputStream.iterator(): ByteIterator
e: file:///C:/Users/lauri/git/MyHealthStatus/app/src/main/java/com/gregor/lauritz/healthdashboard/ui/workouts/WorkoutsViewModel.kt:242:67 Unresolved reference 'getByTimeRange'.
e: file:///C:/Users/lauri/git/MyHealthStatus/app/src/main/java/com/gregor/lauritz/healthdashboard/ui/workouts/WorkoutsViewModel.kt:243:33 Unresolved reference. None of the following candidates is applicable because of a receiver type mismatch:
fun <K, V> MutableMap<K, V>.set(key: K, value: V): Unit
e: file:///C:/Users/lauri/git/MyHealthStatus/app/src/main/java/com/gregor/lauritz/healthdashboard/ui/workouts/WorkoutsViewModel.kt:244:45 Cannot infer type for type parameter 'T'. Specify it explicitly.
e: file:///C:/Users/lauri/git/MyHealthStatus/app/src/main/java/com/gregor/lauritz/healthdashboard/ui/workouts/WorkoutsViewModel.kt:244:45 Cannot infer type for type parameter 'R'. Specify it explicitly.
e: file:///C:/Users/lauri/git/MyHealthStatus/app/src/main/java/com/gregor/lauritz/healthdashboard/ui/workouts/WorkoutsViewModel.kt:244:49 Cannot infer type for type parameter 'T'. Specify it explicitly.
e: file:///C:/Users/lauri/git/MyHealthStatus/app/src/main/java/com/gregor/lauritz/healthdashboard/ui/workouts/WorkoutsViewModel.kt:245:91 Unresolved reference 'ComputeWorkoutTrimpUseCase'.
e: file:///C:/Users/lauri/git/MyHealthStatus/app/src/main/java/com/gregor/lauritz/healthdashboard/ui/workouts/WorkoutsViewModel.kt:247:95 Unresolved reference 'timestampMs'.
e: file:///C:/Users/lauri/git/MyHealthStatus/app/src/main/java/com/gregor/lauritz/healthdashboard/ui/workouts/WorkoutsViewModel.kt:248:58 Unresolved reference 'beatsPerMinute'.
e: file:///C:/Users/lauri/git/MyHealthStatus/app/src/main/java/com/gregor/lauritz/healthdashboard/ui/workouts/WorkoutsViewModel.kt:255:38 Cannot infer type for type parameter 'T'. Specify it explicitly.
e: file:///C:/Users/lauri/git/MyHealthStatus/app/src/main/java/com/gregor/lauritz/healthdashboard/ui/workouts/WorkoutsViewModel.kt:255:38 Cannot infer type for type parameter 'R'. Specify it explicitly.
e: file:///C:/Users/lauri/git/MyHealthStatus/app/src/main/java/com/gregor/lauritz/healthdashboard/ui/workouts/WorkoutsViewModel.kt:255:38 Unresolved reference. None of the following candidates is applicable because of a receiver type mismatch:
fun <T, R> Flow<T>.map(crossinline transform: suspend (T) -> R): Flow<R>
e: file:///C:/Users/lauri/git/MyHealthStatus/app/src/main/java/com/gregor/lauritz/healthdashboard/ui/workouts/WorkoutsViewModel.kt:255:44 Cannot infer type for type parameter 'T'. Specify it explicitly.
e: file:///C:/Users/lauri/git/MyHealthStatus/app/src/main/java/com/gregor/lauritz/healthdashboard/ui/workouts/WorkoutsViewModel.kt:259:61 Unresolved reference 'startTime'.
e: file:///C:/Users/lauri/git/MyHealthStatus/app/src/main/java/com/gregor/lauritz/healthdashboard/ui/workouts/WorkoutsViewModel.kt:262:59 Cannot infer type for type parameter 'V'. Specify it explicitly.
e: file:///C:/Users/lauri/git/MyHealthStatus/app/src/main/java/com/gregor/lauritz/healthdashboard/ui/workouts/WorkoutsViewModel.kt:262:87 Unresolved reference 'restingHrBaseline'.
e: file:///C:/Users/lauri/git/MyHealthStatus/app/src/main/java/com/gregor/lauritz/healthdashboard/ui/workouts/WorkoutsViewModel.kt:263:82 Unresolved reference 'id'.
e: file:///C:/Users/lauri/git/MyHealthStatus/app/src/main/java/com/gregor/lauritz/healthdashboard/ui/workouts/WorkoutsViewModel.kt:263:89 Cannot infer type for type parameter 'T'. Specify it explicitly.
e: file:///C:/Users/lauri/git/MyHealthStatus/app/src/main/java/com/gregor/lauritz/healthdashboard/ui/workouts/WorkoutsViewModel.kt:266:72 Unresolved reference 'execute'.
e: file:///C:/Users/lauri/git/MyHealthStatus/app/src/main/java/com/gregor/lauritz/healthdashboard/ui/workouts/WorkoutsViewModel.kt:267:76 Unresolved reference 'startTime'.
e: file:///C:/Users/lauri/git/MyHealthStatus/app/src/main/java/com/gregor/lauritz/healthdashboard/ui/workouts/WorkoutsViewModel.kt:268:74 Unresolved reference 'endTime'.
e: file:///C:/Users/lauri/git/MyHealthStatus/app/src/main/java/com/gregor/lauritz/healthdashboard/ui/workouts/WorkoutsViewModel.kt:269:72 Unresolved reference 'avgHr'.
e: file:///C:/Users/lauri/git/MyHealthStatus/app/src/main/java/com/gregor/lauritz/healthdashboard/ui/workouts/WorkoutsViewModel.kt:273:71 Unresolved reference 'trimp'.
e: file:///C:/Users/lauri/git/MyHealthStatus/app/src/main/java/com/gregor/lauritz/healthdashboard/ui/workouts/WorkoutsViewModel.kt:275:41 Inapplicable candidate(s): constructor(workout: ??? (Unresolved qualified name: WorkoutData), computedTrimp: Float): WorkoutDisplayItem
e: file:///C:/Users/lauri/git/MyHealthStatus/app/src/main/java/com/gregor/lauritz/healthdashboard/ui/workouts/WorkoutsViewModel.kt:280:46 Argument type mismatch: actual type is 'MutableList<uninferred ??? (Unknown type for type parameter T)>', but 'List<??? (Unresolved qualified name: DailyDataPoint)>' was expected.
e: file:///C:/Users/lauri/git/MyHealthStatus/app/src/main/java/com/gregor/lauritz/healthdashboard/ui/workouts/WorkoutsViewModel.kt:281:52 Argument type mismatch: actual type is 'MutableList<uninferred ??? (Unknown type for type parameter T)>', but 'List<??? (Unresolved qualified name: DailyDataPoint)>' was expected.
e: file:///C:/Users/lauri/git/MyHealthStatus/app/src/main/java/com/gregor/lauritz/healthdashboard/ui/workouts/WorkoutsViewModel.kt:282:50 Argument type mismatch: actual type is 'Flow<uninferred R (of fun <T, R> Flow<T>.map)>', but 'List<WorkoutDisplayItem>' was expected.
e: file:///C:/Users/lauri/git/MyHealthStatus/app/src/main/java/com/gregor/lauritz/healthdashboard/ui/workouts/WorkoutsViewModel.kt:286:53 Argument type mismatch: actual type is 'List<Pair<String, Float>>', but 'List<Pair<String, Float>>' was expected.
e: file:///C:/Users/lauri/git/MyHealthStatus/app/src/main/java/com/gregor/lauritz/healthdashboard/ui/workouts/WorkoutsViewModel.kt:287:57 Unresolved reference 'paiScore'.
e: file:///C:/Users/lauri/git/MyHealthStatus/app/src/main/java/com/gregor/lauritz/healthdashboard/ui/workouts/WorkoutsViewModel.kt:289:31 Unresolved reference. None of the following candidates is applicable because of a receiver type mismatch:
fun <T> T.also(block: (T) -> Unit): T
e: file:///C:/Users/lauri/git/MyHealthStatus/app/src/main/java/com/gregor/lauritz/healthdashboard/ui/workouts/WorkoutsViewModel.kt:289:43 Argument type mismatch: actual type is 'WorkoutsUiState', but 'T (of fun <T> flow)' was expected.
e: file:///C:/Users/lauri/git/MyHealthStatus/app/src/main/java/com/gregor/lauritz/healthdashboard/ui/workouts/WorkoutsViewModel.kt:292:19 Cannot infer type for type parameter 'T'. Specify it explicitly.
e: file:///C:/Users/lauri/git/MyHealthStatus/app/src/main/java/com/gregor/lauritz/healthdashboard/ui/workouts/WorkoutsViewModel.kt:301:29 Unresolved reference 'DailySummary'.
e: file:///C:/Users/lauri/git/MyHealthStatus/app/src/main/java/com/gregor/lauritz/healthdashboard/ui/workouts/WorkoutsViewModel.kt:306:53 Unresolved reference 'it'.
e: file:///C:/Users/lauri/git/MyHealthStatus/app/src/main/java/com/gregor/lauritz/healthdashboard/ui/workouts/WorkoutsViewModel.kt:307:44 Unresolved reference 'paiScore'.
e: file:///C:/Users/lauri/git/MyHealthStatus/app/src/main/java/com/gregor/lauritz/healthdashboard/ui/workouts/WorkoutsViewModel.kt:311:36 Unresolved reference 'TimeRange'.
e: file:///C:/Users/lauri/git/MyHealthStatus/app/src/main/java/com/gregor/lauritz/healthdashboard/ui/workouts/WorkoutsViewModel.kt:313:13 Cannot infer type for type parameter 'T'. Specify it explicitly.
e: file:///C:/Users/lauri/git/MyHealthStatus/app/src/main/java/com/gregor/lauritz/healthdashboard/ui/workouts/WorkoutsViewModel.kt:318:40 Unresolved reference 'selectPreviousDay'.
e: file:///C:/Users/lauri/git/MyHealthStatus/app/src/main/java/com/gregor/lauritz/healthdashboard/ui/workouts/WorkoutsViewModel.kt:324:40 Unresolved reference 'selectNextDay'.

> Task :app:compileDebugKotlin FAILED
> Task :app:copyRoomSchemas NO-SOURCE
w: Detected multiple Kotlin daemon sessions at 

FAILURE: Build failed with an exception.

* What went wrong:
Execution failed for task ':app:compileDebugKotlin' (registered by plugin 'com.android.internal.application').
> A failure occurred while executing org.jetbrains.kotlin.compilerRunner.btapi.BuildToolsApiCompilationWork
   > Compilation error. See log for more details

* Try:
> Run with --stacktrace option to get the stack trace.
> Run with --info or --debug option to get more log output.
> Run with --scan to get full insights from a Build Scan (powered by Develocity).
> Get more help at https://help.gradle.org.

BUILD FAILED in 2m 43s
29 actionable tasks: 2 executed, 27 up-to-date
